Archive member included to satisfy reference by file (symbol)

e:/downloaded/stm32cubeide_1.7.0/stm32cubeide/plugins/com.st.stm32cube.ide.mcu.externaltools.gnu-tools-for-stm32.9-2020-q2-update.win32_2.0.0.202105311346/tools/bin/../lib/gcc/arm-none-eabi/9.3.1/../../../../arm-none-eabi/lib/thumb/v7e-m+fp/hard\libc_nano.a(lib_a-errno.o)
                              ./Core/Src/syscalls.o (__errno)
e:/downloaded/stm32cubeide_1.7.0/stm32cubeide/plugins/com.st.stm32cube.ide.mcu.externaltools.gnu-tools-for-stm32.9-2020-q2-update.win32_2.0.0.202105311346/tools/bin/../lib/gcc/arm-none-eabi/9.3.1/../../../../arm-none-eabi/lib/thumb/v7e-m+fp/hard\libc_nano.a(lib_a-exit.o)
                              e:/downloaded/stm32cubeide_1.7.0/stm32cubeide/plugins/com.st.stm32cube.ide.mcu.externaltools.gnu-tools-for-stm32.9-2020-q2-update.win32_2.0.0.202105311346/tools/bin/../lib/gcc/arm-none-eabi/9.3.1/../../../../arm-none-eabi/lib/thumb/v7e-m+fp/hard/crt0.o (exit)
e:/downloaded/stm32cubeide_1.7.0/stm32cubeide/plugins/com.st.stm32cube.ide.mcu.externaltools.gnu-tools-for-stm32.9-2020-q2-update.win32_2.0.0.202105311346/tools/bin/../lib/gcc/arm-none-eabi/9.3.1/../../../../arm-none-eabi/lib/thumb/v7e-m+fp/hard\libc_nano.a(lib_a-impure.o)
                              e:/downloaded/stm32cubeide_1.7.0/stm32cubeide/plugins/com.st.stm32cube.ide.mcu.externaltools.gnu-tools-for-stm32.9-2020-q2-update.win32_2.0.0.202105311346/tools/bin/../lib/gcc/arm-none-eabi/9.3.1/../../../../arm-none-eabi/lib/thumb/v7e-m+fp/hard\libc_nano.a(lib_a-exit.o) (_global_impure_ptr)
e:/downloaded/stm32cubeide_1.7.0/stm32cubeide/plugins/com.st.stm32cube.ide.mcu.externaltools.gnu-tools-for-stm32.9-2020-q2-update.win32_2.0.0.202105311346/tools/bin/../lib/gcc/arm-none-eabi/9.3.1/../../../../arm-none-eabi/lib/thumb/v7e-m+fp/hard\libc_nano.a(lib_a-init.o)
                              e:/downloaded/stm32cubeide_1.7.0/stm32cubeide/plugins/com.st.stm32cube.ide.mcu.externaltools.gnu-tools-for-stm32.9-2020-q2-update.win32_2.0.0.202105311346/tools/bin/../lib/gcc/arm-none-eabi/9.3.1/../../../../arm-none-eabi/lib/thumb/v7e-m+fp/hard/crt0.o (__libc_init_array)
e:/downloaded/stm32cubeide_1.7.0/stm32cubeide/plugins/com.st.stm32cube.ide.mcu.externaltools.gnu-tools-for-stm32.9-2020-q2-update.win32_2.0.0.202105311346/tools/bin/../lib/gcc/arm-none-eabi/9.3.1/../../../../arm-none-eabi/lib/thumb/v7e-m+fp/hard\libc_nano.a(lib_a-memset.o)
                              e:/downloaded/stm32cubeide_1.7.0/stm32cubeide/plugins/com.st.stm32cube.ide.mcu.externaltools.gnu-tools-for-stm32.9-2020-q2-update.win32_2.0.0.202105311346/tools/bin/../lib/gcc/arm-none-eabi/9.3.1/../../../../arm-none-eabi/lib/thumb/v7e-m+fp/hard/crt0.o (memset)
e:/downloaded/stm32cubeide_1.7.0/stm32cubeide/plugins/com.st.stm32cube.ide.mcu.externaltools.gnu-tools-for-stm32.9-2020-q2-update.win32_2.0.0.202105311346/tools/bin/../lib/gcc/arm-none-eabi/9.3.1/../../../../arm-none-eabi/lib/thumb/v7e-m+fp/hard\libc_nano.a(lib_a-strlen.o)
                              ./Core/Src/lcd.o (strlen)
e:/downloaded/stm32cubeide_1.7.0/stm32cubeide/plugins/com.st.stm32cube.ide.mcu.externaltools.gnu-tools-for-stm32.9-2020-q2-update.win32_2.0.0.202105311346/tools/bin/../lib/gcc/arm-none-eabi/9.3.1/thumb/v7e-m+fp/hard\libgcc.a(_aeabi_uldivmod.o)
                              ./Drivers/STM32F4xx_HAL_Driver/Src/stm32f4xx_hal_rcc.o (__aeabi_uldivmod)
e:/downloaded/stm32cubeide_1.7.0/stm32cubeide/plugins/com.st.stm32cube.ide.mcu.externaltools.gnu-tools-for-stm32.9-2020-q2-update.win32_2.0.0.202105311346/tools/bin/../lib/gcc/arm-none-eabi/9.3.1/thumb/v7e-m+fp/hard\libgcc.a(_udivmoddi4.o)
                              e:/downloaded/stm32cubeide_1.7.0/stm32cubeide/plugins/com.st.stm32cube.ide.mcu.externaltools.gnu-tools-for-stm32.9-2020-q2-update.win32_2.0.0.202105311346/tools/bin/../lib/gcc/arm-none-eabi/9.3.1/thumb/v7e-m+fp/hard\libgcc.a(_aeabi_uldivmod.o) (__udivmoddi4)
e:/downloaded/stm32cubeide_1.7.0/stm32cubeide/plugins/com.st.stm32cube.ide.mcu.externaltools.gnu-tools-for-stm32.9-2020-q2-update.win32_2.0.0.202105311346/tools/bin/../lib/gcc/arm-none-eabi/9.3.1/thumb/v7e-m+fp/hard\libgcc.a(_dvmd_tls.o)
                              e:/downloaded/stm32cubeide_1.7.0/stm32cubeide/plugins/com.st.stm32cube.ide.mcu.externaltools.gnu-tools-for-stm32.9-2020-q2-update.win32_2.0.0.202105311346/tools/bin/../lib/gcc/arm-none-eabi/9.3.1/thumb/v7e-m+fp/hard\libgcc.a(_aeabi_uldivmod.o) (__aeabi_ldiv0)

Allocating common symbols
Common symbol       size              file

ds3231_sec          0x1               ./Core/Src/ds3231.o
ds3231_year         0x1               ./Core/Src/ds3231.o
hi2c1               0x54              ./Core/Src/i2c.o
uwTick              0x4               ./Drivers/STM32F4xx_HAL_Driver/Src/stm32f4xx_hal.o
pFlash              0x20              ./Drivers/STM32F4xx_HAL_Driver/Src/stm32f4xx_hal_flash.o
hsram1              0x50              ./Core/Src/fsmc.o
button_count        0x20              ./Core/Src/button.o
[...]
Memory Configuration

Name             Origin             Length             Attributes
CCMRAM           0x0000000010000000 0x0000000000010000 xrw
RAM              0x0000000020000000 0x0000000000020000 xrw
FLASH            0x0000000008000000 0x0000000000100000 xr
*default*        0x0000000000000000 0xffffffffffffffff

Linker script and memory map

LOAD e:/downloaded/stm32cubeide_1.7.0/stm32cubeide/plugins/com.st.stm32cube.ide.mcu.externaltools.gnu-tools-for-stm32.9-2020-q2-update.win32_2.0.0.202105311346/tools/bin/../lib/gcc/arm-none-eabi/9.3.1/thumb/v7e-m+fp/hard/crti.o
LOAD e:/downloaded/stm32cubeide_1.7.0/stm32cubeide/plugins/com.st.stm32cube.ide.mcu.externaltools.gnu-tools-for-stm32.9-2020-q2-update.win32_2.0.0.202105311346/tools/bin/../lib/gcc/arm-none-eabi/9.3.1/thumb/v7e-m+fp/hard/crtbegin.o
LOAD e:/downloaded/stm32cubeide_1.7.0/stm32cubeide/plugins/com.st.stm32cube.ide.mcu.externaltools.gnu-tools-for-stm32.9-2020-q2-update.win32_2.0.0.202105311346/tools/bin/../lib/gcc/arm-none-eabi/9.3.1/../../../../arm-none-eabi/lib/thumb/v7e-m+fp/hard/crt0.o
LOAD ./Core/Src/button.o
LOAD ./Core/Src/ds3231.o
LOAD ./Core/Src/fsmc.o
LOAD ./Core/Src/gpio.o
LOAD ./Core/Src/i2c.o
LOAD ./Core/Src/lcd.o
LOAD ./Core/Src/led_7seg.o
LOAD ./Core/Src/main.o
LOAD ./Core/Src/picture.o
LOAD ./Core/Src/software_timer.o
LOAD ./Core/Src/spi.o
LOAD ./Core/Src/stm32f4xx_hal_msp.o
LOAD ./Core/Src/stm32f4xx_it.o
LOAD ./Core/Src/syscalls.o
LOAD ./Core/Src/sysmem.o
LOAD ./Core/Src/system_stm32f4xx.o
LOAD ./Core/Src/tim.o
LOAD ./Core/Src/utils.o
LOAD ./Core/Startup/startup_stm32f407zetx.o
LOAD ./Drivers/STM32F4xx_HAL_Driver/Src/stm32f4xx_hal.o
LOAD ./Drivers/STM32F4xx_HAL_Driver/Src/stm32f4xx_hal_cortex.o
LOAD ./Drivers/STM32F4xx_HAL_Driver/Src/stm32f4xx_hal_dma.o
LOAD ./Drivers/STM32F4xx_HAL_Driver/Src/stm32f4xx_hal_dma_ex.o
LOAD ./Drivers/STM32F4xx_HAL_Driver/Src/stm32f4xx_hal_exti.o
LOAD ./Drivers/STM32F4xx_HAL_Driver/Src/stm32f4xx_hal_flash.o
LOAD ./Drivers/STM32F4xx_HAL_Driver/Src/stm32f4xx_hal_flash_ex.o
LOAD ./Drivers/STM32F4xx_HAL_Driver/Src/stm32f4xx_hal_flash_ramfunc.o
LOAD ./Drivers/STM32F4xx_HAL_Driver/Src/stm32f4xx_hal_gpio.o
LOAD ./Drivers/STM32F4xx_HAL_Driver/Src/stm32f4xx_hal_i2c.o
LOAD ./Drivers/STM32F4xx_HAL_Driver/Src/stm32f4xx_hal_i2c_ex.o
LOAD ./Drivers/STM32F4xx_HAL_Driver/Src/stm32f4xx_hal_pwr.o
LOAD ./Drivers/STM32F4xx_HAL_Driver/Src/stm32f4xx_hal_pwr_ex.o
LOAD ./Drivers/STM32F4xx_HAL_Driver/Src/stm32f4xx_hal_rcc.o
LOAD ./Drivers/STM32F4xx_HAL_Driver/Src/stm32f4xx_hal_rcc_ex.o
LOAD ./Drivers/STM32F4xx_HAL_Driver/Src/stm32f4xx_hal_spi.o
LOAD ./Drivers/STM32F4xx_HAL_Driver/Src/stm32f4xx_hal_sram.o
LOAD ./Drivers/STM32F4xx_HAL_Driver/Src/stm32f4xx_hal_tim.o
LOAD ./Drivers/STM32F4xx_HAL_Driver/Src/stm32f4xx_hal_tim_ex.o
LOAD ./Drivers/STM32F4xx_HAL_Driver/Src/stm32f4xx_ll_fsmc.o
START GROUP
LOAD e:/downloaded/stm32cubeide_1.7.0/stm32cubeide/plugins/com.st.stm32cube.ide.mcu.externaltools.gnu-tools-for-stm32.9-2020-q2-update.win32_2.0.0.202105311346/tools/bin/../lib/gcc/arm-none-eabi/9.3.1/../../../../arm-none-eabi/lib/thumb/v7e-m+fp/hard\libc_nano.a
LOAD e:/downloaded/stm32cubeide_1.7.0/stm32cubeide/plugins/com.st.stm32cube.ide.mcu.externaltools.gnu-tools-for-stm32.9-2020-q2-update.win32_2.0.0.202105311346/tools/bin/../lib/gcc/arm-none-eabi/9.3.1/../../../../arm-none-eabi/lib/thumb/v7e-m+fp/hard\libm.a
END GROUP
START GROUP
LOAD e:/downloaded/stm32cubeide_1.7.0/stm32cubeide/plugins/com.st.stm32cube.ide.mcu.externaltools.gnu-tools-for-stm32.9-2020-q2-update.win32_2.0.0.202105311346/tools/bin/../lib/gcc/arm-none-eabi/9.3.1/thumb/v7e-m+fp/hard\libgcc.a
LOAD e:/downloaded/stm32cubeide_1.7.0/stm32cubeide/plugins/com.st.stm32cube.ide.mcu.externaltools.gnu-tools-for-stm32.9-2020-q2-update.win32_2.0.0.202105311346/tools/bin/../lib/gcc/arm-none-eabi/9.3.1/../../../../arm-none-eabi/lib/thumb/v7e-m+fp/hard\libc_nano.a
END GROUP
START GROUP
LOAD e:/downloaded/stm32cubeide_1.7.0/stm32cubeide/plugins/com.st.stm32cube.ide.mcu.externaltools.gnu-tools-for-stm32.9-2020-q2-update.win32_2.0.0.202105311346/tools/bin/../lib/gcc/arm-none-eabi/9.3.1/thumb/v7e-m+fp/hard\libgcc.a
LOAD e:/downloaded/stm32cubeide_1.7.0/stm32cubeide/plugins/com.st.stm32cube.ide.mcu.externaltools.gnu-tools-for-stm32.9-2020-q2-update.win32_2.0.0.202105311346/tools/bin/../lib/gcc/arm-none-eabi/9.3.1/../../../../arm-none-eabi/lib/thumb/v7e-m+fp/hard\libc_nano.a
LOAD e:/downloaded/stm32cubeide_1.7.0/stm32cubeide/plugins/com.st.stm32cube.ide.mcu.externaltools.gnu-tools-for-stm32.9-2020-q2-update.win32_2.0.0.202105311346/tools/bin/../lib/gcc/arm-none-eabi/9.3.1/../../../../arm-none-eabi/lib/thumb/v7e-m+fp/hard\libnosys.a
END GROUP
START GROUP
LOAD e:/downloaded/stm32cubeide_1.7.0/stm32cubeide/plugins/com.st.stm32cube.ide.mcu.externaltools.gnu-tools-for-stm32.9-2020-q2-update.win32_2.0.0.202105311346/tools/bin/../lib/gcc/arm-none-eabi/9.3.1/thumb/v7e-m+fp/hard\libgcc.a
LOAD e:/downloaded/stm32cubeide_1.7.0/stm32cubeide/plugins/com.st.stm32cube.ide.mcu.externaltools.gnu-tools-for-stm32.9-2020-q2-update.win32_2.0.0.202105311346/tools/bin/../lib/gcc/arm-none-eabi/9.3.1/../../../../arm-none-eabi/lib/thumb/v7e-m+fp/hard\libc_nano.a
LOAD e:/downloaded/stm32cubeide_1.7.0/stm32cubeide/plugins/com.st.stm32cube.ide.mcu.externaltools.gnu-tools-for-stm32.9-2020-q2-update.win32_2.0.0.202105311346/tools/bin/../lib/gcc/arm-none-eabi/9.3.1/../../../../arm-none-eabi/lib/thumb/v7e-m+fp/hard\libnosys.a
END GROUP
LOAD e:/downloaded/stm32cubeide_1.7.0/stm32cubeide/plugins/com.st.stm32cube.ide.mcu.externaltools.gnu-tools-for-stm32.9-2020-q2-update.win32_2.0.0.202105311346/tools/bin/../lib/gcc/arm-none-eabi/9.3.1/thumb/v7e-m+fp/hard/crtend.o
LOAD e:/downloaded/stm32cubeide_1.7.0/stm32cubeide/plugins/com.st.stm32cube.ide.mcu.externaltools.gnu-tools-for-stm32.9-2020-q2-update.win32_2.0.0.202105311346/tools/bin/../lib/gcc/arm-none-eabi/9.3.1/thumb/v7e-m+fp/hard/crtn.o
                0x0000000020020000                _estack = (ORIGIN (RAM) + LENGTH (RAM))
                0x0000000000000200                _Min_Heap_Size = 0x200
                0x0000000000000400                _Min_Stack_Size = 0x400

.isr_vector     0x0000000008000000      0x188
                0x0000000008000000                . = ALIGN (0x4)
 *(.isr_vector)
 .isr_vector    0x0000000008000000      0x188 ./Core/Startup/startup_stm32f407zetx.o
                0x0000000008000000                g_pfnVectors
                0x0000000008000188                . = ALIGN (0x4)

.text           0x0000000008000188     0x5204
                0x0000000008000188                . = ALIGN (0x4)
 *(.text)
 .text          0x0000000008000188       0x40 e:/downloaded/stm32cubeide_1.7.0/stm32cubeide/plugins/com.st.stm32cube.ide.mcu.externaltools.gnu-tools-for-stm32.9-2020-q2-update.win32_2.0.0.202105311346/tools/bin/../lib/gcc/arm-none-eabi/9.3.1/thumb/v7e-m+fp/hard/crtbegin.o
 .text          0x00000000080001c8       0x30 e:/downloaded/stm32cubeide_1.7.0/stm32cubeide/plugins/com.st.stm32cube.ide.mcu.externaltools.gnu-tools-for-stm32.9-2020-q2-update.win32_2.0.0.202105311346/tools/bin/../lib/gcc/arm-none-eabi/9.3.1/thumb/v7e-m+fp/hard\libgcc.a(_aeabi_uldivmod.o)
                0x00000000080001c8                __aeabi_uldivmod
 .text          0x00000000080001f8      0x2c4 e:/downloaded/stm32cubeide_1.7.0/stm32cubeide/plugins/com.st.stm32cube.ide.mcu.externaltools.gnu-tools-for-stm32.9-2020-q2-update.win32_2.0.0.202105311346/tools/bin/../lib/gcc/arm-none-eabi/9.3.1/thumb/v7e-m+fp/hard\libgcc.a(_udivmoddi4.o)
                0x00000000080001f8                __udivmoddi4
 .text          0x00000000080004bc        0x4 e:/downloaded/stm32cubeide_1.7.0/stm32cubeide/plugins/com.st.stm32cube.ide.mcu.externaltools.gnu-tools-for-stm32.9-2020-q2-update.win32_2.0.0.202105311346/tools/bin/../lib/gcc/arm-none-eabi/9.3.1/thumb/v7e-m+fp/hard\libgcc.a(_dvmd_tls.o)
                0x00000000080004bc                __aeabi_idiv0
                0x00000000080004bc                __aeabi_ldiv0
 *(.text*)
 .text.button_init
                0x00000000080004c0       0x18 ./Core/Src/button.o
                0x00000000080004c0                button_init
 .text.button_Scan
                0x00000000080004d8       0xd8 ./Core/Src/button.o
                0x00000000080004d8                button_Scan
 .text.ds3231_init
                0x00000000080005b0       0x88 ./Core/Src/ds3231.o
                0x00000000080005b0                ds3231_init
 .text.ds3231_Write
                0x0000000008000638       0x44 ./Core/Src/ds3231.o
                0x0000000008000638                ds3231_Write
 .text.ds3231_ReadTime
                0x000000000800067c       0xc8 ./Core/Src/ds3231.o
                0x000000000800067c                ds3231_ReadTime
 .text.MX_FSMC_Init
                0x0000000008000744       0xf4 ./Core/Src/fsmc.o
                0x0000000008000744                MX_FSMC_Init
 .text.HAL_FSMC_MspInit
                0x0000000008000838       0x98 ./Core/Src/fsmc.o
 .text.HAL_SRAM_MspInit
                0x00000000080008d0       0x14 ./Core/Src/fsmc.o
                0x00000000080008d0                HAL_SRAM_MspInit
 .text.MX_GPIO_Init
                0x00000000080008e4      0x1f0 ./Core/Src/gpio.o
                0x00000000080008e4                MX_GPIO_Init
 .text.MX_I2C1_Init
                0x0000000008000ad4       0x5c ./Core/Src/i2c.o
                0x0000000008000ad4                MX_I2C1_Init
 .text.HAL_I2C_MspInit
                0x0000000008000b30       0x90 ./Core/Src/i2c.o
                0x0000000008000b30                HAL_I2C_MspInit
 .text.LCD_WR_REG
                0x0000000008000bc0       0x20 ./Core/Src/lcd.o
                0x0000000008000bc0                LCD_WR_REG
 .text.LCD_WR_DATA
                0x0000000008000be0       0x20 ./Core/Src/lcd.o
                0x0000000008000be0                LCD_WR_DATA
 .text.LCD_RD_DATA
                0x0000000008000c00       0x24 ./Core/Src/lcd.o
                0x0000000008000c00                LCD_RD_DATA
 .text.lcd_AddressSet
                0x0000000008000c24       0x98 ./Core/Src/lcd.o
                0x0000000008000c24                lcd_AddressSet
 .text.lcd_Clear
                0x0000000008000cbc       0x74 ./Core/Src/lcd.o
                0x0000000008000cbc                lcd_Clear
 .text.lcd_DrawPoint
                0x0000000008000d30       0x2e ./Core/Src/lcd.o
                0x0000000008000d30                lcd_DrawPoint
 *fill*         0x0000000008000d5e        0x2 
 .text.lcd_ShowChar
                0x0000000008000d60      0x1a0 ./Core/Src/lcd.o
                0x0000000008000d60                lcd_ShowChar
 .text.mypow    0x0000000008000f00       0x38 ./Core/Src/lcd.o
                0x0000000008000f00                mypow
 .text.lcd_ShowIntNum
                0x0000000008000f38       0xfc ./Core/Src/lcd.o
                0x0000000008000f38                lcd_ShowIntNum
 .text.lcd_SetDir
                0x0000000008001034       0x48 ./Core/Src/lcd.o
                0x0000000008001034                lcd_SetDir
 .text.lcd_init
                0x000000000800107c      0x2c0 ./Core/Src/lcd.o
                0x000000000800107c                lcd_init
 .text.led7_init
                0x000000000800133c       0x18 ./Core/Src/led_7seg.o
                0x000000000800133c                led7_init
 .text.led7_Scan
                0x0000000008001354      0x118 ./Core/Src/led_7seg.o
                0x0000000008001354                led7_Scan
 .text.main     0x000000000800146c       0x50 ./Core/Src/main.o
                0x000000000800146c                main
 .text.SystemClock_Config
                0x00000000080014bc       0xd4 ./Core/Src/main.o
                0x00000000080014bc                SystemClock_Config
 .text.system_init
                0x0000000008001590       0x44 ./Core/Src/main.o
                0x0000000008001590                system_init
 .text.updateTime
                0x00000000080015d4       0x40 ./Core/Src/main.o
                0x00000000080015d4                updateTime
 .text.displayTime
                0x0000000008001614       0xfc ./Core/Src/main.o
                0x0000000008001614                displayTime
 .text.Error_Handler
                0x0000000008001710        0xa ./Core/Src/main.o
                0x0000000008001710                Error_Handler
 *fill*         0x000000000800171a        0x2 
 .text.timer_init
                0x000000000800171c       0x14 ./Core/Src/software_timer.o
                0x000000000800171c                timer_init
 .text.setTimer2
                0x0000000008001730       0x38 ./Core/Src/software_timer.o
                0x0000000008001730                setTimer2
 .text.HAL_TIM_PeriodElapsedCallback
                0x0000000008001768       0x54 ./Core/Src/software_timer.o
                0x0000000008001768                HAL_TIM_PeriodElapsedCallback
 .text.MX_SPI1_Init
                0x00000000080017bc       0x6c ./Core/Src/spi.o
                0x00000000080017bc                MX_SPI1_Init
 .text.HAL_SPI_MspInit
                0x0000000008001828       0x90 ./Core/Src/spi.o
                0x0000000008001828                HAL_SPI_MspInit
 .text.HAL_MspInit
                0x00000000080018b8       0x50 ./Core/Src/stm32f4xx_hal_msp.o
                0x00000000080018b8                HAL_MspInit
 .text.NMI_Handler
                0x0000000008001908        0x6 ./Core/Src/stm32f4xx_it.o
                0x0000000008001908                NMI_Handler
 .text.HardFault_Handler
                0x000000000800190e        0x6 ./Core/Src/stm32f4xx_it.o
                0x000000000800190e                HardFault_Handler
 .text.MemManage_Handler
                0x0000000008001914        0x6 ./Core/Src/stm32f4xx_it.o
                0x0000000008001914                MemManage_Handler
 .text.BusFault_Handler
                0x000000000800191a        0x6 ./Core/Src/stm32f4xx_it.o
                0x000000000800191a                BusFault_Handler
 .text.UsageFault_Handler
                0x0000000008001920        0x6 ./Core/Src/stm32f4xx_it.o
                0x0000000008001920                UsageFault_Handler
 .text.SVC_Handler
                0x0000000008001926        0xe ./Core/Src/stm32f4xx_it.o
                0x0000000008001926                SVC_Handler
 .text.DebugMon_Handler
                0x0000000008001934        0xe ./Core/Src/stm32f4xx_it.o
                0x0000000008001934                DebugMon_Handler
 .text.PendSV_Handler
                0x0000000008001942        0xe ./Core/Src/stm32f4xx_it.o
                0x0000000008001942                PendSV_Handler
 .text.SysTick_Handler
                0x0000000008001950        0xc ./Core/Src/stm32f4xx_it.o
                0x0000000008001950                SysTick_Handler
 .text.TIM2_IRQHandler
                0x000000000800195c       0x14 ./Core/Src/stm32f4xx_it.o
                0x000000000800195c                TIM2_IRQHandler
 .text.SystemInit
                0x0000000008001970       0x24 ./Core/Src/system_stm32f4xx.o
                0x0000000008001970                SystemInit
 .text.MX_TIM2_Init
                0x0000000008001994       0x98 ./Core/Src/tim.o
                0x0000000008001994                MX_TIM2_Init
 .text.HAL_TIM_Base_MspInit
                0x0000000008001a2c       0x4c ./Core/Src/tim.o
                0x0000000008001a2c                HAL_TIM_Base_MspInit
 .text.BCD2DEC  0x0000000008001a78       0x32 ./Core/Src/utils.o
                0x0000000008001a78                BCD2DEC
 *fill*         0x0000000008001aaa        0x2 
 .text.DEC2BCD  0x0000000008001aac       0x48 ./Core/Src/utils.o
                0x0000000008001aac                DEC2BCD
 .text.Reset_Handler
                0x0000000008001af4       0x50 ./Core/Startup/startup_stm32f407zetx.o
                0x0000000008001af4                Reset_Handler
 .text.Default_Handler
                0x0000000008001b44        0x2 ./Core/Startup/startup_stm32f407zetx.o
                0x0000000008001b44                RTC_Alarm_IRQHandler
                0x0000000008001b44                HASH_RNG_IRQHandler
                0x0000000008001b44                EXTI2_IRQHandler
                0x0000000008001b44                TIM8_CC_IRQHandler
                0x0000000008001b44                TIM1_CC_IRQHandler
                0x0000000008001b44                DMA2_Stream5_IRQHandler
                0x0000000008001b44                DMA1_Stream5_IRQHandler
                0x0000000008001b44                PVD_IRQHandler
                0x0000000008001b44                SDIO_IRQHandler
                0x0000000008001b44                TAMP_STAMP_IRQHandler
                0x0000000008001b44                CAN2_RX1_IRQHandler
                0x0000000008001b44                EXTI3_IRQHandler
                0x0000000008001b44                TIM8_TRG_COM_TIM14_IRQHandler
                0x0000000008001b44                TIM1_UP_TIM10_IRQHandler
                0x0000000008001b44                TIM8_UP_TIM13_IRQHandler
                0x0000000008001b44                I2C3_ER_IRQHandler
                0x0000000008001b44                EXTI0_IRQHandler
                0x0000000008001b44                I2C2_EV_IRQHandler
                0x0000000008001b44                DMA1_Stream2_IRQHandler
                0x0000000008001b44                CAN1_RX0_IRQHandler
                0x0000000008001b44                FPU_IRQHandler
                0x0000000008001b44                OTG_HS_WKUP_IRQHandler
                0x0000000008001b44                CAN2_SCE_IRQHandler
                0x0000000008001b44                DMA2_Stream2_IRQHandler
                0x0000000008001b44                SPI1_IRQHandler
                0x0000000008001b44                TIM6_DAC_IRQHandler
                0x0000000008001b44                TIM1_BRK_TIM9_IRQHandler
                0x0000000008001b44                DCMI_IRQHandler
                0x0000000008001b44                CAN2_RX0_IRQHandler
                0x0000000008001b44                DMA2_Stream3_IRQHandler
                0x0000000008001b44                USART6_IRQHandler
                0x0000000008001b44                USART3_IRQHandler
                0x0000000008001b44                CAN1_RX1_IRQHandler
                0x0000000008001b44                UART5_IRQHandler
                0x0000000008001b44                DMA2_Stream0_IRQHandler
                0x0000000008001b44                TIM4_IRQHandler
                0x0000000008001b44                I2C1_EV_IRQHandler
                0x0000000008001b44                DMA1_Stream6_IRQHandler
                0x0000000008001b44                DMA1_Stream1_IRQHandler
                0x0000000008001b44                UART4_IRQHandler
                0x0000000008001b44                TIM3_IRQHandler
                0x0000000008001b44                RCC_IRQHandler
                0x0000000008001b44                TIM8_BRK_TIM12_IRQHandler
                0x0000000008001b44                Default_Handler
                0x0000000008001b44                EXTI15_10_IRQHandler
                0x0000000008001b44                ADC_IRQHandler
                0x0000000008001b44                DMA1_Stream7_IRQHandler
                0x0000000008001b44                TIM7_IRQHandler
                0x0000000008001b44                CAN2_TX_IRQHandler
                0x0000000008001b44                TIM5_IRQHandler
                0x0000000008001b44                DMA2_Stream7_IRQHandler
                0x0000000008001b44                I2C3_EV_IRQHandler
                0x0000000008001b44                EXTI9_5_IRQHandler
                0x0000000008001b44                RTC_WKUP_IRQHandler
                0x0000000008001b44                ETH_WKUP_IRQHandler
                0x0000000008001b44                SPI2_IRQHandler
                0x0000000008001b44                OTG_HS_EP1_IN_IRQHandler
                0x0000000008001b44                DMA1_Stream0_IRQHandler
                0x0000000008001b44                CAN1_TX_IRQHandler
                0x0000000008001b44                EXTI4_IRQHandler
                0x0000000008001b44                FSMC_IRQHandler
                0x0000000008001b44                ETH_IRQHandler
                0x0000000008001b44                OTG_HS_EP1_OUT_IRQHandler
                0x0000000008001b44                WWDG_IRQHandler
                0x0000000008001b44                OTG_FS_WKUP_IRQHandler
                0x0000000008001b44                TIM1_TRG_COM_TIM11_IRQHandler
                0x0000000008001b44                OTG_HS_IRQHandler
                0x0000000008001b44                EXTI1_IRQHandler
                0x0000000008001b44                USART2_IRQHandler
                0x0000000008001b44                I2C2_ER_IRQHandler
                0x0000000008001b44                DMA2_Stream1_IRQHandler
                0x0000000008001b44                CAN1_SCE_IRQHandler
                0x0000000008001b44                FLASH_IRQHandler
                0x0000000008001b44                DMA2_Stream4_IRQHandler
                0x0000000008001b44                USART1_IRQHandler
                0x0000000008001b44                OTG_FS_IRQHandler
                0x0000000008001b44                SPI3_IRQHandler
                0x0000000008001b44                DMA1_Stream4_IRQHandler
                0x0000000008001b44                I2C1_ER_IRQHandler
                0x0000000008001b44                DMA2_Stream6_IRQHandler
                0x0000000008001b44                DMA1_Stream3_IRQHandler
 *fill*         0x0000000008001b46        0x2 
 .text.HAL_Init
                0x0000000008001b48       0x44 ./Drivers/STM32F4xx_HAL_Driver/Src/stm32f4xx_hal.o
                0x0000000008001b48                HAL_Init
 .text.HAL_InitTick
                0x0000000008001b8c       0x60 ./Drivers/STM32F4xx_HAL_Driver/Src/stm32f4xx_hal.o
                0x0000000008001b8c                HAL_InitTick
 .text.HAL_IncTick
                0x0000000008001bec       0x28 ./Drivers/STM32F4xx_HAL_Driver/Src/stm32f4xx_hal.o
                0x0000000008001bec                HAL_IncTick
 .text.HAL_GetTick
                0x0000000008001c14       0x18 ./Drivers/STM32F4xx_HAL_Driver/Src/stm32f4xx_hal.o
                0x0000000008001c14                HAL_GetTick
 .text.HAL_Delay
                0x0000000008001c2c       0x48 ./Drivers/STM32F4xx_HAL_Driver/Src/stm32f4xx_hal.o
                0x0000000008001c2c                HAL_Delay
 .text.__NVIC_SetPriorityGrouping
                0x0000000008001c74       0x48 ./Drivers/STM32F4xx_HAL_Driver/Src/stm32f4xx_hal_cortex.o
 .text.__NVIC_GetPriorityGrouping
                0x0000000008001cbc       0x1c ./Drivers/STM32F4xx_HAL_Driver/Src/stm32f4xx_hal_cortex.o
 .text.__NVIC_EnableIRQ
                0x0000000008001cd8       0x3c ./Drivers/STM32F4xx_HAL_Driver/Src/stm32f4xx_hal_cortex.o
 .text.__NVIC_SetPriority
                0x0000000008001d14       0x54 ./Drivers/STM32F4xx_HAL_Driver/Src/stm32f4xx_hal_cortex.o
 .text.NVIC_EncodePriority
                0x0000000008001d68       0x66 ./Drivers/STM32F4xx_HAL_Driver/Src/stm32f4xx_hal_cortex.o
 *fill*         0x0000000008001dce        0x2 
 .text.SysTick_Config
                0x0000000008001dd0       0x44 ./Drivers/STM32F4xx_HAL_Driver/Src/stm32f4xx_hal_cortex.o
 .text.HAL_NVIC_SetPriorityGrouping
                0x0000000008001e14       0x16 ./Drivers/STM32F4xx_HAL_Driver/Src/stm32f4xx_hal_cortex.o
                0x0000000008001e14                HAL_NVIC_SetPriorityGrouping
 .text.HAL_NVIC_SetPriority
                0x0000000008001e2a       0x38 ./Drivers/STM32F4xx_HAL_Driver/Src/stm32f4xx_hal_cortex.o
                0x0000000008001e2a                HAL_NVIC_SetPriority
 .text.HAL_NVIC_EnableIRQ
                0x0000000008001e62       0x1c ./Drivers/STM32F4xx_HAL_Driver/Src/stm32f4xx_hal_cortex.o
                0x0000000008001e62                HAL_NVIC_EnableIRQ
 .text.HAL_SYSTICK_Config
                0x0000000008001e7e       0x18 ./Drivers/STM32F4xx_HAL_Driver/Src/stm32f4xx_hal_cortex.o
                0x0000000008001e7e                HAL_SYSTICK_Config
 *fill*         0x0000000008001e96        0x2 
 .text.HAL_GPIO_Init
                0x0000000008001e98      0x338 ./Drivers/STM32F4xx_HAL_Driver/Src/stm32f4xx_hal_gpio.o
                0x0000000008001e98                HAL_GPIO_Init
 .text.HAL_GPIO_WritePin
                0x00000000080021d0       0x32 ./Drivers/STM32F4xx_HAL_Driver/Src/stm32f4xx_hal_gpio.o
                0x00000000080021d0                HAL_GPIO_WritePin
 *fill*         0x0000000008002202        0x2 
 .text.HAL_I2C_Init
                0x0000000008002204      0x288 ./Drivers/STM32F4xx_HAL_Driver/Src/stm32f4xx_hal_i2c.o
                0x0000000008002204                HAL_I2C_Init
 .text.HAL_I2C_Mem_Write
                0x000000000800248c      0x1f4 ./Drivers/STM32F4xx_HAL_Driver/Src/stm32f4xx_hal_i2c.o
                0x000000000800248c                HAL_I2C_Mem_Write
 .text.HAL_I2C_Mem_Read
                0x0000000008002680      0x44c ./Drivers/STM32F4xx_HAL_Driver/Src/stm32f4xx_hal_i2c.o
                0x0000000008002680                HAL_I2C_Mem_Read
 .text.HAL_I2C_IsDeviceReady
                0x0000000008002acc      0x25c ./Drivers/STM32F4xx_HAL_Driver/Src/stm32f4xx_hal_i2c.o
                0x0000000008002acc                HAL_I2C_IsDeviceReady
 .text.I2C_RequestMemoryWrite
                0x0000000008002d28      0x12c ./Drivers/STM32F4xx_HAL_Driver/Src/stm32f4xx_hal_i2c.o
 .text.I2C_RequestMemoryRead
                0x0000000008002e54      0x1d0 ./Drivers/STM32F4xx_HAL_Driver/Src/stm32f4xx_hal_i2c.o
 .text.I2C_WaitOnFlagUntilTimeout
                0x0000000008003024       0xae ./Drivers/STM32F4xx_HAL_Driver/Src/stm32f4xx_hal_i2c.o
 .text.I2C_WaitOnMasterAddressFlagUntilTimeout
                0x00000000080030d2       0xfe ./Drivers/STM32F4xx_HAL_Driver/Src/stm32f4xx_hal_i2c.o
 .text.I2C_WaitOnTXEFlagUntilTimeout
                0x00000000080031d0       0x82 ./Drivers/STM32F4xx_HAL_Driver/Src/stm32f4xx_hal_i2c.o
 .text.I2C_WaitOnBTFFlagUntilTimeout
                0x0000000008003252       0x82 ./Drivers/STM32F4xx_HAL_Driver/Src/stm32f4xx_hal_i2c.o
 .text.I2C_WaitOnRXNEFlagUntilTimeout
                0x00000000080032d4       0xac ./Drivers/STM32F4xx_HAL_Driver/Src/stm32f4xx_hal_i2c.o
 .text.I2C_IsAcknowledgeFailed
                0x0000000008003380       0x5e ./Drivers/STM32F4xx_HAL_Driver/Src/stm32f4xx_hal_i2c.o
 *fill*         0x00000000080033de        0x2 
 .text.HAL_RCC_OscConfig
                0x00000000080033e0      0x4f0 ./Drivers/STM32F4xx_HAL_Driver/Src/stm32f4xx_hal_rcc.o
                0x00000000080033e0                HAL_RCC_OscConfig
 .text.HAL_RCC_ClockConfig
                0x00000000080038d0      0x1cc ./Drivers/STM32F4xx_HAL_Driver/Src/stm32f4xx_hal_rcc.o
                0x00000000080038d0                HAL_RCC_ClockConfig
 .text.HAL_RCC_GetSysClockFreq
                0x0000000008003a9c      0x1c4 ./Drivers/STM32F4xx_HAL_Driver/Src/stm32f4xx_hal_rcc.o
                0x0000000008003a9c                HAL_RCC_GetSysClockFreq
 .text.HAL_RCC_GetHCLKFreq
                0x0000000008003c60       0x18 ./Drivers/STM32F4xx_HAL_Driver/Src/stm32f4xx_hal_rcc.o
                0x0000000008003c60                HAL_RCC_GetHCLKFreq
 .text.HAL_RCC_GetPCLK1Freq
                0x0000000008003c78       0x28 ./Drivers/STM32F4xx_HAL_Driver/Src/stm32f4xx_hal_rcc.o
                0x0000000008003c78                HAL_RCC_GetPCLK1Freq
 .text.HAL_SPI_Init
                0x0000000008003ca0      0x112 ./Drivers/STM32F4xx_HAL_Driver/Src/stm32f4xx_hal_spi.o
                0x0000000008003ca0                HAL_SPI_Init
 .text.HAL_SPI_Transmit
                0x0000000008003db2      0x278 ./Drivers/STM32F4xx_HAL_Driver/Src/stm32f4xx_hal_spi.o
                0x0000000008003db2                HAL_SPI_Transmit
 .text.HAL_SPI_Receive
                0x000000000800402a      0x222 ./Drivers/STM32F4xx_HAL_Driver/Src/stm32f4xx_hal_spi.o
                0x000000000800402a                HAL_SPI_Receive
 .text.HAL_SPI_TransmitReceive
                0x000000000800424c      0x344 ./Drivers/STM32F4xx_HAL_Driver/Src/stm32f4xx_hal_spi.o
                0x000000000800424c                HAL_SPI_TransmitReceive
 .text.SPI_WaitFlagStateUntilTimeout
                0x0000000008004590      0x110 ./Drivers/STM32F4xx_HAL_Driver/Src/stm32f4xx_hal_spi.o
 .text.SPI_EndRxTransaction
                0x00000000080046a0       0xca ./Drivers/STM32F4xx_HAL_Driver/Src/stm32f4xx_hal_spi.o
 *fill*         0x000000000800476a        0x2 
 .text.SPI_EndRxTxTransaction
                0x000000000800476c       0x84 ./Drivers/STM32F4xx_HAL_Driver/Src/stm32f4xx_hal_spi.o
 .text.HAL_SRAM_Init
                0x00000000080047f0       0x88 ./Drivers/STM32F4xx_HAL_Driver/Src/stm32f4xx_hal_sram.o
                0x00000000080047f0                HAL_SRAM_Init
 .text.HAL_TIM_Base_Init
                0x0000000008004878       0x9e ./Drivers/STM32F4xx_HAL_Driver/Src/stm32f4xx_hal_tim.o
                0x0000000008004878                HAL_TIM_Base_Init
 *fill*         0x0000000008004916        0x2 
 .text.HAL_TIM_Base_Start_IT
                0x0000000008004918       0xe0 ./Drivers/STM32F4xx_HAL_Driver/Src/stm32f4xx_hal_tim.o
                0x0000000008004918                HAL_TIM_Base_Start_IT
 .text.HAL_TIM_IRQHandler
                0x00000000080049f8      0x210 ./Drivers/STM32F4xx_HAL_Driver/Src/stm32f4xx_hal_tim.o
                0x00000000080049f8                HAL_TIM_IRQHandler
 .text.HAL_TIM_ConfigClockSource
                0x0000000008004c08      0x18e ./Drivers/STM32F4xx_HAL_Driver/Src/stm32f4xx_hal_tim.o
                0x0000000008004c08                HAL_TIM_ConfigClockSource
 .text.HAL_TIM_OC_DelayElapsedCallback
                0x0000000008004d96       0x14 ./Drivers/STM32F4xx_HAL_Driver/Src/stm32f4xx_hal_tim.o
                0x0000000008004d96                HAL_TIM_OC_DelayElapsedCallback
 .text.HAL_TIM_IC_CaptureCallback
                0x0000000008004daa       0x14 ./Drivers/STM32F4xx_HAL_Driver/Src/stm32f4xx_hal_tim.o
                0x0000000008004daa                HAL_TIM_IC_CaptureCallback
 .text.HAL_TIM_PWM_PulseFinishedCallback
                0x0000000008004dbe       0x14 ./Drivers/STM32F4xx_HAL_Driver/Src/stm32f4xx_hal_tim.o
                0x0000000008004dbe                HAL_TIM_PWM_PulseFinishedCallback
 .text.HAL_TIM_TriggerCallback
                0x0000000008004dd2       0x14 ./Drivers/STM32F4xx_HAL_Driver/Src/stm32f4xx_hal_tim.o
                0x0000000008004dd2                HAL_TIM_TriggerCallback
 *fill*         0x0000000008004de6        0x2 
 .text.TIM_Base_SetConfig
                0x0000000008004de8      0x140 ./Drivers/STM32F4xx_HAL_Driver/Src/stm32f4xx_hal_tim.o
                0x0000000008004de8                TIM_Base_SetConfig
 .text.TIM_TI1_ConfigInputStage
                0x0000000008004f28       0x5e ./Drivers/STM32F4xx_HAL_Driver/Src/stm32f4xx_hal_tim.o
 .text.TIM_TI2_ConfigInputStage
                0x0000000008004f86       0x60 ./Drivers/STM32F4xx_HAL_Driver/Src/stm32f4xx_hal_tim.o
 .text.TIM_ITRx_SetConfig
                0x0000000008004fe6       0x36 ./Drivers/STM32F4xx_HAL_Driver/Src/stm32f4xx_hal_tim.o
 .text.TIM_ETR_SetConfig
                0x000000000800501c       0x40 ./Drivers/STM32F4xx_HAL_Driver/Src/stm32f4xx_hal_tim.o
                0x000000000800501c                TIM_ETR_SetConfig
 .text.HAL_TIMEx_MasterConfigSynchronization
                0x000000000800505c       0xf8 ./Drivers/STM32F4xx_HAL_Driver/Src/stm32f4xx_hal_tim_ex.o
                0x000000000800505c                HAL_TIMEx_MasterConfigSynchronization
 .text.HAL_TIMEx_CommutCallback
                0x0000000008005154       0x14 ./Drivers/STM32F4xx_HAL_Driver/Src/stm32f4xx_hal_tim_ex.o
                0x0000000008005154                HAL_TIMEx_CommutCallback
 .text.HAL_TIMEx_BreakCallback
                0x0000000008005168       0x14 ./Drivers/STM32F4xx_HAL_Driver/Src/stm32f4xx_hal_tim_ex.o
                0x0000000008005168                HAL_TIMEx_BreakCallback
 .text.FSMC_NORSRAM_Init
                0x000000000800517c       0xa4 ./Drivers/STM32F4xx_HAL_Driver/Src/stm32f4xx_ll_fsmc.o
                0x000000000800517c                FSMC_NORSRAM_Init
 .text.FSMC_NORSRAM_Timing_Init
                0x0000000008005220       0x7a ./Drivers/STM32F4xx_HAL_Driver/Src/stm32f4xx_ll_fsmc.o
                0x0000000008005220                FSMC_NORSRAM_Timing_Init
 *fill*         0x000000000800529a        0x2 
 .text.FSMC_NORSRAM_Extended_Timing_Init
                0x000000000800529c       0x80 ./Drivers/STM32F4xx_HAL_Driver/Src/stm32f4xx_ll_fsmc.o
                0x000000000800529c                FSMC_NORSRAM_Extended_Timing_Init
 .text.__libc_init_array
                0x000000000800531c       0x48 e:/downloaded/stm32cubeide_1.7.0/stm32cubeide/plugins/com.st.stm32cube.ide.mcu.externaltools.gnu-tools-for-stm32.9-2020-q2-update.win32_2.0.0.202105311346/tools/bin/../lib/gcc/arm-none-eabi/9.3.1/../../../../arm-none-eabi/lib/thumb/v7e-m+fp/hard\libc_nano.a(lib_a-init.o)
                0x000000000800531c                __libc_init_array
 .text.memset   0x0000000008005364       0x10 e:/downloaded/stm32cubeide_1.7.0/stm32cubeide/plugins/com.st.stm32cube.ide.mcu.externaltools.gnu-tools-for-stm32.9-2020-q2-update.win32_2.0.0.202105311346/tools/bin/../lib/gcc/arm-none-eabi/9.3.1/../../../../arm-none-eabi/lib/thumb/v7e-m+fp/hard\libc_nano.a(lib_a-memset.o)
                0x0000000008005364                memset
 *(.glue_7)
 .glue_7        0x0000000008005374        0x0 linker stubs
 *(.glue_7t)
 .glue_7t       0x0000000008005374        0x0 linker stubs
 *(.eh_frame)
 .eh_frame      0x0000000008005374        0x0 e:/downloaded/stm32cubeide_1.7.0/stm32cubeide/plugins/com.st.stm32cube.ide.mcu.externaltools.gnu-tools-for-stm32.9-2020-q2-update.win32_2.0.0.202105311346/tools/bin/../lib/gcc/arm-none-eabi/9.3.1/thumb/v7e-m+fp/hard/crtbegin.o
 *(.init)
 .init          0x0000000008005374        0x4 e:/downloaded/stm32cubeide_1.7.0/stm32cubeide/plugins/com.st.stm32cube.ide.mcu.externaltools.gnu-tools-for-stm32.9-2020-q2-update.win32_2.0.0.202105311346/tools/bin/../lib/gcc/arm-none-eabi/9.3.1/thumb/v7e-m+fp/hard/crti.o
                0x0000000008005374                _init
 .init          0x0000000008005378        0x8 e:/downloaded/stm32cubeide_1.7.0/stm32cubeide/plugins/com.st.stm32cube.ide.mcu.externaltools.gnu-tools-for-stm32.9-2020-q2-update.win32_2.0.0.202105311346/tools/bin/../lib/gcc/arm-none-eabi/9.3.1/thumb/v7e-m+fp/hard/crtn.o
 *(.fini)
 .fini          0x0000000008005380        0x4 e:/downloaded/stm32cubeide_1.7.0/stm32cubeide/plugins/com.st.stm32cube.ide.mcu.externaltools.gnu-tools-for-stm32.9-2020-q2-update.win32_2.0.0.202105311346/tools/bin/../lib/gcc/arm-none-eabi/9.3.1/thumb/v7e-m+fp/hard/crti.o
                0x0000000008005380                _fini
 .fini          0x0000000008005384        0x8 e:/downloaded/stm32cubeide_1.7.0/stm32cubeide/plugins/com.st.stm32cube.ide.mcu.externaltools.gnu-tools-for-stm32.9-2020-q2-update.win32_2.0.0.202105311346/tools/bin/../lib/gcc/arm-none-eabi/9.3.1/thumb/v7e-m+fp/hard/crtn.o
                0x000000000800538c                . = ALIGN (0x4)
                0x000000000800538c                _etext = .

.vfp11_veneer   0x000000000800538c        0x0
 .vfp11_veneer  0x000000000800538c        0x0 linker stubs

.v4_bx          0x000000000800538c        0x0
 .v4_bx         0x000000000800538c        0x0 linker stubs

.iplt           0x000000000800538c        0x0
 .iplt          0x000000000800538c        0x0 e:/downloaded/stm32cubeide_1.7.0/stm32cubeide/plugins/com.st.stm32cube.ide.mcu.externaltools.gnu-tools-for-stm32.9-2020-q2-update.win32_2.0.0.202105311346/tools/bin/../lib/gcc/arm-none-eabi/9.3.1/thumb/v7e-m+fp/hard/crtbegin.o

.rodata         0x000000000800538c     0x2f98
                0x000000000800538c                . = ALIGN (0x4)
 *(.rodata)
 *(.rodata*)
 .rodata.ascii_1608
                0x000000000800538c      0x5f0 ./Core/Src/lcd.o
                0x000000000800538c                ascii_1608
 .rodata.ascii_2412
                0x000000000800597c     0x11d0 ./Core/Src/lcd.o
                0x000000000800597c                ascii_2412
 .rodata.ascii_3216
                0x0000000008006b4c     0x17c0 ./Core/Src/lcd.o
                0x0000000008006b4c                ascii_3216
 .rodata.AHBPrescTable
                0x000000000800830c       0x10 ./Core/Src/system_stm32f4xx.o
                0x000000000800830c                AHBPrescTable
 .rodata.APBPrescTable
                0x000000000800831c        0x8 ./Core/Src/system_stm32f4xx.o
                0x000000000800831c                APBPrescTable
                0x0000000008008324                . = ALIGN (0x4)

.ARM.extab      0x0000000008008324        0x0
                0x0000000008008324                . = ALIGN (0x4)
 *(.ARM.extab* .gnu.linkonce.armextab.*)
                0x0000000008008324                . = ALIGN (0x4)

.ARM            0x0000000008008324        0x8
                0x0000000008008324                . = ALIGN (0x4)
                0x0000000008008324                __exidx_start = .
 *(.ARM.exidx*)
 .ARM.exidx     0x0000000008008324        0x8 e:/downloaded/stm32cubeide_1.7.0/stm32cubeide/plugins/com.st.stm32cube.ide.mcu.externaltools.gnu-tools-for-stm32.9-2020-q2-update.win32_2.0.0.202105311346/tools/bin/../lib/gcc/arm-none-eabi/9.3.1/thumb/v7e-m+fp/hard\libgcc.a(_udivmoddi4.o)
                0x000000000800832c                __exidx_end = .
                0x000000000800832c                . = ALIGN (0x4)

.rel.dyn        0x000000000800832c        0x0
 .rel.iplt      0x000000000800832c        0x0 e:/downloaded/stm32cubeide_1.7.0/stm32cubeide/plugins/com.st.stm32cube.ide.mcu.externaltools.gnu-tools-for-stm32.9-2020-q2-update.win32_2.0.0.202105311346/tools/bin/../lib/gcc/arm-none-eabi/9.3.1/thumb/v7e-m+fp/hard/crtbegin.o

.preinit_array  0x000000000800832c        0x0
                0x000000000800832c                . = ALIGN (0x4)
                0x000000000800832c                PROVIDE (__preinit_array_start = .)
 *(.preinit_array*)
                0x000000000800832c                PROVIDE (__preinit_array_end = .)
                0x000000000800832c                . = ALIGN (0x4)

.init_array     0x000000000800832c        0x4
                0x000000000800832c                . = ALIGN (0x4)
                0x000000000800832c                PROVIDE (__init_array_start = .)
 *(SORT_BY_NAME(.init_array.*))
 *(.init_array*)
 .init_array    0x000000000800832c        0x4 e:/downloaded/stm32cubeide_1.7.0/stm32cubeide/plugins/com.st.stm32cube.ide.mcu.externaltools.gnu-tools-for-stm32.9-2020-q2-update.win32_2.0.0.202105311346/tools/bin/../lib/gcc/arm-none-eabi/9.3.1/thumb/v7e-m+fp/hard/crtbegin.o
                0x0000000008008330                PROVIDE (__init_array_end = .)
                0x0000000008008330                . = ALIGN (0x4)

.fini_array     0x0000000008008330        0x4
                0x0000000008008330                . = ALIGN (0x4)
                [!provide]                        PROVIDE (__fini_array_start = .)
 *(SORT_BY_NAME(.fini_array.*))
 *(.fini_array*)
 .fini_array    0x0000000008008330        0x4 e:/downloaded/stm32cubeide_1.7.0/stm32cubeide/plugins/com.st.stm32cube.ide.mcu.externaltools.gnu-tools-for-stm32.9-2020-q2-update.win32_2.0.0.202105311346/tools/bin/../lib/gcc/arm-none-eabi/9.3.1/thumb/v7e-m+fp/hard/crtbegin.o
                [!provide]                        PROVIDE (__fini_array_end = .)
                0x0000000008008334                . = ALIGN (0x4)
                0x0000000008008334                _sidata = LOADADDR (.data)

.data           0x0000000020000000       0x14 load address 0x0000000008008334
                0x0000000020000000                . = ALIGN (0x4)
                0x0000000020000000                _sdata = .
 *(.data)
 *(.data*)
 .data.led7seg  0x0000000020000000        0x4 ./Core/Src/led_7seg.o
                0x0000000020000000                led7seg
 .data.spi_buffer
                0x0000000020000004        0x2 ./Core/Src/led_7seg.o
                0x0000000020000004                spi_buffer
 *fill*         0x0000000020000006        0x2 
 .data.SystemCoreClock
                0x0000000020000008        0x4 ./Core/Src/system_stm32f4xx.o
                0x0000000020000008                SystemCoreClock
 .data.uwTickPrio
                0x000000002000000c        0x4 ./Drivers/STM32F4xx_HAL_Driver/Src/stm32f4xx_hal.o
                0x000000002000000c                uwTickPrio
 .data.uwTickFreq
                0x0000000020000010        0x1 ./Drivers/STM32F4xx_HAL_Driver/Src/stm32f4xx_hal.o
                0x0000000020000010                uwTickFreq
 *(.RamFunc)
 *(.RamFunc*)
                0x0000000020000014                . = ALIGN (0x4)
 *fill*         0x0000000020000011        0x3 
                0x0000000020000014                _edata = .
                0x0000000008008348                _siccmram = LOADADDR (.ccmram)

.igot.plt       0x0000000020000014        0x0 load address 0x0000000008008348
 .igot.plt      0x0000000020000014        0x0 e:/downloaded/stm32cubeide_1.7.0/stm32cubeide/plugins/com.st.stm32cube.ide.mcu.externaltools.gnu-tools-for-stm32.9-2020-q2-update.win32_2.0.0.202105311346/tools/bin/../lib/gcc/arm-none-eabi/9.3.1/thumb/v7e-m+fp/hard/crtbegin.o

.ccmram         0x0000000010000000        0x0 load address 0x0000000008008348
                0x0000000010000000                . = ALIGN (0x4)
                0x0000000010000000                _sccmram = .
 *(.ccmram)
 *(.ccmram*)
                0x0000000010000000                . = ALIGN (0x4)
                0x0000000010000000                _eccmram = .
                0x0000000010000000                . = ALIGN (0x4)

.bss            0x0000000020000014      0x1e4
                0x0000000020000014                _sbss = .
                0x0000000020000014                __bss_start__ = _sbss
 *(.bss)
 .bss           0x0000000020000014       0x1c e:/downloaded/stm32cubeide_1.7.0/stm32cubeide/plugins/com.st.stm32cube.ide.mcu.externaltools.gnu-tools-for-stm32.9-2020-q2-update.win32_2.0.0.202105311346/tools/bin/../lib/gcc/arm-none-eabi/9.3.1/thumb/v7e-m+fp/hard/crtbegin.o
 *(.bss*)
 .bss.spi_button
                0x0000000020000030        0x2 ./Core/Src/button.o
                0x0000000020000030                spi_button
 *fill*         0x0000000020000032        0x2 
 .bss.FSMC_Initialized
                0x0000000020000034        0x4 ./Core/Src/fsmc.o
 .bss.led7_index
                0x0000000020000038        0x4 ./Core/Src/led_7seg.o
                0x0000000020000038                led7_index
 .bss.flag_timer2
                0x000000002000003c        0x2 ./Core/Src/software_timer.o
                0x000000002000003c                flag_timer2
 .bss.timer2_counter
                0x000000002000003e        0x2 ./Core/Src/software_timer.o
                0x000000002000003e                timer2_counter
 .bss.timer2_MUL
                0x0000000020000040        0x2 ./Core/Src/software_timer.o
                0x0000000020000040                timer2_MUL
 *(COMMON)
 *fill*         0x0000000020000042        0x2 
 COMMON         0x0000000020000044       0x20 ./Core/Src/button.o
                0x0000000020000044                button_count
 COMMON         0x0000000020000064        0xf ./Core/Src/ds3231.o
                0x0000000020000064                ds3231_sec
                0x0000000020000065                ds3231_year
                0x0000000020000066                ds3231_min
                0x0000000020000067                ds3231_date
                0x0000000020000068                ds3231_day
                0x0000000020000069                ds3231_hours
                0x000000002000006a                ds3231_month
                0x000000002000006c                ds3231_buffer
 *fill*         0x0000000020000073        0x1 
 COMMON         0x0000000020000074       0x50 ./Core/Src/fsmc.o
                0x0000000020000074                hsram1
 COMMON         0x00000000200000c4       0x54 ./Core/Src/i2c.o
                0x00000000200000c4                hi2c1
 COMMON         0x0000000020000118       0x3a ./Core/Src/lcd.o
                0x0000000020000118                lcddev
                0x0000000020000120                s
 *fill*         0x0000000020000152        0x2 
 COMMON         0x0000000020000154       0x58 ./Core/Src/spi.o
                0x0000000020000154                hspi1
 COMMON         0x00000000200001ac       0x48 ./Core/Src/tim.o
                0x00000000200001ac                htim2
 COMMON         0x00000000200001f4        0x4 ./Drivers/STM32F4xx_HAL_Driver/Src/stm32f4xx_hal.o
                0x00000000200001f4                uwTick
                0x00000000200001f8                . = ALIGN (0x4)
                0x00000000200001f8                _ebss = .
                0x00000000200001f8                __bss_end__ = _ebss

._user_heap_stack
                0x00000000200001f8      0x600
                0x00000000200001f8                . = ALIGN (0x8)
                [!provide]                        PROVIDE (end = .)
                0x00000000200001f8                PROVIDE (_end = .)
                0x00000000200003f8                . = (. + _Min_Heap_Size)
 *fill*         0x00000000200001f8      0x200 
                0x00000000200007f8                . = (. + _Min_Stack_Size)
 *fill*         0x00000000200003f8      0x400 
                0x00000000200007f8                . = ALIGN (0x8)

/DISCARD/
 libc.a(*)
 libm.a(*)
 libgcc.a(*)

.ARM.attributes
                0x0000000000000000       0x30
 *(.ARM.attributes)
 .ARM.attributes
                0x0000000000000000       0x1e e:/downloaded/stm32cubeide_1.7.0/stm32cubeide/plugins/com.st.stm32cube.ide.mcu.externaltools.gnu-tools-for-stm32.9-2020-q2-update.win32_2.0.0.202105311346/tools/bin/../lib/gcc/arm-none-eabi/9.3.1/thumb/v7e-m+fp/hard/crti.o
 .ARM.attributes
                0x000000000000001e       0x34 e:/downloaded/stm32cubeide_1.7.0/stm32cubeide/plugins/com.st.stm32cube.ide.mcu.externaltools.gnu-tools-for-stm32.9-2020-q2-update.win32_2.0.0.202105311346/tools/bin/../lib/gcc/arm-none-eabi/9.3.1/thumb/v7e-m+fp/hard/crtbegin.o
 .ARM.attributes
                0x0000000000000052       0x34 ./Core/Src/button.o
 .ARM.attributes
                0x0000000000000086       0x34 ./Core/Src/ds3231.o
 .ARM.attributes
                0x00000000000000ba       0x34 ./Core/Src/fsmc.o
 .ARM.attributes
                0x00000000000000ee       0x34 ./Core/Src/gpio.o
 .ARM.attributes
                0x0000000000000122       0x34 ./Core/Src/i2c.o
 .ARM.attributes
                0x0000000000000156       0x34 ./Core/Src/lcd.o
 .ARM.attributes
                0x000000000000018a       0x34 ./Core/Src/led_7seg.o
 .ARM.attributes
                0x00000000000001be       0x34 ./Core/Src/main.o
 .ARM.attributes
                0x00000000000001f2       0x34 ./Core/Src/software_timer.o
 .ARM.attributes
                0x0000000000000226       0x34 ./Core/Src/spi.o
 .ARM.attributes
                0x000000000000025a       0x34 ./Core/Src/stm32f4xx_hal_msp.o
 .ARM.attributes
                0x000000000000028e       0x34 ./Core/Src/stm32f4xx_it.o
 .ARM.attributes
                0x00000000000002c2       0x34 ./Core/Src/system_stm32f4xx.o
 .ARM.attributes
                0x00000000000002f6       0x34 ./Core/Src/tim.o
 .ARM.attributes
                0x000000000000032a       0x34 ./Core/Src/utils.o
 .ARM.attributes
                0x000000000000035e       0x21 ./Core/Startup/startup_stm32f407zetx.o
 .ARM.attributes
                0x000000000000037f       0x34 ./Drivers/STM32F4xx_HAL_Driver/Src/stm32f4xx_hal.o
 .ARM.attributes
                0x00000000000003b3       0x34 ./Drivers/STM32F4xx_HAL_Driver/Src/stm32f4xx_hal_cortex.o
 .ARM.attributes
                0x00000000000003e7       0x34 ./Drivers/STM32F4xx_HAL_Driver/Src/stm32f4xx_hal_gpio.o
 .ARM.attributes
                0x000000000000041b       0x34 ./Drivers/STM32F4xx_HAL_Driver/Src/stm32f4xx_hal_i2c.o
 .ARM.attributes
                0x000000000000044f       0x34 ./Drivers/STM32F4xx_HAL_Driver/Src/stm32f4xx_hal_rcc.o
 .ARM.attributes
                0x0000000000000483       0x34 ./Drivers/STM32F4xx_HAL_Driver/Src/stm32f4xx_hal_spi.o
 .ARM.attributes
                0x00000000000004b7       0x34 ./Drivers/STM32F4xx_HAL_Driver/Src/stm32f4xx_hal_sram.o
 .ARM.attributes
                0x00000000000004eb       0x34 ./Drivers/STM32F4xx_HAL_Driver/Src/stm32f4xx_hal_tim.o
 .ARM.attributes
                0x000000000000051f       0x34 ./Drivers/STM32F4xx_HAL_Driver/Src/stm32f4xx_hal_tim_ex.o
 .ARM.attributes
                0x0000000000000553       0x34 ./Drivers/STM32F4xx_HAL_Driver/Src/stm32f4xx_ll_fsmc.o
 .ARM.attributes
                0x0000000000000587       0x34 e:/downloaded/stm32cubeide_1.7.0/stm32cubeide/plugins/com.st.stm32cube.ide.mcu.externaltools.gnu-tools-for-stm32.9-2020-q2-update.win32_2.0.0.202105311346/tools/bin/../lib/gcc/arm-none-eabi/9.3.1/../../../../arm-none-eabi/lib/thumb/v7e-m+fp/hard\libc_nano.a(lib_a-init.o)
 .ARM.attributes
                0x00000000000005bb       0x34 e:/downloaded/stm32cubeide_1.7.0/stm32cubeide/plugins/com.st.stm32cube.ide.mcu.externaltools.gnu-tools-for-stm32.9-2020-q2-update.win32_2.0.0.202105311346/tools/bin/../lib/gcc/arm-none-eabi/9.3.1/../../../../arm-none-eabi/lib/thumb/v7e-m+fp/hard\libc_nano.a(lib_a-memset.o)
 .ARM.attributes
                0x00000000000005ef       0x1e e:/downloaded/stm32cubeide_1.7.0/stm32cubeide/plugins/com.st.stm32cube.ide.mcu.externaltools.gnu-tools-for-stm32.9-2020-q2-update.win32_2.0.0.202105311346/tools/bin/../lib/gcc/arm-none-eabi/9.3.1/thumb/v7e-m+fp/hard\libgcc.a(_aeabi_uldivmod.o)
 .ARM.attributes
                0x000000000000060d       0x34 e:/downloaded/stm32cubeide_1.7.0/stm32cubeide/plugins/com.st.stm32cube.ide.mcu.externaltools.gnu-tools-for-stm32.9-2020-q2-update.win32_2.0.0.202105311346/tools/bin/../lib/gcc/arm-none-eabi/9.3.1/thumb/v7e-m+fp/hard\libgcc.a(_udivmoddi4.o)
 .ARM.attributes
                0x0000000000000641       0x1e e:/downloaded/stm32cubeide_1.7.0/stm32cubeide/plugins/com.st.stm32cube.ide.mcu.externaltools.gnu-tools-for-stm32.9-2020-q2-update.win32_2.0.0.202105311346/tools/bin/../lib/gcc/arm-none-eabi/9.3.1/thumb/v7e-m+fp/hard\libgcc.a(_dvmd_tls.o)
 .ARM.attributes
                0x000000000000065f       0x1e e:/downloaded/stm32cubeide_1.7.0/stm32cubeide/plugins/com.st.stm32cube.ide.mcu.externaltools.gnu-tools-for-stm32.9-2020-q2-update.win32_2.0.0.202105311346/tools/bin/../lib/gcc/arm-none-eabi/9.3.1/thumb/v7e-m+fp/hard/crtn.o
OUTPUT(Bai4_I2C_Realtimeclock.elf elf32-littlearm)
LOAD linker stubs
LOAD e:/downloaded/stm32cubeide_1.7.0/stm32cubeide/plugins/com.st.stm32cube.ide.mcu.externaltools.gnu-tools-for-stm32.9-2020-q2-update.win32_2.0.0.202105311346/tools/bin/../lib/gcc/arm-none-eabi/9.3.1/../../../../arm-none-eabi/lib/thumb/v7e-m+fp/hard\libc.a
LOAD e:/downloaded/stm32cubeide_1.7.0/stm32cubeide/plugins/com.st.stm32cube.ide.mcu.externaltools.gnu-tools-for-stm32.9-2020-q2-update.win32_2.0.0.202105311346/tools/bin/../lib/gcc/arm-none-eabi/9.3.1/../../../../arm-none-eabi/lib/thumb/v7e-m+fp/hard\libm.a
LOAD e:/downloaded/stm32cubeide_1.7.0/stm32cubeide/plugins/com.st.stm32cube.ide.mcu.externaltools.gnu-tools-for-stm32.9-2020-q2-update.win32_2.0.0.202105311346/tools/bin/../lib/gcc/arm-none-eabi/9.3.1/thumb/v7e-m+fp/hard\libgcc.a

.debug_info     0x0000000000000000    0x15b88
 .debug_info    0x0000000000000000      0x7f4 ./Core/Src/button.o
 .debug_info    0x00000000000007f4      0x839 ./Core/Src/ds3231.o
 .debug_info    0x000000000000102d      0xa96 ./Core/Src/fsmc.o
 .debug_info    0x0000000000001ac3      0x569 ./Core/Src/gpio.o
 .debug_info    0x000000000000202c      0xa7d ./Core/Src/i2c.o
 .debug_info    0x0000000000002aa9     0x17e8 ./Core/Src/lcd.o
 .debug_info    0x0000000000004291      0x89c ./Core/Src/led_7seg.o
 .debug_info    0x0000000000004b2d     0x1df6 ./Core/Src/main.o
 .debug_info    0x0000000000006923      0x81e ./Core/Src/software_timer.o
 .debug_info    0x0000000000007141      0xa5a ./Core/Src/spi.o
 .debug_info    0x0000000000007b9b      0x394 ./Core/Src/stm32f4xx_hal_msp.o
 .debug_info    0x0000000000007f2f      0x801 ./Core/Src/stm32f4xx_it.o
 .debug_info    0x0000000000008730      0x5a4 ./Core/Src/system_stm32f4xx.o
 .debug_info    0x0000000000008cd4      0xc88 ./Core/Src/tim.o
 .debug_info    0x000000000000995c       0xd8 ./Core/Src/utils.o
 .debug_info    0x0000000000009a34       0x22 ./Core/Startup/startup_stm32f407zetx.o
 .debug_info    0x0000000000009a56      0x9b2 ./Drivers/STM32F4xx_HAL_Driver/Src/stm32f4xx_hal.o
 .debug_info    0x000000000000a408      0xed7 ./Drivers/STM32F4xx_HAL_Driver/Src/stm32f4xx_hal_cortex.o
 .debug_info    0x000000000000b2df      0x83e ./Drivers/STM32F4xx_HAL_Driver/Src/stm32f4xx_hal_gpio.o
 .debug_info    0x000000000000bb1d     0x264d ./Drivers/STM32F4xx_HAL_Driver/Src/stm32f4xx_hal_i2c.o
 .debug_info    0x000000000000e16a      0x996 ./Drivers/STM32F4xx_HAL_Driver/Src/stm32f4xx_hal_rcc.o
 .debug_info    0x000000000000eb00     0x17c0 ./Drivers/STM32F4xx_HAL_Driver/Src/stm32f4xx_hal_spi.o
 .debug_info    0x00000000000102c0      0xbab ./Drivers/STM32F4xx_HAL_Driver/Src/stm32f4xx_hal_sram.o
 .debug_info    0x0000000000010e6b     0x2c22 ./Drivers/STM32F4xx_HAL_Driver/Src/stm32f4xx_hal_tim.o
 .debug_info    0x0000000000013a8d     0x15a2 ./Drivers/STM32F4xx_HAL_Driver/Src/stm32f4xx_hal_tim_ex.o
 .debug_info    0x000000000001502f      0xb59 ./Drivers/STM32F4xx_HAL_Driver/Src/stm32f4xx_ll_fsmc.o

.debug_abbrev   0x0000000000000000     0x310d
 .debug_abbrev  0x0000000000000000      0x1bf ./Core/Src/button.o
 .debug_abbrev  0x00000000000001bf      0x1a7 ./Core/Src/ds3231.o
 .debug_abbrev  0x0000000000000366      0x1e2 ./Core/Src/fsmc.o
 .debug_abbrev  0x0000000000000548      0x14e ./Core/Src/gpio.o
 .debug_abbrev  0x0000000000000696      0x1bb ./Core/Src/i2c.o
 .debug_abbrev  0x0000000000000851      0x390 ./Core/Src/lcd.o
 .debug_abbrev  0x0000000000000be1      0x1a9 ./Core/Src/led_7seg.o
 .debug_abbrev  0x0000000000000d8a      0x2d3 ./Core/Src/main.o
 .debug_abbrev  0x000000000000105d      0x1e4 ./Core/Src/software_timer.o
 .debug_abbrev  0x0000000000001241      0x1bb ./Core/Src/spi.o
 .debug_abbrev  0x00000000000013fc      0x11d ./Core/Src/stm32f4xx_hal_msp.o
 .debug_abbrev  0x0000000000001519      0x176 ./Core/Src/stm32f4xx_it.o
 .debug_abbrev  0x000000000000168f      0x145 ./Core/Src/system_stm32f4xx.o
 .debug_abbrev  0x00000000000017d4      0x1bb ./Core/Src/tim.o
 .debug_abbrev  0x000000000000198f       0x87 ./Core/Src/utils.o
 .debug_abbrev  0x0000000000001a16       0x12 ./Core/Startup/startup_stm32f407zetx.o
 .debug_abbrev  0x0000000000001a28      0x1ed ./Drivers/STM32F4xx_HAL_Driver/Src/stm32f4xx_hal.o
 .debug_abbrev  0x0000000000001c15      0x33c ./Drivers/STM32F4xx_HAL_Driver/Src/stm32f4xx_hal_cortex.o
 .debug_abbrev  0x0000000000001f51      0x1f1 ./Drivers/STM32F4xx_HAL_Driver/Src/stm32f4xx_hal_gpio.o
 .debug_abbrev  0x0000000000002142      0x282 ./Drivers/STM32F4xx_HAL_Driver/Src/stm32f4xx_hal_i2c.o
 .debug_abbrev  0x00000000000023c4      0x275 ./Drivers/STM32F4xx_HAL_Driver/Src/stm32f4xx_hal_rcc.o
 .debug_abbrev  0x0000000000002639      0x26e ./Drivers/STM32F4xx_HAL_Driver/Src/stm32f4xx_hal_spi.o
 .debug_abbrev  0x00000000000028a7      0x1f4 ./Drivers/STM32F4xx_HAL_Driver/Src/stm32f4xx_hal_sram.o
 .debug_abbrev  0x0000000000002a9b      0x25e ./Drivers/STM32F4xx_HAL_Driver/Src/stm32f4xx_hal_tim.o
 .debug_abbrev  0x0000000000002cf9      0x266 ./Drivers/STM32F4xx_HAL_Driver/Src/stm32f4xx_hal_tim_ex.o
 .debug_abbrev  0x0000000000002f5f      0x1ae ./Drivers/STM32F4xx_HAL_Driver/Src/stm32f4xx_ll_fsmc.o

.debug_aranges  0x0000000000000000     0x11f0
 .debug_aranges
                0x0000000000000000       0x28 ./Core/Src/button.o
 .debug_aranges
                0x0000000000000028       0x30 ./Core/Src/ds3231.o
 .debug_aranges
                0x0000000000000058       0x40 ./Core/Src/fsmc.o
 .debug_aranges
                0x0000000000000098       0x20 ./Core/Src/gpio.o
 .debug_aranges
                0x00000000000000b8       0x30 ./Core/Src/i2c.o
 .debug_aranges
                0x00000000000000e8       0xe8 ./Core/Src/lcd.o
 .debug_aranges
                0x00000000000001d0       0x48 ./Core/Src/led_7seg.o
 .debug_aranges
                0x0000000000000218       0x70 ./Core/Src/main.o
 .debug_aranges
                0x0000000000000288       0x30 ./Core/Src/software_timer.o
 .debug_aranges
                0x00000000000002b8       0x30 ./Core/Src/spi.o
 .debug_aranges
                0x00000000000002e8       0x20 ./Core/Src/stm32f4xx_hal_msp.o
 .debug_aranges
                0x0000000000000308       0x68 ./Core/Src/stm32f4xx_it.o
 .debug_aranges
                0x0000000000000370       0x28 ./Core/Src/system_stm32f4xx.o
 .debug_aranges
                0x0000000000000398       0x30 ./Core/Src/tim.o
 .debug_aranges
                0x00000000000003c8       0x28 ./Core/Src/utils.o
 .debug_aranges
                0x00000000000003f0       0x28 ./Core/Startup/startup_stm32f407zetx.o
 .debug_aranges
                0x0000000000000418       0xf0 ./Drivers/STM32F4xx_HAL_Driver/Src/stm32f4xx_hal.o
 .debug_aranges
                0x0000000000000508      0x118 ./Drivers/STM32F4xx_HAL_Driver/Src/stm32f4xx_hal_cortex.o
 .debug_aranges
                0x0000000000000620       0x58 ./Drivers/STM32F4xx_HAL_Driver/Src/stm32f4xx_hal_gpio.o
 .debug_aranges
                0x0000000000000678      0x2a0 ./Drivers/STM32F4xx_HAL_Driver/Src/stm32f4xx_hal_i2c.o
 .debug_aranges
                0x0000000000000918       0x88 ./Drivers/STM32F4xx_HAL_Driver/Src/stm32f4xx_hal_rcc.o
 .debug_aranges
                0x00000000000009a0      0x1d0 ./Drivers/STM32F4xx_HAL_Driver/Src/stm32f4xx_hal_spi.o
 .debug_aranges
                0x0000000000000b70       0xa0 ./Drivers/STM32F4xx_HAL_Driver/Src/stm32f4xx_hal_sram.o
 .debug_aranges
                0x0000000000000c10      0x3d0 ./Drivers/STM32F4xx_HAL_Driver/Src/stm32f4xx_hal_tim.o
 .debug_aranges
                0x0000000000000fe0      0x168 ./Drivers/STM32F4xx_HAL_Driver/Src/stm32f4xx_hal_tim_ex.o
 .debug_aranges
                0x0000000000001148       0xa8 ./Drivers/STM32F4xx_HAL_Driver/Src/stm32f4xx_ll_fsmc.o

.debug_ranges   0x0000000000000000     0x1080
 .debug_ranges  0x0000000000000000       0x18 ./Core/Src/button.o
 .debug_ranges  0x0000000000000018       0x20 ./Core/Src/ds3231.o
 .debug_ranges  0x0000000000000038       0x30 ./Core/Src/fsmc.o
 .debug_ranges  0x0000000000000068       0x10 ./Core/Src/gpio.o
 .debug_ranges  0x0000000000000078       0x20 ./Core/Src/i2c.o
 .debug_ranges  0x0000000000000098       0xd8 ./Core/Src/lcd.o
 .debug_ranges  0x0000000000000170       0x38 ./Core/Src/led_7seg.o
 .debug_ranges  0x00000000000001a8       0x60 ./Core/Src/main.o
 .debug_ranges  0x0000000000000208       0x20 ./Core/Src/software_timer.o
 .debug_ranges  0x0000000000000228       0x20 ./Core/Src/spi.o
 .debug_ranges  0x0000000000000248       0x10 ./Core/Src/stm32f4xx_hal_msp.o
 .debug_ranges  0x0000000000000258       0x58 ./Core/Src/stm32f4xx_it.o
 .debug_ranges  0x00000000000002b0       0x18 ./Core/Src/system_stm32f4xx.o
 .debug_ranges  0x00000000000002c8       0x20 ./Core/Src/tim.o
 .debug_ranges  0x00000000000002e8       0x18 ./Core/Src/utils.o
 .debug_ranges  0x0000000000000300       0x20 ./Core/Startup/startup_stm32f407zetx.o
 .debug_ranges  0x0000000000000320       0xe0 ./Drivers/STM32F4xx_HAL_Driver/Src/stm32f4xx_hal.o
 .debug_ranges  0x0000000000000400      0x108 ./Drivers/STM32F4xx_HAL_Driver/Src/stm32f4xx_hal_cortex.o
 .debug_ranges  0x0000000000000508       0x48 ./Drivers/STM32F4xx_HAL_Driver/Src/stm32f4xx_hal_gpio.o
 .debug_ranges  0x0000000000000550      0x2b8 ./Drivers/STM32F4xx_HAL_Driver/Src/stm32f4xx_hal_i2c.o
 .debug_ranges  0x0000000000000808       0x78 ./Drivers/STM32F4xx_HAL_Driver/Src/stm32f4xx_hal_rcc.o
 .debug_ranges  0x0000000000000880      0x1c0 ./Drivers/STM32F4xx_HAL_Driver/Src/stm32f4xx_hal_spi.o
 .debug_ranges  0x0000000000000a40       0x90 ./Drivers/STM32F4xx_HAL_Driver/Src/stm32f4xx_hal_sram.o
 .debug_ranges  0x0000000000000ad0      0x3c0 ./Drivers/STM32F4xx_HAL_Driver/Src/stm32f4xx_hal_tim.o
 .debug_ranges  0x0000000000000e90      0x158 ./Drivers/STM32F4xx_HAL_Driver/Src/stm32f4xx_hal_tim_ex.o
 .debug_ranges  0x0000000000000fe8       0x98 ./Drivers/STM32F4xx_HAL_Driver/Src/stm32f4xx_ll_fsmc.o

.debug_macro    0x0000000000000000    0x230d4
 .debug_macro   0x0000000000000000      0x230 ./Core/Src/button.o
 .debug_macro   0x0000000000000230      0xaa8 ./Core/Src/button.o
 .debug_macro   0x0000000000000cd8      0x2a7 ./Core/Src/button.o
 .debug_macro   0x0000000000000f7f       0x2e ./Core/Src/button.o
 .debug_macro   0x0000000000000fad       0x2f ./Core/Src/button.o
 .debug_macro   0x0000000000000fdc       0x22 ./Core/Src/button.o
 .debug_macro   0x0000000000000ffe       0x8e ./Core/Src/button.o
 .debug_macro   0x000000000000108c       0x51 ./Core/Src/button.o
 .debug_macro   0x00000000000010dd      0x103 ./Core/Src/button.o
 .debug_macro   0x00000000000011e0       0x6a ./Core/Src/button.o
 .debug_macro   0x000000000000124a      0x1df ./Core/Src/button.o
 .debug_macro   0x0000000000001429       0x1c ./Core/Src/button.o
 .debug_macro   0x0000000000001445       0x22 ./Core/Src/button.o
 .debug_macro   0x0000000000001467       0xdf ./Core/Src/button.o
 .debug_macro   0x0000000000001546     0x102d ./Core/Src/button.o
 .debug_macro   0x0000000000002573      0x11f ./Core/Src/button.o
 .debug_macro   0x0000000000002692    0x15e58 ./Core/Src/button.o
 .debug_macro   0x00000000000184ea       0x6d ./Core/Src/button.o
 .debug_macro   0x0000000000018557     0x3666 ./Core/Src/button.o
 .debug_macro   0x000000000001bbbd      0x174 ./Core/Src/button.o
 .debug_macro   0x000000000001bd31       0x5c ./Core/Src/button.o
 .debug_macro   0x000000000001bd8d      0x96b ./Core/Src/button.o
 .debug_macro   0x000000000001c6f8      0x9fe ./Core/Src/button.o
 .debug_macro   0x000000000001d0f6      0x116 ./Core/Src/button.o
 .debug_macro   0x000000000001d20c      0x13e ./Core/Src/button.o
 .debug_macro   0x000000000001d34a       0xa5 ./Core/Src/button.o
 .debug_macro   0x000000000001d3ef      0x174 ./Core/Src/button.o
 .debug_macro   0x000000000001d563      0x287 ./Core/Src/button.o
 .debug_macro   0x000000000001d7ea       0x5f ./Core/Src/button.o
 .debug_macro   0x000000000001d849      0x236 ./Core/Src/button.o
 .debug_macro   0x000000000001da7f      0x12c ./Core/Src/button.o
 .debug_macro   0x000000000001dbab      0x21e ./Core/Src/button.o
 .debug_macro   0x000000000001ddc9       0x2e ./Core/Src/button.o
 .debug_macro   0x000000000001ddf7      0x543 ./Core/Src/button.o
 .debug_macro   0x000000000001e33a      0x1b5 ./Core/Src/button.o
 .debug_macro   0x000000000001e4ef       0xd6 ./Core/Src/button.o
 .debug_macro   0x000000000001e5c5      0x11a ./Core/Src/button.o
 .debug_macro   0x000000000001e6df       0x7e ./Core/Src/button.o
 .debug_macro   0x000000000001e75d       0x89 ./Core/Src/button.o
 .debug_macro   0x000000000001e7e6      0x225 ./Core/Src/button.o
 .debug_macro   0x000000000001ea0b      0x8d1 ./Core/Src/button.o
 .debug_macro   0x000000000001f2dc       0x47 ./Core/Src/button.o
 .debug_macro   0x000000000001f323      0x12d ./Core/Src/button.o
 .debug_macro   0x000000000001f450       0x88 ./Core/Src/button.o
 .debug_macro   0x000000000001f4d8      0x23b ./Core/Src/ds3231.o
 .debug_macro   0x000000000001f713       0x2e ./Core/Src/ds3231.o
 .debug_macro   0x000000000001f741      0x21c ./Core/Src/fsmc.o
 .debug_macro   0x000000000001f95d      0x21c ./Core/Src/gpio.o
 .debug_macro   0x000000000001fb79      0x21c ./Core/Src/i2c.o
 .debug_macro   0x000000000001fd95      0x331 ./Core/Src/lcd.o
 .debug_macro   0x00000000000200c6       0x18 ./Core/Src/lcd.o
 .debug_macro   0x00000000000200de       0x52 ./Core/Src/lcd.o
 .debug_macro   0x0000000000020130       0x3c ./Core/Src/lcd.o
 .debug_macro   0x000000000002016c       0x34 ./Core/Src/lcd.o
 .debug_macro   0x00000000000201a0       0x16 ./Core/Src/lcd.o
 .debug_macro   0x00000000000201b6       0x35 ./Core/Src/lcd.o
 .debug_macro   0x00000000000201eb       0x16 ./Core/Src/lcd.o
 .debug_macro   0x0000000000020201       0x43 ./Core/Src/lcd.o
 .debug_macro   0x0000000000020244       0x34 ./Core/Src/lcd.o
 .debug_macro   0x0000000000020278       0x10 ./Core/Src/lcd.o
 .debug_macro   0x0000000000020288       0x58 ./Core/Src/lcd.o
 .debug_macro   0x00000000000202e0       0x71 ./Core/Src/lcd.o
 .debug_macro   0x0000000000020351       0x1c ./Core/Src/lcd.o
 .debug_macro   0x000000000002036d      0x12a ./Core/Src/lcd.o
 .debug_macro   0x0000000000020497      0x333 ./Core/Src/lcd.o
 .debug_macro   0x00000000000207ca       0x16 ./Core/Src/lcd.o
 .debug_macro   0x00000000000207e0       0x29 ./Core/Src/lcd.o
 .debug_macro   0x0000000000020809       0x16 ./Core/Src/lcd.o
 .debug_macro   0x000000000002081f       0x20 ./Core/Src/lcd.o
 .debug_macro   0x000000000002083f       0xca ./Core/Src/lcd.o
 .debug_macro   0x0000000000020909      0x226 ./Core/Src/led_7seg.o
 .debug_macro   0x0000000000020b2f      0x3a4 ./Core/Src/main.o
 .debug_macro   0x0000000000020ed3      0x22c ./Core/Src/software_timer.o
 .debug_macro   0x00000000000210ff      0x21c ./Core/Src/spi.o
 .debug_macro   0x000000000002131b      0x212 ./Core/Src/stm32f4xx_hal_msp.o
 .debug_macro   0x000000000002152d      0x21c ./Core/Src/stm32f4xx_it.o
 .debug_macro   0x0000000000021749      0x203 ./Core/Src/system_stm32f4xx.o
 .debug_macro   0x000000000002194c      0x21c ./Core/Src/tim.o
 .debug_macro   0x0000000000021b68       0x6d ./Core/Src/utils.o
 .debug_macro   0x0000000000021bd5      0x263 ./Drivers/STM32F4xx_HAL_Driver/Src/stm32f4xx_hal.o
 .debug_macro   0x0000000000021e38      0x203 ./Drivers/STM32F4xx_HAL_Driver/Src/stm32f4xx_hal_cortex.o
 .debug_macro   0x000000000002203b      0x209 ./Drivers/STM32F4xx_HAL_Driver/Src/stm32f4xx_hal_gpio.o
 .debug_macro   0x0000000000022244      0x24a ./Drivers/STM32F4xx_HAL_Driver/Src/stm32f4xx_hal_i2c.o
 .debug_macro   0x000000000002248e      0x227 ./Drivers/STM32F4xx_HAL_Driver/Src/stm32f4xx_hal_rcc.o
 .debug_macro   0x00000000000226b5      0x212 ./Drivers/STM32F4xx_HAL_Driver/Src/stm32f4xx_hal_spi.o
 .debug_macro   0x00000000000228c7      0x203 ./Drivers/STM32F4xx_HAL_Driver/Src/stm32f4xx_hal_sram.o
 .debug_macro   0x0000000000022aca      0x204 ./Drivers/STM32F4xx_HAL_Driver/Src/stm32f4xx_hal_tim.o
 .debug_macro   0x0000000000022cce      0x203 ./Drivers/STM32F4xx_HAL_Driver/Src/stm32f4xx_hal_tim_ex.o
 .debug_macro   0x0000000000022ed1      0x203 ./Drivers/STM32F4xx_HAL_Driver/Src/stm32f4xx_ll_fsmc.o

.debug_line     0x0000000000000000    0x16d84
 .debug_line    0x0000000000000000      0x7d1 ./Core/Src/button.o
 .debug_line    0x00000000000007d1      0x7e9 ./Core/Src/ds3231.o
 .debug_line    0x0000000000000fba      0x846 ./Core/Src/fsmc.o
 .debug_line    0x0000000000001800      0x7a4 ./Core/Src/gpio.o
 .debug_line    0x0000000000001fa4      0x7af ./Core/Src/i2c.o
 .debug_line    0x0000000000002753     0x106b ./Core/Src/lcd.o
 .debug_line    0x00000000000037be      0x83e ./Core/Src/led_7seg.o
 .debug_line    0x0000000000003ffc      0xafb ./Core/Src/main.o
 .debug_line    0x0000000000004af7      0x7ad ./Core/Src/software_timer.o
 .debug_line    0x00000000000052a4      0x7b7 ./Core/Src/spi.o
 .debug_line    0x0000000000005a5b      0x746 ./Core/Src/stm32f4xx_hal_msp.o
 .debug_line    0x00000000000061a1      0x820 ./Core/Src/stm32f4xx_it.o
 .debug_line    0x00000000000069c1      0x7c7 ./Core/Src/system_stm32f4xx.o
 .debug_line    0x0000000000007188      0x7b3 ./Core/Src/tim.o
 .debug_line    0x000000000000793b      0x3e2 ./Core/Src/utils.o
 .debug_line    0x0000000000007d1d       0x88 ./Core/Startup/startup_stm32f407zetx.o
 .debug_line    0x0000000000007da5      0xa2d ./Drivers/STM32F4xx_HAL_Driver/Src/stm32f4xx_hal.o
 .debug_line    0x00000000000087d2      0xcdc ./Drivers/STM32F4xx_HAL_Driver/Src/stm32f4xx_hal_cortex.o
 .debug_line    0x00000000000094ae      0xba3 ./Drivers/STM32F4xx_HAL_Driver/Src/stm32f4xx_hal_gpio.o
 .debug_line    0x000000000000a051     0x39d9 ./Drivers/STM32F4xx_HAL_Driver/Src/stm32f4xx_hal_i2c.o
 .debug_line    0x000000000000da2a      0xda9 ./Drivers/STM32F4xx_HAL_Driver/Src/stm32f4xx_hal_rcc.o
 .debug_line    0x000000000000e7d3     0x1cb5 ./Drivers/STM32F4xx_HAL_Driver/Src/stm32f4xx_hal_spi.o
 .debug_line    0x0000000000010488      0xbcf ./Drivers/STM32F4xx_HAL_Driver/Src/stm32f4xx_hal_sram.o
 .debug_line    0x0000000000011057     0x3721 ./Drivers/STM32F4xx_HAL_Driver/Src/stm32f4xx_hal_tim.o
 .debug_line    0x0000000000014778     0x1a2a ./Drivers/STM32F4xx_HAL_Driver/Src/stm32f4xx_hal_tim_ex.o
 .debug_line    0x00000000000161a2      0xbe2 ./Drivers/STM32F4xx_HAL_Driver/Src/stm32f4xx_ll_fsmc.o

.debug_str      0x0000000000000000    0xcf79e
 .debug_str     0x0000000000000000    0xc783d ./Core/Src/button.o
                                      0xc7b52 (size before relaxing)
 .debug_str     0x00000000000c783d      0x3dd ./Core/Src/ds3231.o
                                      0xc7cd9 (size before relaxing)
 .debug_str     0x00000000000c7c1a      0x3b5 ./Core/Src/fsmc.o
                                      0xc7d4f (size before relaxing)
 .debug_str     0x00000000000c7fcf       0x3c ./Core/Src/gpio.o
                                      0xc782d (size before relaxing)
 .debug_str     0x00000000000c800b       0x4b ./Core/Src/i2c.o
                                      0xc7d2d (size before relaxing)
 .debug_str     0x00000000000c8056     0x372a ./Core/Src/lcd.o
                                      0xcae9d (size before relaxing)
 .debug_str     0x00000000000cb780       0x98 ./Core/Src/led_7seg.o
                                      0xc7b8e (size before relaxing)
 .debug_str     0x00000000000cb818      0x48f ./Core/Src/main.o
                                      0xcbb9c (size before relaxing)
 .debug_str     0x00000000000cbca7       0x88 ./Core/Src/software_timer.o
                                      0xc7c5c (size before relaxing)
 .debug_str     0x00000000000cbd2f       0x4b ./Core/Src/spi.o
                                      0xc7c8a (size before relaxing)
 .debug_str     0x00000000000cbd7a       0x2c ./Core/Src/stm32f4xx_hal_msp.o
                                      0xc7790 (size before relaxing)
 .debug_str     0x00000000000cbda6       0xcd ./Core/Src/stm32f4xx_it.o
                                      0xc7c55 (size before relaxing)
 .debug_str     0x00000000000cbe73       0xaf ./Core/Src/system_stm32f4xx.o
                                      0xc75e0 (size before relaxing)
 .debug_str     0x00000000000cbf22      0x5c8 ./Core/Src/tim.o
                                      0xc82ad (size before relaxing)
 .debug_str     0x00000000000cc4ea       0x24 ./Core/Src/utils.o
                                       0x3cec (size before relaxing)
 .debug_str     0x00000000000cc50e       0x36 ./Core/Startup/startup_stm32f407zetx.o
                                         0x5b (size before relaxing)
 .debug_str     0x00000000000cc544      0x583 ./Drivers/STM32F4xx_HAL_Driver/Src/stm32f4xx_hal.o
                                      0xc80c2 (size before relaxing)
 .debug_str     0x00000000000ccac7      0x399 ./Drivers/STM32F4xx_HAL_Driver/Src/stm32f4xx_hal_cortex.o
                                      0xc7eb1 (size before relaxing)
 .debug_str     0x00000000000cce60      0x15a ./Drivers/STM32F4xx_HAL_Driver/Src/stm32f4xx_hal_gpio.o
                                      0xc7787 (size before relaxing)
 .debug_str     0x00000000000ccfba      0xac3 ./Drivers/STM32F4xx_HAL_Driver/Src/stm32f4xx_hal_i2c.o
                                      0xc8562 (size before relaxing)
 .debug_str     0x00000000000cda7d      0x24e ./Drivers/STM32F4xx_HAL_Driver/Src/stm32f4xx_hal_rcc.o
                                      0xc79e2 (size before relaxing)
 .debug_str     0x00000000000cdccb      0x564 ./Drivers/STM32F4xx_HAL_Driver/Src/stm32f4xx_hal_spi.o
                                      0xc7e84 (size before relaxing)
 .debug_str     0x00000000000ce22f      0x1b4 ./Drivers/STM32F4xx_HAL_Driver/Src/stm32f4xx_hal_sram.o
                                      0xc7afa (size before relaxing)
 .debug_str     0x00000000000ce3e3      0xdc8 ./Drivers/STM32F4xx_HAL_Driver/Src/stm32f4xx_hal_tim.o
                                      0xc890f (size before relaxing)
 .debug_str     0x00000000000cf1ab      0x4ee ./Drivers/STM32F4xx_HAL_Driver/Src/stm32f4xx_hal_tim_ex.o
                                      0xc80c0 (size before relaxing)
 .debug_str     0x00000000000cf699      0x105 ./Drivers/STM32F4xx_HAL_Driver/Src/stm32f4xx_ll_fsmc.o
                                      0xc79c1 (size before relaxing)

.comment        0x0000000000000000       0x53
 .comment       0x0000000000000000       0x53 ./Core/Src/button.o
                                         0x54 (size before relaxing)
 .comment       0x0000000000000053       0x54 ./Core/Src/ds3231.o
 .comment       0x0000000000000053       0x54 ./Core/Src/fsmc.o
 .comment       0x0000000000000053       0x54 ./Core/Src/gpio.o
 .comment       0x0000000000000053       0x54 ./Core/Src/i2c.o
 .comment       0x0000000000000053       0x54 ./Core/Src/lcd.o
 .comment       0x0000000000000053       0x54 ./Core/Src/led_7seg.o
 .comment       0x0000000000000053       0x54 ./Core/Src/main.o
 .comment       0x0000000000000053       0x54 ./Core/Src/software_timer.o
 .comment       0x0000000000000053       0x54 ./Core/Src/spi.o
 .comment       0x0000000000000053       0x54 ./Core/Src/stm32f4xx_hal_msp.o
 .comment       0x0000000000000053       0x54 ./Core/Src/stm32f4xx_it.o
 .comment       0x0000000000000053       0x54 ./Core/Src/system_stm32f4xx.o
 .comment       0x0000000000000053       0x54 ./Core/Src/tim.o
 .comment       0x0000000000000053       0x54 ./Core/Src/utils.o
 .comment       0x0000000000000053       0x54 ./Drivers/STM32F4xx_HAL_Driver/Src/stm32f4xx_hal.o
 .comment       0x0000000000000053       0x54 ./Drivers/STM32F4xx_HAL_Driver/Src/stm32f4xx_hal_cortex.o
 .comment       0x0000000000000053       0x54 ./Drivers/STM32F4xx_HAL_Driver/Src/stm32f4xx_hal_gpio.o
 .comment       0x0000000000000053       0x54 ./Drivers/STM32F4xx_HAL_Driver/Src/stm32f4xx_hal_i2c.o
 .comment       0x0000000000000053       0x54 ./Drivers/STM32F4xx_HAL_Driver/Src/stm32f4xx_hal_rcc.o
 .comment       0x0000000000000053       0x54 ./Drivers/STM32F4xx_HAL_Driver/Src/stm32f4xx_hal_spi.o
 .comment       0x0000000000000053       0x54 ./Drivers/STM32F4xx_HAL_Driver/Src/stm32f4xx_hal_sram.o
 .comment       0x0000000000000053       0x54 ./Drivers/STM32F4xx_HAL_Driver/Src/stm32f4xx_hal_tim.o
 .comment       0x0000000000000053       0x54 ./Drivers/STM32F4xx_HAL_Driver/Src/stm32f4xx_hal_tim_ex.o
 .comment       0x0000000000000053       0x54 ./Drivers/STM32F4xx_HAL_Driver/Src/stm32f4xx_ll_fsmc.o

.debug_frame    0x0000000000000000     0x49b4
 .debug_frame   0x0000000000000000       0x50 ./Core/Src/button.o
 .debug_frame   0x0000000000000050       0x74 ./Core/Src/ds3231.o
 .debug_frame   0x00000000000000c4       0xbc ./Core/Src/fsmc.o
 .debug_frame   0x0000000000000180       0x34 ./Core/Src/gpio.o
 .debug_frame   0x00000000000001b4       0x74 ./Core/Src/i2c.o
 .debug_frame   0x0000000000000228      0x3e0 ./Core/Src/lcd.o
 .debug_frame   0x0000000000000608       0xe8 ./Core/Src/led_7seg.o
 .debug_frame   0x00000000000006f0      0x160 ./Core/Src/main.o
 .debug_frame   0x0000000000000850       0x78 ./Core/Src/software_timer.o
 .debug_frame   0x00000000000008c8       0x74 ./Core/Src/spi.o
 .debug_frame   0x000000000000093c       0x38 ./Core/Src/stm32f4xx_hal_msp.o
 .debug_frame   0x0000000000000974      0x120 ./Core/Src/stm32f4xx_it.o
 .debug_frame   0x0000000000000a94       0x58 ./Core/Src/system_stm32f4xx.o
 .debug_frame   0x0000000000000aec       0x7c ./Core/Src/tim.o
 .debug_frame   0x0000000000000b68       0x60 ./Core/Src/utils.o
 .debug_frame   0x0000000000000bc8      0x374 ./Drivers/STM32F4xx_HAL_Driver/Src/stm32f4xx_hal.o
 .debug_frame   0x0000000000000f3c      0x498 ./Drivers/STM32F4xx_HAL_Driver/Src/stm32f4xx_hal_cortex.o
 .debug_frame   0x00000000000013d4      0x14c ./Drivers/STM32F4xx_HAL_Driver/Src/stm32f4xx_hal_gpio.o
 .debug_frame   0x0000000000001520      0xc5c ./Drivers/STM32F4xx_HAL_Driver/Src/stm32f4xx_hal_i2c.o
 .debug_frame   0x000000000000217c      0x1f0 ./Drivers/STM32F4xx_HAL_Driver/Src/stm32f4xx_hal_rcc.o
 .debug_frame   0x000000000000236c      0x824 ./Drivers/STM32F4xx_HAL_Driver/Src/stm32f4xx_hal_spi.o
 .debug_frame   0x0000000000002b90      0x2a0 ./Drivers/STM32F4xx_HAL_Driver/Src/stm32f4xx_hal_sram.o
 .debug_frame   0x0000000000002e30     0x11c4 ./Drivers/STM32F4xx_HAL_Driver/Src/stm32f4xx_hal_tim.o
 .debug_frame   0x0000000000003ff4      0x638 ./Drivers/STM32F4xx_HAL_Driver/Src/stm32f4xx_hal_tim_ex.o
 .debug_frame   0x000000000000462c      0x2dc ./Drivers/STM32F4xx_HAL_Driver/Src/stm32f4xx_ll_fsmc.o
 .debug_frame   0x0000000000004908       0x2c e:/downloaded/stm32cubeide_1.7.0/stm32cubeide/plugins/com.st.stm32cube.ide.mcu.externaltools.gnu-tools-for-stm32.9-2020-q2-update.win32_2.0.0.202105311346/tools/bin/../lib/gcc/arm-none-eabi/9.3.1/../../../../arm-none-eabi/lib/thumb/v7e-m+fp/hard\libc_nano.a(lib_a-init.o)
 .debug_frame   0x0000000000004934       0x20 e:/downloaded/stm32cubeide_1.7.0/stm32cubeide/plugins/com.st.stm32cube.ide.mcu.externaltools.gnu-tools-for-stm32.9-2020-q2-update.win32_2.0.0.202105311346/tools/bin/../lib/gcc/arm-none-eabi/9.3.1/../../../../arm-none-eabi/lib/thumb/v7e-m+fp/hard\libc_nano.a(lib_a-memset.o)
 .debug_frame   0x0000000000004954       0x2c e:/downloaded/stm32cubeide_1.7.0/stm32cubeide/plugins/com.st.stm32cube.ide.mcu.externaltools.gnu-tools-for-stm32.9-2020-q2-update.win32_2.0.0.202105311346/tools/bin/../lib/gcc/arm-none-eabi/9.3.1/thumb/v7e-m+fp/hard\libgcc.a(_aeabi_uldivmod.o)
 .debug_frame   0x0000000000004980       0x34 e:/downloaded/stm32cubeide_1.7.0/stm32cubeide/plugins/com.st.stm32cube.ide.mcu.externaltools.gnu-tools-for-stm32.9-2020-q2-update.win32_2.0.0.202105311346/tools/bin/../lib/gcc/arm-none-eabi/9.3.1/thumb/v7e-m+fp/hard\libgcc.a(_udivmoddi4.o)
