Archive member included to satisfy reference by file (symbol)

e:/downloaded/stm32cubeide_1.7.0/stm32cubeide/plugins/com.st.stm32cube.ide.mcu.externaltools.gnu-tools-for-stm32.9-2020-q2-update.win32_2.0.0.202105311346/tools/bin/../lib/gcc/arm-none-eabi/9.3.1/../../../../arm-none-eabi/lib/thumb/v7e-m+fp/hard\libc_nano.a(lib_a-errno.o)
                              ./Core/Src/syscalls.o (__errno)
e:/downloaded/stm32cubeide_1.7.0/stm32cubeide/plugins/com.st.stm32cube.ide.mcu.externaltools.gnu-tools-for-stm32.9-2020-q2-update.win32_2.0.0.202105311346/tools/bin/../lib/gcc/arm-none-eabi/9.3.1/../../../../arm-none-eabi/lib/thumb/v7e-m+fp/hard\libc_nano.a(lib_a-exit.o)
                              e:/downloaded/stm32cubeide_1.7.0/stm32cubeide/plugins/com.st.stm32cube.ide.mcu.externaltools.gnu-tools-for-stm32.9-2020-q2-update.win32_2.0.0.202105311346/tools/bin/../lib/gcc/arm-none-eabi/9.3.1/../../../../arm-none-eabi/lib/thumb/v7e-m+fp/hard/crt0.o (exit)
e:/downloaded/stm32cubeide_1.7.0/stm32cubeide/plugins/com.st.stm32cube.ide.mcu.externaltools.gnu-tools-for-stm32.9-2020-q2-update.win32_2.0.0.202105311346/tools/bin/../lib/gcc/arm-none-eabi/9.3.1/../../../../arm-none-eabi/lib/thumb/v7e-m+fp/hard\libc_nano.a(lib_a-impure.o)
                              e:/downloaded/stm32cubeide_1.7.0/stm32cubeide/plugins/com.st.stm32cube.ide.mcu.externaltools.gnu-tools-for-stm32.9-2020-q2-update.win32_2.0.0.202105311346/tools/bin/../lib/gcc/arm-none-eabi/9.3.1/../../../../arm-none-eabi/lib/thumb/v7e-m+fp/hard\libc_nano.a(lib_a-exit.o) (_global_impure_ptr)
e:/downloaded/stm32cubeide_1.7.0/stm32cubeide/plugins/com.st.stm32cube.ide.mcu.externaltools.gnu-tools-for-stm32.9-2020-q2-update.win32_2.0.0.202105311346/tools/bin/../lib/gcc/arm-none-eabi/9.3.1/../../../../arm-none-eabi/lib/thumb/v7e-m+fp/hard\libc_nano.a(lib_a-init.o)
                              e:/downloaded/stm32cubeide_1.7.0/stm32cubeide/plugins/com.st.stm32cube.ide.mcu.externaltools.gnu-tools-for-stm32.9-2020-q2-update.win32_2.0.0.202105311346/tools/bin/../lib/gcc/arm-none-eabi/9.3.1/../../../../arm-none-eabi/lib/thumb/v7e-m+fp/hard/crt0.o (__libc_init_array)
e:/downloaded/stm32cubeide_1.7.0/stm32cubeide/plugins/com.st.stm32cube.ide.mcu.externaltools.gnu-tools-for-stm32.9-2020-q2-update.win32_2.0.0.202105311346/tools/bin/../lib/gcc/arm-none-eabi/9.3.1/../../../../arm-none-eabi/lib/thumb/v7e-m+fp/hard\libc_nano.a(lib_a-memset.o)
                              e:/downloaded/stm32cubeide_1.7.0/stm32cubeide/plugins/com.st.stm32cube.ide.mcu.externaltools.gnu-tools-for-stm32.9-2020-q2-update.win32_2.0.0.202105311346/tools/bin/../lib/gcc/arm-none-eabi/9.3.1/../../../../arm-none-eabi/lib/thumb/v7e-m+fp/hard/crt0.o (memset)
e:/downloaded/stm32cubeide_1.7.0/stm32cubeide/plugins/com.st.stm32cube.ide.mcu.externaltools.gnu-tools-for-stm32.9-2020-q2-update.win32_2.0.0.202105311346/tools/bin/../lib/gcc/arm-none-eabi/9.3.1/../../../../arm-none-eabi/lib/thumb/v7e-m+fp/hard\libc_nano.a(lib_a-strlen.o)
                              ./Core/Src/lcd.o (strlen)
e:/downloaded/stm32cubeide_1.7.0/stm32cubeide/plugins/com.st.stm32cube.ide.mcu.externaltools.gnu-tools-for-stm32.9-2020-q2-update.win32_2.0.0.202105311346/tools/bin/../lib/gcc/arm-none-eabi/9.3.1/thumb/v7e-m+fp/hard\libgcc.a(_aeabi_uldivmod.o)
                              ./Drivers/STM32F4xx_HAL_Driver/Src/stm32f4xx_hal_rcc.o (__aeabi_uldivmod)
e:/downloaded/stm32cubeide_1.7.0/stm32cubeide/plugins/com.st.stm32cube.ide.mcu.externaltools.gnu-tools-for-stm32.9-2020-q2-update.win32_2.0.0.202105311346/tools/bin/../lib/gcc/arm-none-eabi/9.3.1/thumb/v7e-m+fp/hard\libgcc.a(_udivmoddi4.o)
                              e:/downloaded/stm32cubeide_1.7.0/stm32cubeide/plugins/com.st.stm32cube.ide.mcu.externaltools.gnu-tools-for-stm32.9-2020-q2-update.win32_2.0.0.202105311346/tools/bin/../lib/gcc/arm-none-eabi/9.3.1/thumb/v7e-m+fp/hard\libgcc.a(_aeabi_uldivmod.o) (__udivmoddi4)
e:/downloaded/stm32cubeide_1.7.0/stm32cubeide/plugins/com.st.stm32cube.ide.mcu.externaltools.gnu-tools-for-stm32.9-2020-q2-update.win32_2.0.0.202105311346/tools/bin/../lib/gcc/arm-none-eabi/9.3.1/thumb/v7e-m+fp/hard\libgcc.a(_dvmd_tls.o)
                              e:/downloaded/stm32cubeide_1.7.0/stm32cubeide/plugins/com.st.stm32cube.ide.mcu.externaltools.gnu-tools-for-stm32.9-2020-q2-update.win32_2.0.0.202105311346/tools/bin/../lib/gcc/arm-none-eabi/9.3.1/thumb/v7e-m+fp/hard\libgcc.a(_aeabi_uldivmod.o) (__aeabi_ldiv0)

Allocating common symbols
Common symbol       size              file

ds3231_sec          0x1               ./Core/Src/ds3231.o
ds3231_year         0x1               ./Core/Src/ds3231.o
hi2c1               0x54              ./Core/Src/i2c.o
flag                0x1               ./Core/Src/main.o
month               0x1               ./Core/Src/main.o
uwTick              0x4               ./Drivers/STM32F4xx_HAL_Driver/Src/stm32f4xx_hal.o
pFlash              0x20              ./Drivers/STM32F4xx_HAL_Driver/Src/stm32f4xx_hal_flash.o
[...]
Memory Configuration

Name             Origin             Length             Attributes
CCMRAM           0x0000000010000000 0x0000000000010000 xrw
RAM              0x0000000020000000 0x0000000000020000 xrw
FLASH            0x0000000008000000 0x0000000000100000 xr
*default*        0x0000000000000000 0xffffffffffffffff

Linker script and memory map

LOAD e:/downloaded/stm32cubeide_1.7.0/stm32cubeide/plugins/com.st.stm32cube.ide.mcu.externaltools.gnu-tools-for-stm32.9-2020-q2-update.win32_2.0.0.202105311346/tools/bin/../lib/gcc/arm-none-eabi/9.3.1/thumb/v7e-m+fp/hard/crti.o
LOAD e:/downloaded/stm32cubeide_1.7.0/stm32cubeide/plugins/com.st.stm32cube.ide.mcu.externaltools.gnu-tools-for-stm32.9-2020-q2-update.win32_2.0.0.202105311346/tools/bin/../lib/gcc/arm-none-eabi/9.3.1/thumb/v7e-m+fp/hard/crtbegin.o
LOAD e:/downloaded/stm32cubeide_1.7.0/stm32cubeide/plugins/com.st.stm32cube.ide.mcu.externaltools.gnu-tools-for-stm32.9-2020-q2-update.win32_2.0.0.202105311346/tools/bin/../lib/gcc/arm-none-eabi/9.3.1/../../../../arm-none-eabi/lib/thumb/v7e-m+fp/hard/crt0.o
LOAD ./Core/Src/button.o
LOAD ./Core/Src/ds3231.o
LOAD ./Core/Src/fsmc.o
LOAD ./Core/Src/gpio.o
LOAD ./Core/Src/i2c.o
LOAD ./Core/Src/lcd.o
LOAD ./Core/Src/led_7seg.o
LOAD ./Core/Src/main.o
LOAD ./Core/Src/picture.o
LOAD ./Core/Src/software_timer.o
LOAD ./Core/Src/spi.o
LOAD ./Core/Src/stm32f4xx_hal_msp.o
LOAD ./Core/Src/stm32f4xx_it.o
LOAD ./Core/Src/syscalls.o
LOAD ./Core/Src/sysmem.o
LOAD ./Core/Src/system_stm32f4xx.o
LOAD ./Core/Src/tim.o
LOAD ./Core/Src/utils.o
LOAD ./Core/Startup/startup_stm32f407zetx.o
LOAD ./Drivers/STM32F4xx_HAL_Driver/Src/stm32f4xx_hal.o
LOAD ./Drivers/STM32F4xx_HAL_Driver/Src/stm32f4xx_hal_cortex.o
LOAD ./Drivers/STM32F4xx_HAL_Driver/Src/stm32f4xx_hal_dma.o
LOAD ./Drivers/STM32F4xx_HAL_Driver/Src/stm32f4xx_hal_dma_ex.o
LOAD ./Drivers/STM32F4xx_HAL_Driver/Src/stm32f4xx_hal_exti.o
LOAD ./Drivers/STM32F4xx_HAL_Driver/Src/stm32f4xx_hal_flash.o
LOAD ./Drivers/STM32F4xx_HAL_Driver/Src/stm32f4xx_hal_flash_ex.o
LOAD ./Drivers/STM32F4xx_HAL_Driver/Src/stm32f4xx_hal_flash_ramfunc.o
LOAD ./Drivers/STM32F4xx_HAL_Driver/Src/stm32f4xx_hal_gpio.o
LOAD ./Drivers/STM32F4xx_HAL_Driver/Src/stm32f4xx_hal_i2c.o
LOAD ./Drivers/STM32F4xx_HAL_Driver/Src/stm32f4xx_hal_i2c_ex.o
LOAD ./Drivers/STM32F4xx_HAL_Driver/Src/stm32f4xx_hal_pwr.o
LOAD ./Drivers/STM32F4xx_HAL_Driver/Src/stm32f4xx_hal_pwr_ex.o
LOAD ./Drivers/STM32F4xx_HAL_Driver/Src/stm32f4xx_hal_rcc.o
LOAD ./Drivers/STM32F4xx_HAL_Driver/Src/stm32f4xx_hal_rcc_ex.o
LOAD ./Drivers/STM32F4xx_HAL_Driver/Src/stm32f4xx_hal_spi.o
LOAD ./Drivers/STM32F4xx_HAL_Driver/Src/stm32f4xx_hal_sram.o
LOAD ./Drivers/STM32F4xx_HAL_Driver/Src/stm32f4xx_hal_tim.o
LOAD ./Drivers/STM32F4xx_HAL_Driver/Src/stm32f4xx_hal_tim_ex.o
LOAD ./Drivers/STM32F4xx_HAL_Driver/Src/stm32f4xx_ll_fsmc.o
START GROUP
LOAD e:/downloaded/stm32cubeide_1.7.0/stm32cubeide/plugins/com.st.stm32cube.ide.mcu.externaltools.gnu-tools-for-stm32.9-2020-q2-update.win32_2.0.0.202105311346/tools/bin/../lib/gcc/arm-none-eabi/9.3.1/../../../../arm-none-eabi/lib/thumb/v7e-m+fp/hard\libc_nano.a
LOAD e:/downloaded/stm32cubeide_1.7.0/stm32cubeide/plugins/com.st.stm32cube.ide.mcu.externaltools.gnu-tools-for-stm32.9-2020-q2-update.win32_2.0.0.202105311346/tools/bin/../lib/gcc/arm-none-eabi/9.3.1/../../../../arm-none-eabi/lib/thumb/v7e-m+fp/hard\libm.a
END GROUP
START GROUP
LOAD e:/downloaded/stm32cubeide_1.7.0/stm32cubeide/plugins/com.st.stm32cube.ide.mcu.externaltools.gnu-tools-for-stm32.9-2020-q2-update.win32_2.0.0.202105311346/tools/bin/../lib/gcc/arm-none-eabi/9.3.1/thumb/v7e-m+fp/hard\libgcc.a
LOAD e:/downloaded/stm32cubeide_1.7.0/stm32cubeide/plugins/com.st.stm32cube.ide.mcu.externaltools.gnu-tools-for-stm32.9-2020-q2-update.win32_2.0.0.202105311346/tools/bin/../lib/gcc/arm-none-eabi/9.3.1/../../../../arm-none-eabi/lib/thumb/v7e-m+fp/hard\libc_nano.a
END GROUP
START GROUP
LOAD e:/downloaded/stm32cubeide_1.7.0/stm32cubeide/plugins/com.st.stm32cube.ide.mcu.externaltools.gnu-tools-for-stm32.9-2020-q2-update.win32_2.0.0.202105311346/tools/bin/../lib/gcc/arm-none-eabi/9.3.1/thumb/v7e-m+fp/hard\libgcc.a
LOAD e:/downloaded/stm32cubeide_1.7.0/stm32cubeide/plugins/com.st.stm32cube.ide.mcu.externaltools.gnu-tools-for-stm32.9-2020-q2-update.win32_2.0.0.202105311346/tools/bin/../lib/gcc/arm-none-eabi/9.3.1/../../../../arm-none-eabi/lib/thumb/v7e-m+fp/hard\libc_nano.a
LOAD e:/downloaded/stm32cubeide_1.7.0/stm32cubeide/plugins/com.st.stm32cube.ide.mcu.externaltools.gnu-tools-for-stm32.9-2020-q2-update.win32_2.0.0.202105311346/tools/bin/../lib/gcc/arm-none-eabi/9.3.1/../../../../arm-none-eabi/lib/thumb/v7e-m+fp/hard\libnosys.a
END GROUP
START GROUP
LOAD e:/downloaded/stm32cubeide_1.7.0/stm32cubeide/plugins/com.st.stm32cube.ide.mcu.externaltools.gnu-tools-for-stm32.9-2020-q2-update.win32_2.0.0.202105311346/tools/bin/../lib/gcc/arm-none-eabi/9.3.1/thumb/v7e-m+fp/hard\libgcc.a
LOAD e:/downloaded/stm32cubeide_1.7.0/stm32cubeide/plugins/com.st.stm32cube.ide.mcu.externaltools.gnu-tools-for-stm32.9-2020-q2-update.win32_2.0.0.202105311346/tools/bin/../lib/gcc/arm-none-eabi/9.3.1/../../../../arm-none-eabi/lib/thumb/v7e-m+fp/hard\libc_nano.a
LOAD e:/downloaded/stm32cubeide_1.7.0/stm32cubeide/plugins/com.st.stm32cube.ide.mcu.externaltools.gnu-tools-for-stm32.9-2020-q2-update.win32_2.0.0.202105311346/tools/bin/../lib/gcc/arm-none-eabi/9.3.1/../../../../arm-none-eabi/lib/thumb/v7e-m+fp/hard\libnosys.a
END GROUP
LOAD e:/downloaded/stm32cubeide_1.7.0/stm32cubeide/plugins/com.st.stm32cube.ide.mcu.externaltools.gnu-tools-for-stm32.9-2020-q2-update.win32_2.0.0.202105311346/tools/bin/../lib/gcc/arm-none-eabi/9.3.1/thumb/v7e-m+fp/hard/crtend.o
LOAD e:/downloaded/stm32cubeide_1.7.0/stm32cubeide/plugins/com.st.stm32cube.ide.mcu.externaltools.gnu-tools-for-stm32.9-2020-q2-update.win32_2.0.0.202105311346/tools/bin/../lib/gcc/arm-none-eabi/9.3.1/thumb/v7e-m+fp/hard/crtn.o
                0x0000000020020000                _estack = (ORIGIN (RAM) + LENGTH (RAM))
                0x0000000000000200                _Min_Heap_Size = 0x200
                0x0000000000000400                _Min_Stack_Size = 0x400

.isr_vector     0x0000000008000000      0x188
                0x0000000008000000                . = ALIGN (0x4)
 *(.isr_vector)
 .isr_vector    0x0000000008000000      0x188 ./Core/Startup/startup_stm32f407zetx.o
                0x0000000008000000                g_pfnVectors
                0x0000000008000188                . = ALIGN (0x4)

.text           0x0000000008000188     0x5d1c
                0x0000000008000188                . = ALIGN (0x4)
 *(.text)
 .text          0x0000000008000188       0x40 e:/downloaded/stm32cubeide_1.7.0/stm32cubeide/plugins/com.st.stm32cube.ide.mcu.externaltools.gnu-tools-for-stm32.9-2020-q2-update.win32_2.0.0.202105311346/tools/bin/../lib/gcc/arm-none-eabi/9.3.1/thumb/v7e-m+fp/hard/crtbegin.o
 .text          0x00000000080001c8       0x10 e:/downloaded/stm32cubeide_1.7.0/stm32cubeide/plugins/com.st.stm32cube.ide.mcu.externaltools.gnu-tools-for-stm32.9-2020-q2-update.win32_2.0.0.202105311346/tools/bin/../lib/gcc/arm-none-eabi/9.3.1/../../../../arm-none-eabi/lib/thumb/v7e-m+fp/hard\libc_nano.a(lib_a-strlen.o)
                0x00000000080001c8                strlen
 .text          0x00000000080001d8       0x30 e:/downloaded/stm32cubeide_1.7.0/stm32cubeide/plugins/com.st.stm32cube.ide.mcu.externaltools.gnu-tools-for-stm32.9-2020-q2-update.win32_2.0.0.202105311346/tools/bin/../lib/gcc/arm-none-eabi/9.3.1/thumb/v7e-m+fp/hard\libgcc.a(_aeabi_uldivmod.o)
                0x00000000080001d8                __aeabi_uldivmod
 .text          0x0000000008000208      0x2c4 e:/downloaded/stm32cubeide_1.7.0/stm32cubeide/plugins/com.st.stm32cube.ide.mcu.externaltools.gnu-tools-for-stm32.9-2020-q2-update.win32_2.0.0.202105311346/tools/bin/../lib/gcc/arm-none-eabi/9.3.1/thumb/v7e-m+fp/hard\libgcc.a(_udivmoddi4.o)
                0x0000000008000208                __udivmoddi4
 .text          0x00000000080004cc        0x4 e:/downloaded/stm32cubeide_1.7.0/stm32cubeide/plugins/com.st.stm32cube.ide.mcu.externaltools.gnu-tools-for-stm32.9-2020-q2-update.win32_2.0.0.202105311346/tools/bin/../lib/gcc/arm-none-eabi/9.3.1/thumb/v7e-m+fp/hard\libgcc.a(_dvmd_tls.o)
                0x00000000080004cc                __aeabi_idiv0
                0x00000000080004cc                __aeabi_ldiv0
 *(.text*)
 .text.button_init
                0x00000000080004d0       0x18 ./Core/Src/button.o
                0x00000000080004d0                button_init
 .text.button_Scan
                0x00000000080004e8       0xd8 ./Core/Src/button.o
                0x00000000080004e8                button_Scan
 .text.ds3231_init
                0x00000000080005c0       0x88 ./Core/Src/ds3231.o
                0x00000000080005c0                ds3231_init
 .text.ds3231_Write
                0x0000000008000648       0x44 ./Core/Src/ds3231.o
                0x0000000008000648                ds3231_Write
 .text.ds3231_ReadTime
                0x000000000800068c       0xc8 ./Core/Src/ds3231.o
                0x000000000800068c                ds3231_ReadTime
 .text.MX_FSMC_Init
                0x0000000008000754       0xf4 ./Core/Src/fsmc.o
                0x0000000008000754                MX_FSMC_Init
 .text.HAL_FSMC_MspInit
                0x0000000008000848       0x98 ./Core/Src/fsmc.o
 .text.HAL_SRAM_MspInit
                0x00000000080008e0       0x14 ./Core/Src/fsmc.o
                0x00000000080008e0                HAL_SRAM_MspInit
 .text.MX_GPIO_Init
                0x00000000080008f4      0x1f0 ./Core/Src/gpio.o
                0x00000000080008f4                MX_GPIO_Init
 .text.MX_I2C1_Init
                0x0000000008000ae4       0x5c ./Core/Src/i2c.o
                0x0000000008000ae4                MX_I2C1_Init
 .text.HAL_I2C_MspInit
                0x0000000008000b40       0x90 ./Core/Src/i2c.o
                0x0000000008000b40                HAL_I2C_MspInit
 .text.LCD_WR_REG
                0x0000000008000bd0       0x20 ./Core/Src/lcd.o
                0x0000000008000bd0                LCD_WR_REG
 .text.LCD_WR_DATA
                0x0000000008000bf0       0x20 ./Core/Src/lcd.o
                0x0000000008000bf0                LCD_WR_DATA
 .text.LCD_RD_DATA
                0x0000000008000c10       0x24 ./Core/Src/lcd.o
                0x0000000008000c10                LCD_RD_DATA
 .text.lcd_AddressSet
                0x0000000008000c34       0x98 ./Core/Src/lcd.o
                0x0000000008000c34                lcd_AddressSet
 .text.lcd_Clear
                0x0000000008000ccc       0x74 ./Core/Src/lcd.o
                0x0000000008000ccc                lcd_Clear
 .text.lcd_Fill
                0x0000000008000d40       0x6c ./Core/Src/lcd.o
                0x0000000008000d40                lcd_Fill
 .text.lcd_DrawPoint
                0x0000000008000dac       0x2e ./Core/Src/lcd.o
                0x0000000008000dac                lcd_DrawPoint
 *fill*         0x0000000008000dda        0x2 
 .text.lcd_ShowChar
                0x0000000008000ddc      0x1a0 ./Core/Src/lcd.o
                0x0000000008000ddc                lcd_ShowChar
 .text.mypow    0x0000000008000f7c       0x38 ./Core/Src/lcd.o
                0x0000000008000f7c                mypow
 .text.lcd_ShowIntNum
                0x0000000008000fb4       0xfc ./Core/Src/lcd.o
                0x0000000008000fb4                lcd_ShowIntNum
 .text.lcd_SetDir
                0x00000000080010b0       0x48 ./Core/Src/lcd.o
                0x00000000080010b0                lcd_SetDir
 .text.lcd_init
                0x00000000080010f8      0x2c0 ./Core/Src/lcd.o
                0x00000000080010f8                lcd_init
 .text.lcd_ShowStr
                0x00000000080013b8       0xc8 ./Core/Src/lcd.o
                0x00000000080013b8                lcd_ShowStr
 .text.lcd_StrCenter
                0x0000000008001480       0x64 ./Core/Src/lcd.o
                0x0000000008001480                lcd_StrCenter
 .text.led7_init
                0x00000000080014e4       0x18 ./Core/Src/led_7seg.o
                0x00000000080014e4                led7_init
 .text.led7_Scan
                0x00000000080014fc      0x118 ./Core/Src/led_7seg.o
                0x00000000080014fc                led7_Scan
 .text.main     0x0000000008001614       0x50 ./Core/Src/main.o
                0x0000000008001614                main
 .text.SystemClock_Config
                0x0000000008001664       0xd4 ./Core/Src/main.o
                0x0000000008001664                SystemClock_Config
 .text.system_init
                0x0000000008001738       0x44 ./Core/Src/main.o
                0x0000000008001738                system_init
 .text.isButtonUp
                0x000000000800177c       0x20 ./Core/Src/main.o
                0x000000000800177c                isButtonUp
 .text.isButtonUp2s
                0x000000000800179c       0x40 ./Core/Src/main.o
                0x000000000800179c                isButtonUp2s
 .text.display_lcd
                0x00000000080017dc       0xdc ./Core/Src/main.o
                0x00000000080017dc                display_lcd
 .text.updateTime
                0x00000000080018b8       0x40 ./Core/Src/main.o
                0x00000000080018b8                updateTime
 .text.editTime
                0x00000000080018f8       0xec ./Core/Src/main.o
                0x00000000080018f8                editTime
 .text.displayTime
                0x00000000080019e4       0xfc ./Core/Src/main.o
                0x00000000080019e4                displayTime
 .text.adjustTime
                0x0000000008001ae0      0x3d4 ./Core/Src/main.o
                0x0000000008001ae0                adjustTime
 .text.setTimer
                0x0000000008001eb4      0x1e4 ./Core/Src/main.o
                0x0000000008001eb4                setTimer
 .text.clock_mode
                0x0000000008002098      0x118 ./Core/Src/main.o
                0x0000000008002098                clock_mode
 .text.checkAlarm
                0x00000000080021b0       0x78 ./Core/Src/main.o
                0x00000000080021b0                checkAlarm
 .text.Error_Handler
                0x0000000008002228        0xa ./Core/Src/main.o
                0x0000000008002228                Error_Handler
 *fill*         0x0000000008002232        0x2 
 .text.timer_init
                0x0000000008002234       0x14 ./Core/Src/software_timer.o
                0x0000000008002234                timer_init
 .text.setTimer2
                0x0000000008002248       0x38 ./Core/Src/software_timer.o
                0x0000000008002248                setTimer2
 .text.HAL_TIM_PeriodElapsedCallback
                0x0000000008002280       0x54 ./Core/Src/software_timer.o
                0x0000000008002280                HAL_TIM_PeriodElapsedCallback
 .text.MX_SPI1_Init
                0x00000000080022d4       0x6c ./Core/Src/spi.o
                0x00000000080022d4                MX_SPI1_Init
 .text.HAL_SPI_MspInit
                0x0000000008002340       0x90 ./Core/Src/spi.o
                0x0000000008002340                HAL_SPI_MspInit
 .text.HAL_MspInit
                0x00000000080023d0       0x50 ./Core/Src/stm32f4xx_hal_msp.o
                0x00000000080023d0                HAL_MspInit
 .text.NMI_Handler
                0x0000000008002420        0x6 ./Core/Src/stm32f4xx_it.o
                0x0000000008002420                NMI_Handler
 .text.HardFault_Handler
                0x0000000008002426        0x6 ./Core/Src/stm32f4xx_it.o
                0x0000000008002426                HardFault_Handler
 .text.MemManage_Handler
                0x000000000800242c        0x6 ./Core/Src/stm32f4xx_it.o
                0x000000000800242c                MemManage_Handler
 .text.BusFault_Handler
                0x0000000008002432        0x6 ./Core/Src/stm32f4xx_it.o
                0x0000000008002432                BusFault_Handler
 .text.UsageFault_Handler
                0x0000000008002438        0x6 ./Core/Src/stm32f4xx_it.o
                0x0000000008002438                UsageFault_Handler
 .text.SVC_Handler
                0x000000000800243e        0xe ./Core/Src/stm32f4xx_it.o
                0x000000000800243e                SVC_Handler
 .text.DebugMon_Handler
                0x000000000800244c        0xe ./Core/Src/stm32f4xx_it.o
                0x000000000800244c                DebugMon_Handler
 .text.PendSV_Handler
                0x000000000800245a        0xe ./Core/Src/stm32f4xx_it.o
                0x000000000800245a                PendSV_Handler
 .text.SysTick_Handler
                0x0000000008002468        0xc ./Core/Src/stm32f4xx_it.o
                0x0000000008002468                SysTick_Handler
 .text.TIM2_IRQHandler
                0x0000000008002474       0x14 ./Core/Src/stm32f4xx_it.o
                0x0000000008002474                TIM2_IRQHandler
 .text.SystemInit
                0x0000000008002488       0x24 ./Core/Src/system_stm32f4xx.o
                0x0000000008002488                SystemInit
 .text.MX_TIM2_Init
                0x00000000080024ac       0x98 ./Core/Src/tim.o
                0x00000000080024ac                MX_TIM2_Init
 .text.HAL_TIM_Base_MspInit
                0x0000000008002544       0x4c ./Core/Src/tim.o
                0x0000000008002544                HAL_TIM_Base_MspInit
 .text.BCD2DEC  0x0000000008002590       0x32 ./Core/Src/utils.o
                0x0000000008002590                BCD2DEC
 *fill*         0x00000000080025c2        0x2 
 .text.DEC2BCD  0x00000000080025c4       0x48 ./Core/Src/utils.o
                0x00000000080025c4                DEC2BCD
 .text.Reset_Handler
                0x000000000800260c       0x50 ./Core/Startup/startup_stm32f407zetx.o
                0x000000000800260c                Reset_Handler
 .text.Default_Handler
                0x000000000800265c        0x2 ./Core/Startup/startup_stm32f407zetx.o
                0x000000000800265c                RTC_Alarm_IRQHandler
                0x000000000800265c                HASH_RNG_IRQHandler
                0x000000000800265c                EXTI2_IRQHandler
                0x000000000800265c                TIM8_CC_IRQHandler
                0x000000000800265c                TIM1_CC_IRQHandler
                0x000000000800265c                DMA2_Stream5_IRQHandler
                0x000000000800265c                DMA1_Stream5_IRQHandler
                0x000000000800265c                PVD_IRQHandler
                0x000000000800265c                SDIO_IRQHandler
                0x000000000800265c                TAMP_STAMP_IRQHandler
                0x000000000800265c                CAN2_RX1_IRQHandler
                0x000000000800265c                EXTI3_IRQHandler
                0x000000000800265c                TIM8_TRG_COM_TIM14_IRQHandler
                0x000000000800265c                TIM1_UP_TIM10_IRQHandler
                0x000000000800265c                TIM8_UP_TIM13_IRQHandler
                0x000000000800265c                I2C3_ER_IRQHandler
                0x000000000800265c                EXTI0_IRQHandler
                0x000000000800265c                I2C2_EV_IRQHandler
                0x000000000800265c                DMA1_Stream2_IRQHandler
                0x000000000800265c                CAN1_RX0_IRQHandler
                0x000000000800265c                FPU_IRQHandler
                0x000000000800265c                OTG_HS_WKUP_IRQHandler
                0x000000000800265c                CAN2_SCE_IRQHandler
                0x000000000800265c                DMA2_Stream2_IRQHandler
                0x000000000800265c                SPI1_IRQHandler
                0x000000000800265c                TIM6_DAC_IRQHandler
                0x000000000800265c                TIM1_BRK_TIM9_IRQHandler
                0x000000000800265c                DCMI_IRQHandler
                0x000000000800265c                CAN2_RX0_IRQHandler
                0x000000000800265c                DMA2_Stream3_IRQHandler
                0x000000000800265c                USART6_IRQHandler
                0x000000000800265c                USART3_IRQHandler
                0x000000000800265c                CAN1_RX1_IRQHandler
                0x000000000800265c                UART5_IRQHandler
                0x000000000800265c                DMA2_Stream0_IRQHandler
                0x000000000800265c                TIM4_IRQHandler
                0x000000000800265c                I2C1_EV_IRQHandler
                0x000000000800265c                DMA1_Stream6_IRQHandler
                0x000000000800265c                DMA1_Stream1_IRQHandler
                0x000000000800265c                UART4_IRQHandler
                0x000000000800265c                TIM3_IRQHandler
                0x000000000800265c                RCC_IRQHandler
                0x000000000800265c                TIM8_BRK_TIM12_IRQHandler
                0x000000000800265c                Default_Handler
                0x000000000800265c                EXTI15_10_IRQHandler
                0x000000000800265c                ADC_IRQHandler
                0x000000000800265c                DMA1_Stream7_IRQHandler
                0x000000000800265c                TIM7_IRQHandler
                0x000000000800265c                CAN2_TX_IRQHandler
                0x000000000800265c                TIM5_IRQHandler
                0x000000000800265c                DMA2_Stream7_IRQHandler
                0x000000000800265c                I2C3_EV_IRQHandler
                0x000000000800265c                EXTI9_5_IRQHandler
                0x000000000800265c                RTC_WKUP_IRQHandler
                0x000000000800265c                ETH_WKUP_IRQHandler
                0x000000000800265c                SPI2_IRQHandler
                0x000000000800265c                OTG_HS_EP1_IN_IRQHandler
                0x000000000800265c                DMA1_Stream0_IRQHandler
                0x000000000800265c                CAN1_TX_IRQHandler
                0x000000000800265c                EXTI4_IRQHandler
                0x000000000800265c                FSMC_IRQHandler
                0x000000000800265c                ETH_IRQHandler
                0x000000000800265c                OTG_HS_EP1_OUT_IRQHandler
                0x000000000800265c                WWDG_IRQHandler
                0x000000000800265c                OTG_FS_WKUP_IRQHandler
                0x000000000800265c                TIM1_TRG_COM_TIM11_IRQHandler
                0x000000000800265c                OTG_HS_IRQHandler
                0x000000000800265c                EXTI1_IRQHandler
                0x000000000800265c                USART2_IRQHandler
                0x000000000800265c                I2C2_ER_IRQHandler
                0x000000000800265c                DMA2_Stream1_IRQHandler
                0x000000000800265c                CAN1_SCE_IRQHandler
                0x000000000800265c                FLASH_IRQHandler
                0x000000000800265c                DMA2_Stream4_IRQHandler
                0x000000000800265c                USART1_IRQHandler
                0x000000000800265c                OTG_FS_IRQHandler
                0x000000000800265c                SPI3_IRQHandler
                0x000000000800265c                DMA1_Stream4_IRQHandler
                0x000000000800265c                I2C1_ER_IRQHandler
                0x000000000800265c                DMA2_Stream6_IRQHandler
                0x000000000800265c                DMA1_Stream3_IRQHandler
 *fill*         0x000000000800265e        0x2 
 .text.HAL_Init
                0x0000000008002660       0x44 ./Drivers/STM32F4xx_HAL_Driver/Src/stm32f4xx_hal.o
                0x0000000008002660                HAL_Init
 .text.HAL_InitTick
                0x00000000080026a4       0x60 ./Drivers/STM32F4xx_HAL_Driver/Src/stm32f4xx_hal.o
                0x00000000080026a4                HAL_InitTick
 .text.HAL_IncTick
                0x0000000008002704       0x28 ./Drivers/STM32F4xx_HAL_Driver/Src/stm32f4xx_hal.o
                0x0000000008002704                HAL_IncTick
 .text.HAL_GetTick
                0x000000000800272c       0x18 ./Drivers/STM32F4xx_HAL_Driver/Src/stm32f4xx_hal.o
                0x000000000800272c                HAL_GetTick
 .text.HAL_Delay
                0x0000000008002744       0x48 ./Drivers/STM32F4xx_HAL_Driver/Src/stm32f4xx_hal.o
                0x0000000008002744                HAL_Delay
 .text.__NVIC_SetPriorityGrouping
                0x000000000800278c       0x48 ./Drivers/STM32F4xx_HAL_Driver/Src/stm32f4xx_hal_cortex.o
 .text.__NVIC_GetPriorityGrouping
                0x00000000080027d4       0x1c ./Drivers/STM32F4xx_HAL_Driver/Src/stm32f4xx_hal_cortex.o
 .text.__NVIC_EnableIRQ
                0x00000000080027f0       0x3c ./Drivers/STM32F4xx_HAL_Driver/Src/stm32f4xx_hal_cortex.o
 .text.__NVIC_SetPriority
                0x000000000800282c       0x54 ./Drivers/STM32F4xx_HAL_Driver/Src/stm32f4xx_hal_cortex.o
 .text.NVIC_EncodePriority
                0x0000000008002880       0x66 ./Drivers/STM32F4xx_HAL_Driver/Src/stm32f4xx_hal_cortex.o
 *fill*         0x00000000080028e6        0x2 
 .text.SysTick_Config
                0x00000000080028e8       0x44 ./Drivers/STM32F4xx_HAL_Driver/Src/stm32f4xx_hal_cortex.o
 .text.HAL_NVIC_SetPriorityGrouping
                0x000000000800292c       0x16 ./Drivers/STM32F4xx_HAL_Driver/Src/stm32f4xx_hal_cortex.o
                0x000000000800292c                HAL_NVIC_SetPriorityGrouping
 .text.HAL_NVIC_SetPriority
                0x0000000008002942       0x38 ./Drivers/STM32F4xx_HAL_Driver/Src/stm32f4xx_hal_cortex.o
                0x0000000008002942                HAL_NVIC_SetPriority
 .text.HAL_NVIC_EnableIRQ
                0x000000000800297a       0x1c ./Drivers/STM32F4xx_HAL_Driver/Src/stm32f4xx_hal_cortex.o
                0x000000000800297a                HAL_NVIC_EnableIRQ
 .text.HAL_SYSTICK_Config
                0x0000000008002996       0x18 ./Drivers/STM32F4xx_HAL_Driver/Src/stm32f4xx_hal_cortex.o
                0x0000000008002996                HAL_SYSTICK_Config
 *fill*         0x00000000080029ae        0x2 
 .text.HAL_GPIO_Init
                0x00000000080029b0      0x338 ./Drivers/STM32F4xx_HAL_Driver/Src/stm32f4xx_hal_gpio.o
                0x00000000080029b0                HAL_GPIO_Init
 .text.HAL_GPIO_WritePin
                0x0000000008002ce8       0x32 ./Drivers/STM32F4xx_HAL_Driver/Src/stm32f4xx_hal_gpio.o
                0x0000000008002ce8                HAL_GPIO_WritePin
 *fill*         0x0000000008002d1a        0x2 
 .text.HAL_I2C_Init
                0x0000000008002d1c      0x288 ./Drivers/STM32F4xx_HAL_Driver/Src/stm32f4xx_hal_i2c.o
                0x0000000008002d1c                HAL_I2C_Init
 .text.HAL_I2C_Mem_Write
                0x0000000008002fa4      0x1f4 ./Drivers/STM32F4xx_HAL_Driver/Src/stm32f4xx_hal_i2c.o
                0x0000000008002fa4                HAL_I2C_Mem_Write
 .text.HAL_I2C_Mem_Read
                0x0000000008003198      0x44c ./Drivers/STM32F4xx_HAL_Driver/Src/stm32f4xx_hal_i2c.o
                0x0000000008003198                HAL_I2C_Mem_Read
 .text.HAL_I2C_IsDeviceReady
                0x00000000080035e4      0x25c ./Drivers/STM32F4xx_HAL_Driver/Src/stm32f4xx_hal_i2c.o
                0x00000000080035e4                HAL_I2C_IsDeviceReady
 .text.I2C_RequestMemoryWrite
                0x0000000008003840      0x12c ./Drivers/STM32F4xx_HAL_Driver/Src/stm32f4xx_hal_i2c.o
 .text.I2C_RequestMemoryRead
                0x000000000800396c      0x1d0 ./Drivers/STM32F4xx_HAL_Driver/Src/stm32f4xx_hal_i2c.o
 .text.I2C_WaitOnFlagUntilTimeout
                0x0000000008003b3c       0xae ./Drivers/STM32F4xx_HAL_Driver/Src/stm32f4xx_hal_i2c.o
 .text.I2C_WaitOnMasterAddressFlagUntilTimeout
                0x0000000008003bea       0xfe ./Drivers/STM32F4xx_HAL_Driver/Src/stm32f4xx_hal_i2c.o
 .text.I2C_WaitOnTXEFlagUntilTimeout
                0x0000000008003ce8       0x82 ./Drivers/STM32F4xx_HAL_Driver/Src/stm32f4xx_hal_i2c.o
 .text.I2C_WaitOnBTFFlagUntilTimeout
                0x0000000008003d6a       0x82 ./Drivers/STM32F4xx_HAL_Driver/Src/stm32f4xx_hal_i2c.o
 .text.I2C_WaitOnRXNEFlagUntilTimeout
                0x0000000008003dec       0xac ./Drivers/STM32F4xx_HAL_Driver/Src/stm32f4xx_hal_i2c.o
 .text.I2C_IsAcknowledgeFailed
                0x0000000008003e98       0x5e ./Drivers/STM32F4xx_HAL_Driver/Src/stm32f4xx_hal_i2c.o
 *fill*         0x0000000008003ef6        0x2 
 .text.HAL_RCC_OscConfig
                0x0000000008003ef8      0x4f0 ./Drivers/STM32F4xx_HAL_Driver/Src/stm32f4xx_hal_rcc.o
                0x0000000008003ef8                HAL_RCC_OscConfig
 .text.HAL_RCC_ClockConfig
                0x00000000080043e8      0x1cc ./Drivers/STM32F4xx_HAL_Driver/Src/stm32f4xx_hal_rcc.o
                0x00000000080043e8                HAL_RCC_ClockConfig
 .text.HAL_RCC_GetSysClockFreq
                0x00000000080045b4      0x1c4 ./Drivers/STM32F4xx_HAL_Driver/Src/stm32f4xx_hal_rcc.o
                0x00000000080045b4                HAL_RCC_GetSysClockFreq
 .text.HAL_RCC_GetHCLKFreq
                0x0000000008004778       0x18 ./Drivers/STM32F4xx_HAL_Driver/Src/stm32f4xx_hal_rcc.o
                0x0000000008004778                HAL_RCC_GetHCLKFreq
 .text.HAL_RCC_GetPCLK1Freq
                0x0000000008004790       0x28 ./Drivers/STM32F4xx_HAL_Driver/Src/stm32f4xx_hal_rcc.o
                0x0000000008004790                HAL_RCC_GetPCLK1Freq
 .text.HAL_SPI_Init
                0x00000000080047b8      0x112 ./Drivers/STM32F4xx_HAL_Driver/Src/stm32f4xx_hal_spi.o
                0x00000000080047b8                HAL_SPI_Init
 .text.HAL_SPI_Transmit
                0x00000000080048ca      0x278 ./Drivers/STM32F4xx_HAL_Driver/Src/stm32f4xx_hal_spi.o
                0x00000000080048ca                HAL_SPI_Transmit
 .text.HAL_SPI_Receive
                0x0000000008004b42      0x222 ./Drivers/STM32F4xx_HAL_Driver/Src/stm32f4xx_hal_spi.o
                0x0000000008004b42                HAL_SPI_Receive
 .text.HAL_SPI_TransmitReceive
                0x0000000008004d64      0x344 ./Drivers/STM32F4xx_HAL_Driver/Src/stm32f4xx_hal_spi.o
                0x0000000008004d64                HAL_SPI_TransmitReceive
 .text.SPI_WaitFlagStateUntilTimeout
                0x00000000080050a8      0x110 ./Drivers/STM32F4xx_HAL_Driver/Src/stm32f4xx_hal_spi.o
 .text.SPI_EndRxTransaction
                0x00000000080051b8       0xca ./Drivers/STM32F4xx_HAL_Driver/Src/stm32f4xx_hal_spi.o
 *fill*         0x0000000008005282        0x2 
 .text.SPI_EndRxTxTransaction
                0x0000000008005284       0x84 ./Drivers/STM32F4xx_HAL_Driver/Src/stm32f4xx_hal_spi.o
 .text.HAL_SRAM_Init
                0x0000000008005308       0x88 ./Drivers/STM32F4xx_HAL_Driver/Src/stm32f4xx_hal_sram.o
                0x0000000008005308                HAL_SRAM_Init
 .text.HAL_TIM_Base_Init
                0x0000000008005390       0x9e ./Drivers/STM32F4xx_HAL_Driver/Src/stm32f4xx_hal_tim.o
                0x0000000008005390                HAL_TIM_Base_Init
 *fill*         0x000000000800542e        0x2 
 .text.HAL_TIM_Base_Start_IT
                0x0000000008005430       0xe0 ./Drivers/STM32F4xx_HAL_Driver/Src/stm32f4xx_hal_tim.o
                0x0000000008005430                HAL_TIM_Base_Start_IT
 .text.HAL_TIM_IRQHandler
                0x0000000008005510      0x210 ./Drivers/STM32F4xx_HAL_Driver/Src/stm32f4xx_hal_tim.o
                0x0000000008005510                HAL_TIM_IRQHandler
 .text.HAL_TIM_ConfigClockSource
                0x0000000008005720      0x18e ./Drivers/STM32F4xx_HAL_Driver/Src/stm32f4xx_hal_tim.o
                0x0000000008005720                HAL_TIM_ConfigClockSource
 .text.HAL_TIM_OC_DelayElapsedCallback
                0x00000000080058ae       0x14 ./Drivers/STM32F4xx_HAL_Driver/Src/stm32f4xx_hal_tim.o
                0x00000000080058ae                HAL_TIM_OC_DelayElapsedCallback
 .text.HAL_TIM_IC_CaptureCallback
                0x00000000080058c2       0x14 ./Drivers/STM32F4xx_HAL_Driver/Src/stm32f4xx_hal_tim.o
                0x00000000080058c2                HAL_TIM_IC_CaptureCallback
 .text.HAL_TIM_PWM_PulseFinishedCallback
                0x00000000080058d6       0x14 ./Drivers/STM32F4xx_HAL_Driver/Src/stm32f4xx_hal_tim.o
                0x00000000080058d6                HAL_TIM_PWM_PulseFinishedCallback
 .text.HAL_TIM_TriggerCallback
                0x00000000080058ea       0x14 ./Drivers/STM32F4xx_HAL_Driver/Src/stm32f4xx_hal_tim.o
                0x00000000080058ea                HAL_TIM_TriggerCallback
 *fill*         0x00000000080058fe        0x2 
 .text.TIM_Base_SetConfig
                0x0000000008005900      0x140 ./Drivers/STM32F4xx_HAL_Driver/Src/stm32f4xx_hal_tim.o
                0x0000000008005900                TIM_Base_SetConfig
 .text.TIM_TI1_ConfigInputStage
                0x0000000008005a40       0x5e ./Drivers/STM32F4xx_HAL_Driver/Src/stm32f4xx_hal_tim.o
 .text.TIM_TI2_ConfigInputStage
                0x0000000008005a9e       0x60 ./Drivers/STM32F4xx_HAL_Driver/Src/stm32f4xx_hal_tim.o
 .text.TIM_ITRx_SetConfig
                0x0000000008005afe       0x36 ./Drivers/STM32F4xx_HAL_Driver/Src/stm32f4xx_hal_tim.o
 .text.TIM_ETR_SetConfig
                0x0000000008005b34       0x40 ./Drivers/STM32F4xx_HAL_Driver/Src/stm32f4xx_hal_tim.o
                0x0000000008005b34                TIM_ETR_SetConfig
 .text.HAL_TIMEx_MasterConfigSynchronization
                0x0000000008005b74       0xf8 ./Drivers/STM32F4xx_HAL_Driver/Src/stm32f4xx_hal_tim_ex.o
                0x0000000008005b74                HAL_TIMEx_MasterConfigSynchronization
 .text.HAL_TIMEx_CommutCallback
                0x0000000008005c6c       0x14 ./Drivers/STM32F4xx_HAL_Driver/Src/stm32f4xx_hal_tim_ex.o
                0x0000000008005c6c                HAL_TIMEx_CommutCallback
 .text.HAL_TIMEx_BreakCallback
                0x0000000008005c80       0x14 ./Drivers/STM32F4xx_HAL_Driver/Src/stm32f4xx_hal_tim_ex.o
                0x0000000008005c80                HAL_TIMEx_BreakCallback
 .text.FSMC_NORSRAM_Init
                0x0000000008005c94       0xa4 ./Drivers/STM32F4xx_HAL_Driver/Src/stm32f4xx_ll_fsmc.o
                0x0000000008005c94                FSMC_NORSRAM_Init
 .text.FSMC_NORSRAM_Timing_Init
                0x0000000008005d38       0x7a ./Drivers/STM32F4xx_HAL_Driver/Src/stm32f4xx_ll_fsmc.o
                0x0000000008005d38                FSMC_NORSRAM_Timing_Init
 *fill*         0x0000000008005db2        0x2 
 .text.FSMC_NORSRAM_Extended_Timing_Init
                0x0000000008005db4       0x80 ./Drivers/STM32F4xx_HAL_Driver/Src/stm32f4xx_ll_fsmc.o
                0x0000000008005db4                FSMC_NORSRAM_Extended_Timing_Init
 .text.__libc_init_array
                0x0000000008005e34       0x48 e:/downloaded/stm32cubeide_1.7.0/stm32cubeide/plugins/com.st.stm32cube.ide.mcu.externaltools.gnu-tools-for-stm32.9-2020-q2-update.win32_2.0.0.202105311346/tools/bin/../lib/gcc/arm-none-eabi/9.3.1/../../../../arm-none-eabi/lib/thumb/v7e-m+fp/hard\libc_nano.a(lib_a-init.o)
                0x0000000008005e34                __libc_init_array
 .text.memset   0x0000000008005e7c       0x10 e:/downloaded/stm32cubeide_1.7.0/stm32cubeide/plugins/com.st.stm32cube.ide.mcu.externaltools.gnu-tools-for-stm32.9-2020-q2-update.win32_2.0.0.202105311346/tools/bin/../lib/gcc/arm-none-eabi/9.3.1/../../../../arm-none-eabi/lib/thumb/v7e-m+fp/hard\libc_nano.a(lib_a-memset.o)
                0x0000000008005e7c                memset
 *(.glue_7)
 .glue_7        0x0000000008005e8c        0x0 linker stubs
 *(.glue_7t)
 .glue_7t       0x0000000008005e8c        0x0 linker stubs
 *(.eh_frame)
 .eh_frame      0x0000000008005e8c        0x0 e:/downloaded/stm32cubeide_1.7.0/stm32cubeide/plugins/com.st.stm32cube.ide.mcu.externaltools.gnu-tools-for-stm32.9-2020-q2-update.win32_2.0.0.202105311346/tools/bin/../lib/gcc/arm-none-eabi/9.3.1/thumb/v7e-m+fp/hard/crtbegin.o
 *(.init)
 .init          0x0000000008005e8c        0x4 e:/downloaded/stm32cubeide_1.7.0/stm32cubeide/plugins/com.st.stm32cube.ide.mcu.externaltools.gnu-tools-for-stm32.9-2020-q2-update.win32_2.0.0.202105311346/tools/bin/../lib/gcc/arm-none-eabi/9.3.1/thumb/v7e-m+fp/hard/crti.o
                0x0000000008005e8c                _init
 .init          0x0000000008005e90        0x8 e:/downloaded/stm32cubeide_1.7.0/stm32cubeide/plugins/com.st.stm32cube.ide.mcu.externaltools.gnu-tools-for-stm32.9-2020-q2-update.win32_2.0.0.202105311346/tools/bin/../lib/gcc/arm-none-eabi/9.3.1/thumb/v7e-m+fp/hard/crtn.o
 *(.fini)
 .fini          0x0000000008005e98        0x4 e:/downloaded/stm32cubeide_1.7.0/stm32cubeide/plugins/com.st.stm32cube.ide.mcu.externaltools.gnu-tools-for-stm32.9-2020-q2-update.win32_2.0.0.202105311346/tools/bin/../lib/gcc/arm-none-eabi/9.3.1/thumb/v7e-m+fp/hard/crti.o
                0x0000000008005e98                _fini
 .fini          0x0000000008005e9c        0x8 e:/downloaded/stm32cubeide_1.7.0/stm32cubeide/plugins/com.st.stm32cube.ide.mcu.externaltools.gnu-tools-for-stm32.9-2020-q2-update.win32_2.0.0.202105311346/tools/bin/../lib/gcc/arm-none-eabi/9.3.1/thumb/v7e-m+fp/hard/crtn.o
                0x0000000008005ea4                . = ALIGN (0x4)
                0x0000000008005ea4                _etext = .

.vfp11_veneer   0x0000000008005ea4        0x0
 .vfp11_veneer  0x0000000008005ea4        0x0 linker stubs

.v4_bx          0x0000000008005ea4        0x0
 .v4_bx         0x0000000008005ea4        0x0 linker stubs

.iplt           0x0000000008005ea4        0x0
 .iplt          0x0000000008005ea4        0x0 e:/downloaded/stm32cubeide_1.7.0/stm32cubeide/plugins/com.st.stm32cube.ide.mcu.externaltools.gnu-tools-for-stm32.9-2020-q2-update.win32_2.0.0.202105311346/tools/bin/../lib/gcc/arm-none-eabi/9.3.1/thumb/v7e-m+fp/hard/crtbegin.o

.rodata         0x0000000008005ea4     0x3008
                0x0000000008005ea4                . = ALIGN (0x4)
 *(.rodata)
 .rodata        0x0000000008005ea4       0x6f ./Core/Src/main.o
 *(.rodata*)
 *fill*         0x0000000008005f13        0x1 
 .rodata.ascii_1608
                0x0000000008005f14      0x5f0 ./Core/Src/lcd.o
                0x0000000008005f14                ascii_1608
 .rodata.ascii_2412
                0x0000000008006504     0x11d0 ./Core/Src/lcd.o
                0x0000000008006504                ascii_2412
 .rodata.ascii_3216
                0x00000000080076d4     0x17c0 ./Core/Src/lcd.o
                0x00000000080076d4                ascii_3216
 .rodata.AHBPrescTable
                0x0000000008008e94       0x10 ./Core/Src/system_stm32f4xx.o
                0x0000000008008e94                AHBPrescTable
 .rodata.APBPrescTable
                0x0000000008008ea4        0x8 ./Core/Src/system_stm32f4xx.o
                0x0000000008008ea4                APBPrescTable
                0x0000000008008eac                . = ALIGN (0x4)

.ARM.extab      0x0000000008008eac        0x0
                0x0000000008008eac                . = ALIGN (0x4)
 *(.ARM.extab* .gnu.linkonce.armextab.*)
                0x0000000008008eac                . = ALIGN (0x4)

.ARM            0x0000000008008eac        0x8
                0x0000000008008eac                . = ALIGN (0x4)
                0x0000000008008eac                __exidx_start = .
 *(.ARM.exidx*)
 .ARM.exidx     0x0000000008008eac        0x8 e:/downloaded/stm32cubeide_1.7.0/stm32cubeide/plugins/com.st.stm32cube.ide.mcu.externaltools.gnu-tools-for-stm32.9-2020-q2-update.win32_2.0.0.202105311346/tools/bin/../lib/gcc/arm-none-eabi/9.3.1/thumb/v7e-m+fp/hard\libgcc.a(_udivmoddi4.o)
                0x0000000008008eb4                __exidx_end = .
                0x0000000008008eb4                . = ALIGN (0x4)

.rel.dyn        0x0000000008008eb4        0x0
 .rel.iplt      0x0000000008008eb4        0x0 e:/downloaded/stm32cubeide_1.7.0/stm32cubeide/plugins/com.st.stm32cube.ide.mcu.externaltools.gnu-tools-for-stm32.9-2020-q2-update.win32_2.0.0.202105311346/tools/bin/../lib/gcc/arm-none-eabi/9.3.1/thumb/v7e-m+fp/hard/crtbegin.o

.preinit_array  0x0000000008008eb4        0x0
                0x0000000008008eb4                . = ALIGN (0x4)
                0x0000000008008eb4                PROVIDE (__preinit_array_start = .)
 *(.preinit_array*)
                0x0000000008008eb4                PROVIDE (__preinit_array_end = .)
                0x0000000008008eb4                . = ALIGN (0x4)

.init_array     0x0000000008008eb4        0x4
                0x0000000008008eb4                . = ALIGN (0x4)
                0x0000000008008eb4                PROVIDE (__init_array_start = .)
 *(SORT_BY_NAME(.init_array.*))
 *(.init_array*)
 .init_array    0x0000000008008eb4        0x4 e:/downloaded/stm32cubeide_1.7.0/stm32cubeide/plugins/com.st.stm32cube.ide.mcu.externaltools.gnu-tools-for-stm32.9-2020-q2-update.win32_2.0.0.202105311346/tools/bin/../lib/gcc/arm-none-eabi/9.3.1/thumb/v7e-m+fp/hard/crtbegin.o
                0x0000000008008eb8                PROVIDE (__init_array_end = .)
                0x0000000008008eb8                . = ALIGN (0x4)

.fini_array     0x0000000008008eb8        0x4
                0x0000000008008eb8                . = ALIGN (0x4)
                [!provide]                        PROVIDE (__fini_array_start = .)
 *(SORT_BY_NAME(.fini_array.*))
 *(.fini_array*)
 .fini_array    0x0000000008008eb8        0x4 e:/downloaded/stm32cubeide_1.7.0/stm32cubeide/plugins/com.st.stm32cube.ide.mcu.externaltools.gnu-tools-for-stm32.9-2020-q2-update.win32_2.0.0.202105311346/tools/bin/../lib/gcc/arm-none-eabi/9.3.1/thumb/v7e-m+fp/hard/crtbegin.o
                [!provide]                        PROVIDE (__fini_array_end = .)
                0x0000000008008ebc                . = ALIGN (0x4)
                0x0000000008008ebc                _sidata = LOADADDR (.data)

.data           0x0000000020000000       0x14 load address 0x0000000008008ebc
                0x0000000020000000                . = ALIGN (0x4)
                0x0000000020000000                _sdata = .
 *(.data)
 *(.data*)
 .data.led7seg  0x0000000020000000        0x4 ./Core/Src/led_7seg.o
                0x0000000020000000                led7seg
 .data.spi_buffer
                0x0000000020000004        0x2 ./Core/Src/led_7seg.o
                0x0000000020000004                spi_buffer
 *fill*         0x0000000020000006        0x2 
 .data.SystemCoreClock
                0x0000000020000008        0x4 ./Core/Src/system_stm32f4xx.o
                0x0000000020000008                SystemCoreClock
 .data.uwTickPrio
                0x000000002000000c        0x4 ./Drivers/STM32F4xx_HAL_Driver/Src/stm32f4xx_hal.o
                0x000000002000000c                uwTickPrio
 .data.uwTickFreq
                0x0000000020000010        0x1 ./Drivers/STM32F4xx_HAL_Driver/Src/stm32f4xx_hal.o
                0x0000000020000010                uwTickFreq
 *(.RamFunc)
 *(.RamFunc*)
                0x0000000020000014                . = ALIGN (0x4)
 *fill*         0x0000000020000011        0x3 
                0x0000000020000014                _edata = .
                0x0000000008008ed0                _siccmram = LOADADDR (.ccmram)

.igot.plt       0x0000000020000014        0x0 load address 0x0000000008008ed0
 .igot.plt      0x0000000020000014        0x0 e:/downloaded/stm32cubeide_1.7.0/stm32cubeide/plugins/com.st.stm32cube.ide.mcu.externaltools.gnu-tools-for-stm32.9-2020-q2-update.win32_2.0.0.202105311346/tools/bin/../lib/gcc/arm-none-eabi/9.3.1/thumb/v7e-m+fp/hard/crtbegin.o

.ccmram         0x0000000010000000        0x0 load address 0x0000000008008ed0
                0x0000000010000000                . = ALIGN (0x4)
                0x0000000010000000                _sccmram = .
 *(.ccmram)
 *(.ccmram*)
                0x0000000010000000                . = ALIGN (0x4)
                0x0000000010000000                _eccmram = .
                0x0000000010000000                . = ALIGN (0x4)

.bss            0x0000000020000014      0x1f4
                0x0000000020000014                _sbss = .
                0x0000000020000014                __bss_start__ = _sbss
 *(.bss)
 .bss           0x0000000020000014       0x1c e:/downloaded/stm32cubeide_1.7.0/stm32cubeide/plugins/com.st.stm32cube.ide.mcu.externaltools.gnu-tools-for-stm32.9-2020-q2-update.win32_2.0.0.202105311346/tools/bin/../lib/gcc/arm-none-eabi/9.3.1/thumb/v7e-m+fp/hard/crtbegin.o
 *(.bss*)
 .bss.spi_button
                0x0000000020000030        0x2 ./Core/Src/button.o
                0x0000000020000030                spi_button
 *fill*         0x0000000020000032        0x2 
 .bss.FSMC_Initialized
                0x0000000020000034        0x4 ./Core/Src/fsmc.o
 .bss.led7_index
                0x0000000020000038        0x4 ./Core/Src/led_7seg.o
                0x0000000020000038                led7_index
 .bss.currentMode
                0x000000002000003c        0x1 ./Core/Src/main.o
                0x000000002000003c                currentMode
 .bss.timerMode
                0x000000002000003d        0x1 ./Core/Src/main.o
                0x000000002000003d                timerMode
 .bss.adjustMode
                0x000000002000003e        0x1 ./Core/Src/main.o
                0x000000002000003e                adjustMode
 .bss.timer_hours
                0x000000002000003f        0x1 ./Core/Src/main.o
                0x000000002000003f                timer_hours
 .bss.timer_minutes
                0x0000000020000040        0x1 ./Core/Src/main.o
                0x0000000020000040                timer_minutes
 .bss.timer_seconds
                0x0000000020000041        0x1 ./Core/Src/main.o
                0x0000000020000041                timer_seconds
 .bss.timer_day
                0x0000000020000042        0x1 ./Core/Src/main.o
                0x0000000020000042                timer_day
 .bss.timer_date
                0x0000000020000043        0x1 ./Core/Src/main.o
                0x0000000020000043                timer_date
 .bss.timer_month
                0x0000000020000044        0x1 ./Core/Src/main.o
                0x0000000020000044                timer_month
 .bss.timer_year
                0x0000000020000045        0x1 ./Core/Src/main.o
                0x0000000020000045                timer_year
 .bss.flag_timer2
                0x0000000020000046        0x2 ./Core/Src/software_timer.o
                0x0000000020000046                flag_timer2
 .bss.timer2_counter
                0x0000000020000048        0x2 ./Core/Src/software_timer.o
                0x0000000020000048                timer2_counter
 .bss.timer2_MUL
                0x000000002000004a        0x2 ./Core/Src/software_timer.o
                0x000000002000004a                timer2_MUL
 *(COMMON)
 COMMON         0x000000002000004c       0x20 ./Core/Src/button.o
                0x000000002000004c                button_count
 COMMON         0x000000002000006c        0xf ./Core/Src/ds3231.o
                0x000000002000006c                ds3231_sec
                0x000000002000006d                ds3231_year
                0x000000002000006e                ds3231_min
                0x000000002000006f                ds3231_date
                0x0000000020000070                ds3231_day
                0x0000000020000071                ds3231_hours
                0x0000000020000072                ds3231_month
                0x0000000020000074                ds3231_buffer
 *fill*         0x000000002000007b        0x1 
 COMMON         0x000000002000007c       0x50 ./Core/Src/fsmc.o
                0x000000002000007c                hsram1
 COMMON         0x00000000200000cc       0x54 ./Core/Src/i2c.o
                0x00000000200000cc                hi2c1
 COMMON         0x0000000020000120       0x3a ./Core/Src/lcd.o
                0x0000000020000120                lcddev
                0x0000000020000128                s
 COMMON         0x000000002000015a        0x9 ./Core/Src/main.o
                0x000000002000015a                flag
                0x000000002000015b                month
                0x000000002000015c                counter
                0x000000002000015d                min
                0x000000002000015e                year
                0x000000002000015f                sec
                0x0000000020000160                day
                0x0000000020000161                date
                0x0000000020000162                hours
 *fill*         0x0000000020000163        0x1 
 COMMON         0x0000000020000164       0x58 ./Core/Src/spi.o
                0x0000000020000164                hspi1
 COMMON         0x00000000200001bc       0x48 ./Core/Src/tim.o
                0x00000000200001bc                htim2
 COMMON         0x0000000020000204        0x4 ./Drivers/STM32F4xx_HAL_Driver/Src/stm32f4xx_hal.o
                0x0000000020000204                uwTick
                0x0000000020000208                . = ALIGN (0x4)
                0x0000000020000208                _ebss = .
                0x0000000020000208                __bss_end__ = _ebss

._user_heap_stack
                0x0000000020000208      0x600
                0x0000000020000208                . = ALIGN (0x8)
                [!provide]                        PROVIDE (end = .)
                0x0000000020000208                PROVIDE (_end = .)
                0x0000000020000408                . = (. + _Min_Heap_Size)
 *fill*         0x0000000020000208      0x200 
                0x0000000020000808                . = (. + _Min_Stack_Size)
 *fill*         0x0000000020000408      0x400 
                0x0000000020000808                . = ALIGN (0x8)

/DISCARD/
 libc.a(*)
 libm.a(*)
 libgcc.a(*)

.ARM.attributes
                0x0000000000000000       0x30
 *(.ARM.attributes)
 .ARM.attributes
                0x0000000000000000       0x1e e:/downloaded/stm32cubeide_1.7.0/stm32cubeide/plugins/com.st.stm32cube.ide.mcu.externaltools.gnu-tools-for-stm32.9-2020-q2-update.win32_2.0.0.202105311346/tools/bin/../lib/gcc/arm-none-eabi/9.3.1/thumb/v7e-m+fp/hard/crti.o
 .ARM.attributes
                0x000000000000001e       0x34 e:/downloaded/stm32cubeide_1.7.0/stm32cubeide/plugins/com.st.stm32cube.ide.mcu.externaltools.gnu-tools-for-stm32.9-2020-q2-update.win32_2.0.0.202105311346/tools/bin/../lib/gcc/arm-none-eabi/9.3.1/thumb/v7e-m+fp/hard/crtbegin.o
 .ARM.attributes
                0x0000000000000052       0x34 ./Core/Src/button.o
 .ARM.attributes
                0x0000000000000086       0x34 ./Core/Src/ds3231.o
 .ARM.attributes
                0x00000000000000ba       0x34 ./Core/Src/fsmc.o
 .ARM.attributes
                0x00000000000000ee       0x34 ./Core/Src/gpio.o
 .ARM.attributes
                0x0000000000000122       0x34 ./Core/Src/i2c.o
 .ARM.attributes
                0x0000000000000156       0x34 ./Core/Src/lcd.o
 .ARM.attributes
                0x000000000000018a       0x34 ./Core/Src/led_7seg.o
 .ARM.attributes
                0x00000000000001be       0x34 ./Core/Src/main.o
 .ARM.attributes
                0x00000000000001f2       0x34 ./Core/Src/software_timer.o
 .ARM.attributes
                0x0000000000000226       0x34 ./Core/Src/spi.o
 .ARM.attributes
                0x000000000000025a       0x34 ./Core/Src/stm32f4xx_hal_msp.o
 .ARM.attributes
                0x000000000000028e       0x34 ./Core/Src/stm32f4xx_it.o
 .ARM.attributes
                0x00000000000002c2       0x34 ./Core/Src/system_stm32f4xx.o
 .ARM.attributes
                0x00000000000002f6       0x34 ./Core/Src/tim.o
 .ARM.attributes
                0x000000000000032a       0x34 ./Core/Src/utils.o
 .ARM.attributes
                0x000000000000035e       0x21 ./Core/Startup/startup_stm32f407zetx.o
 .ARM.attributes
                0x000000000000037f       0x34 ./Drivers/STM32F4xx_HAL_Driver/Src/stm32f4xx_hal.o
 .ARM.attributes
                0x00000000000003b3       0x34 ./Drivers/STM32F4xx_HAL_Driver/Src/stm32f4xx_hal_cortex.o
 .ARM.attributes
                0x00000000000003e7       0x34 ./Drivers/STM32F4xx_HAL_Driver/Src/stm32f4xx_hal_gpio.o
 .ARM.attributes
                0x000000000000041b       0x34 ./Drivers/STM32F4xx_HAL_Driver/Src/stm32f4xx_hal_i2c.o
 .ARM.attributes
                0x000000000000044f       0x34 ./Drivers/STM32F4xx_HAL_Driver/Src/stm32f4xx_hal_rcc.o
 .ARM.attributes
                0x0000000000000483       0x34 ./Drivers/STM32F4xx_HAL_Driver/Src/stm32f4xx_hal_spi.o
 .ARM.attributes
                0x00000000000004b7       0x34 ./Drivers/STM32F4xx_HAL_Driver/Src/stm32f4xx_hal_sram.o
 .ARM.attributes
                0x00000000000004eb       0x34 ./Drivers/STM32F4xx_HAL_Driver/Src/stm32f4xx_hal_tim.o
 .ARM.attributes
                0x000000000000051f       0x34 ./Drivers/STM32F4xx_HAL_Driver/Src/stm32f4xx_hal_tim_ex.o
 .ARM.attributes
                0x0000000000000553       0x34 ./Drivers/STM32F4xx_HAL_Driver/Src/stm32f4xx_ll_fsmc.o
 .ARM.attributes
                0x0000000000000587       0x34 e:/downloaded/stm32cubeide_1.7.0/stm32cubeide/plugins/com.st.stm32cube.ide.mcu.externaltools.gnu-tools-for-stm32.9-2020-q2-update.win32_2.0.0.202105311346/tools/bin/../lib/gcc/arm-none-eabi/9.3.1/../../../../arm-none-eabi/lib/thumb/v7e-m+fp/hard\libc_nano.a(lib_a-init.o)
 .ARM.attributes
                0x00000000000005bb       0x34 e:/downloaded/stm32cubeide_1.7.0/stm32cubeide/plugins/com.st.stm32cube.ide.mcu.externaltools.gnu-tools-for-stm32.9-2020-q2-update.win32_2.0.0.202105311346/tools/bin/../lib/gcc/arm-none-eabi/9.3.1/../../../../arm-none-eabi/lib/thumb/v7e-m+fp/hard\libc_nano.a(lib_a-memset.o)
 .ARM.attributes
                0x00000000000005ef       0x17 e:/downloaded/stm32cubeide_1.7.0/stm32cubeide/plugins/com.st.stm32cube.ide.mcu.externaltools.gnu-tools-for-stm32.9-2020-q2-update.win32_2.0.0.202105311346/tools/bin/../lib/gcc/arm-none-eabi/9.3.1/../../../../arm-none-eabi/lib/thumb/v7e-m+fp/hard\libc_nano.a(lib_a-strlen.o)
 .ARM.attributes
                0x0000000000000606       0x1e e:/downloaded/stm32cubeide_1.7.0/stm32cubeide/plugins/com.st.stm32cube.ide.mcu.externaltools.gnu-tools-for-stm32.9-2020-q2-update.win32_2.0.0.202105311346/tools/bin/../lib/gcc/arm-none-eabi/9.3.1/thumb/v7e-m+fp/hard\libgcc.a(_aeabi_uldivmod.o)
 .ARM.attributes
                0x0000000000000624       0x34 e:/downloaded/stm32cubeide_1.7.0/stm32cubeide/plugins/com.st.stm32cube.ide.mcu.externaltools.gnu-tools-for-stm32.9-2020-q2-update.win32_2.0.0.202105311346/tools/bin/../lib/gcc/arm-none-eabi/9.3.1/thumb/v7e-m+fp/hard\libgcc.a(_udivmoddi4.o)
 .ARM.attributes
                0x0000000000000658       0x1e e:/downloaded/stm32cubeide_1.7.0/stm32cubeide/plugins/com.st.stm32cube.ide.mcu.externaltools.gnu-tools-for-stm32.9-2020-q2-update.win32_2.0.0.202105311346/tools/bin/../lib/gcc/arm-none-eabi/9.3.1/thumb/v7e-m+fp/hard\libgcc.a(_dvmd_tls.o)
 .ARM.attributes
                0x0000000000000676       0x1e e:/downloaded/stm32cubeide_1.7.0/stm32cubeide/plugins/com.st.stm32cube.ide.mcu.externaltools.gnu-tools-for-stm32.9-2020-q2-update.win32_2.0.0.202105311346/tools/bin/../lib/gcc/arm-none-eabi/9.3.1/thumb/v7e-m+fp/hard/crtn.o
OUTPUT(Bai4_I2C_Realtimeclock.elf elf32-littlearm)
LOAD linker stubs
LOAD e:/downloaded/stm32cubeide_1.7.0/stm32cubeide/plugins/com.st.stm32cube.ide.mcu.externaltools.gnu-tools-for-stm32.9-2020-q2-update.win32_2.0.0.202105311346/tools/bin/../lib/gcc/arm-none-eabi/9.3.1/../../../../arm-none-eabi/lib/thumb/v7e-m+fp/hard\libc.a
LOAD e:/downloaded/stm32cubeide_1.7.0/stm32cubeide/plugins/com.st.stm32cube.ide.mcu.externaltools.gnu-tools-for-stm32.9-2020-q2-update.win32_2.0.0.202105311346/tools/bin/../lib/gcc/arm-none-eabi/9.3.1/../../../../arm-none-eabi/lib/thumb/v7e-m+fp/hard\libm.a
LOAD e:/downloaded/stm32cubeide_1.7.0/stm32cubeide/plugins/com.st.stm32cube.ide.mcu.externaltools.gnu-tools-for-stm32.9-2020-q2-update.win32_2.0.0.202105311346/tools/bin/../lib/gcc/arm-none-eabi/9.3.1/thumb/v7e-m+fp/hard\libgcc.a

.debug_info     0x0000000000000000    0x15edf
 .debug_info    0x0000000000000000      0x7f4 ./Core/Src/button.o
 .debug_info    0x00000000000007f4      0x839 ./Core/Src/ds3231.o
 .debug_info    0x000000000000102d      0xa96 ./Core/Src/fsmc.o
 .debug_info    0x0000000000001ac3      0x569 ./Core/Src/gpio.o
 .debug_info    0x000000000000202c      0xa7d ./Core/Src/i2c.o
 .debug_info    0x0000000000002aa9     0x17e8 ./Core/Src/lcd.o
 .debug_info    0x0000000000004291      0x89c ./Core/Src/led_7seg.o
 .debug_info    0x0000000000004b2d     0x214d ./Core/Src/main.o
 .debug_info    0x0000000000006c7a      0x81e ./Core/Src/software_timer.o
 .debug_info    0x0000000000007498      0xa5a ./Core/Src/spi.o
 .debug_info    0x0000000000007ef2      0x394 ./Core/Src/stm32f4xx_hal_msp.o
 .debug_info    0x0000000000008286      0x801 ./Core/Src/stm32f4xx_it.o
 .debug_info    0x0000000000008a87      0x5a4 ./Core/Src/system_stm32f4xx.o
 .debug_info    0x000000000000902b      0xc88 ./Core/Src/tim.o
 .debug_info    0x0000000000009cb3       0xd8 ./Core/Src/utils.o
 .debug_info    0x0000000000009d8b       0x22 ./Core/Startup/startup_stm32f407zetx.o
 .debug_info    0x0000000000009dad      0x9b2 ./Drivers/STM32F4xx_HAL_Driver/Src/stm32f4xx_hal.o
 .debug_info    0x000000000000a75f      0xed7 ./Drivers/STM32F4xx_HAL_Driver/Src/stm32f4xx_hal_cortex.o
 .debug_info    0x000000000000b636      0x83e ./Drivers/STM32F4xx_HAL_Driver/Src/stm32f4xx_hal_gpio.o
 .debug_info    0x000000000000be74     0x264d ./Drivers/STM32F4xx_HAL_Driver/Src/stm32f4xx_hal_i2c.o
 .debug_info    0x000000000000e4c1      0x996 ./Drivers/STM32F4xx_HAL_Driver/Src/stm32f4xx_hal_rcc.o
 .debug_info    0x000000000000ee57     0x17c0 ./Drivers/STM32F4xx_HAL_Driver/Src/stm32f4xx_hal_spi.o
 .debug_info    0x0000000000010617      0xbab ./Drivers/STM32F4xx_HAL_Driver/Src/stm32f4xx_hal_sram.o
 .debug_info    0x00000000000111c2     0x2c22 ./Drivers/STM32F4xx_HAL_Driver/Src/stm32f4xx_hal_tim.o
 .debug_info    0x0000000000013de4     0x15a2 ./Drivers/STM32F4xx_HAL_Driver/Src/stm32f4xx_hal_tim_ex.o
 .debug_info    0x0000000000015386      0xb59 ./Drivers/STM32F4xx_HAL_Driver/Src/stm32f4xx_ll_fsmc.o

.debug_abbrev   0x0000000000000000     0x31a3
 .debug_abbrev  0x0000000000000000      0x1bf ./Core/Src/button.o
 .debug_abbrev  0x00000000000001bf      0x1a7 ./Core/Src/ds3231.o
 .debug_abbrev  0x0000000000000366      0x1e2 ./Core/Src/fsmc.o
 .debug_abbrev  0x0000000000000548      0x14e ./Core/Src/gpio.o
 .debug_abbrev  0x0000000000000696      0x1bb ./Core/Src/i2c.o
 .debug_abbrev  0x0000000000000851      0x390 ./Core/Src/lcd.o
 .debug_abbrev  0x0000000000000be1      0x1a9 ./Core/Src/led_7seg.o
 .debug_abbrev  0x0000000000000d8a      0x369 ./Core/Src/main.o
 .debug_abbrev  0x00000000000010f3      0x1e4 ./Core/Src/software_timer.o
 .debug_abbrev  0x00000000000012d7      0x1bb ./Core/Src/spi.o
 .debug_abbrev  0x0000000000001492      0x11d ./Core/Src/stm32f4xx_hal_msp.o
 .debug_abbrev  0x00000000000015af      0x176 ./Core/Src/stm32f4xx_it.o
 .debug_abbrev  0x0000000000001725      0x145 ./Core/Src/system_stm32f4xx.o
 .debug_abbrev  0x000000000000186a      0x1bb ./Core/Src/tim.o
 .debug_abbrev  0x0000000000001a25       0x87 ./Core/Src/utils.o
 .debug_abbrev  0x0000000000001aac       0x12 ./Core/Startup/startup_stm32f407zetx.o
 .debug_abbrev  0x0000000000001abe      0x1ed ./Drivers/STM32F4xx_HAL_Driver/Src/stm32f4xx_hal.o
 .debug_abbrev  0x0000000000001cab      0x33c ./Drivers/STM32F4xx_HAL_Driver/Src/stm32f4xx_hal_cortex.o
 .debug_abbrev  0x0000000000001fe7      0x1f1 ./Drivers/STM32F4xx_HAL_Driver/Src/stm32f4xx_hal_gpio.o
 .debug_abbrev  0x00000000000021d8      0x282 ./Drivers/STM32F4xx_HAL_Driver/Src/stm32f4xx_hal_i2c.o
 .debug_abbrev  0x000000000000245a      0x275 ./Drivers/STM32F4xx_HAL_Driver/Src/stm32f4xx_hal_rcc.o
 .debug_abbrev  0x00000000000026cf      0x26e ./Drivers/STM32F4xx_HAL_Driver/Src/stm32f4xx_hal_spi.o
 .debug_abbrev  0x000000000000293d      0x1f4 ./Drivers/STM32F4xx_HAL_Driver/Src/stm32f4xx_hal_sram.o
 .debug_abbrev  0x0000000000002b31      0x25e ./Drivers/STM32F4xx_HAL_Driver/Src/stm32f4xx_hal_tim.o
 .debug_abbrev  0x0000000000002d8f      0x266 ./Drivers/STM32F4xx_HAL_Driver/Src/stm32f4xx_hal_tim_ex.o
 .debug_abbrev  0x0000000000002ff5      0x1ae ./Drivers/STM32F4xx_HAL_Driver/Src/stm32f4xx_ll_fsmc.o

.debug_aranges  0x0000000000000000     0x1238
 .debug_aranges
                0x0000000000000000       0x28 ./Core/Src/button.o
 .debug_aranges
                0x0000000000000028       0x30 ./Core/Src/ds3231.o
 .debug_aranges
                0x0000000000000058       0x40 ./Core/Src/fsmc.o
 .debug_aranges
                0x0000000000000098       0x20 ./Core/Src/gpio.o
 .debug_aranges
                0x00000000000000b8       0x30 ./Core/Src/i2c.o
 .debug_aranges
                0x00000000000000e8       0xe8 ./Core/Src/lcd.o
 .debug_aranges
                0x00000000000001d0       0x48 ./Core/Src/led_7seg.o
 .debug_aranges
                0x0000000000000218       0xb8 ./Core/Src/main.o
 .debug_aranges
                0x00000000000002d0       0x30 ./Core/Src/software_timer.o
 .debug_aranges
                0x0000000000000300       0x30 ./Core/Src/spi.o
 .debug_aranges
                0x0000000000000330       0x20 ./Core/Src/stm32f4xx_hal_msp.o
 .debug_aranges
                0x0000000000000350       0x68 ./Core/Src/stm32f4xx_it.o
 .debug_aranges
                0x00000000000003b8       0x28 ./Core/Src/system_stm32f4xx.o
 .debug_aranges
                0x00000000000003e0       0x30 ./Core/Src/tim.o
 .debug_aranges
                0x0000000000000410       0x28 ./Core/Src/utils.o
 .debug_aranges
                0x0000000000000438       0x28 ./Core/Startup/startup_stm32f407zetx.o
 .debug_aranges
                0x0000000000000460       0xf0 ./Drivers/STM32F4xx_HAL_Driver/Src/stm32f4xx_hal.o
 .debug_aranges
                0x0000000000000550      0x118 ./Drivers/STM32F4xx_HAL_Driver/Src/stm32f4xx_hal_cortex.o
 .debug_aranges
                0x0000000000000668       0x58 ./Drivers/STM32F4xx_HAL_Driver/Src/stm32f4xx_hal_gpio.o
 .debug_aranges
                0x00000000000006c0      0x2a0 ./Drivers/STM32F4xx_HAL_Driver/Src/stm32f4xx_hal_i2c.o
 .debug_aranges
                0x0000000000000960       0x88 ./Drivers/STM32F4xx_HAL_Driver/Src/stm32f4xx_hal_rcc.o
 .debug_aranges
                0x00000000000009e8      0x1d0 ./Drivers/STM32F4xx_HAL_Driver/Src/stm32f4xx_hal_spi.o
 .debug_aranges
                0x0000000000000bb8       0xa0 ./Drivers/STM32F4xx_HAL_Driver/Src/stm32f4xx_hal_sram.o
 .debug_aranges
                0x0000000000000c58      0x3d0 ./Drivers/STM32F4xx_HAL_Driver/Src/stm32f4xx_hal_tim.o
 .debug_aranges
                0x0000000000001028      0x168 ./Drivers/STM32F4xx_HAL_Driver/Src/stm32f4xx_hal_tim_ex.o
 .debug_aranges
                0x0000000000001190       0xa8 ./Drivers/STM32F4xx_HAL_Driver/Src/stm32f4xx_ll_fsmc.o

.debug_ranges   0x0000000000000000     0x10c8
 .debug_ranges  0x0000000000000000       0x18 ./Core/Src/button.o
 .debug_ranges  0x0000000000000018       0x20 ./Core/Src/ds3231.o
 .debug_ranges  0x0000000000000038       0x30 ./Core/Src/fsmc.o
 .debug_ranges  0x0000000000000068       0x10 ./Core/Src/gpio.o
 .debug_ranges  0x0000000000000078       0x20 ./Core/Src/i2c.o
 .debug_ranges  0x0000000000000098       0xd8 ./Core/Src/lcd.o
 .debug_ranges  0x0000000000000170       0x38 ./Core/Src/led_7seg.o
 .debug_ranges  0x00000000000001a8       0xa8 ./Core/Src/main.o
 .debug_ranges  0x0000000000000250       0x20 ./Core/Src/software_timer.o
 .debug_ranges  0x0000000000000270       0x20 ./Core/Src/spi.o
 .debug_ranges  0x0000000000000290       0x10 ./Core/Src/stm32f4xx_hal_msp.o
 .debug_ranges  0x00000000000002a0       0x58 ./Core/Src/stm32f4xx_it.o
 .debug_ranges  0x00000000000002f8       0x18 ./Core/Src/system_stm32f4xx.o
 .debug_ranges  0x0000000000000310       0x20 ./Core/Src/tim.o
 .debug_ranges  0x0000000000000330       0x18 ./Core/Src/utils.o
 .debug_ranges  0x0000000000000348       0x20 ./Core/Startup/startup_stm32f407zetx.o
 .debug_ranges  0x0000000000000368       0xe0 ./Drivers/STM32F4xx_HAL_Driver/Src/stm32f4xx_hal.o
 .debug_ranges  0x0000000000000448      0x108 ./Drivers/STM32F4xx_HAL_Driver/Src/stm32f4xx_hal_cortex.o
 .debug_ranges  0x0000000000000550       0x48 ./Drivers/STM32F4xx_HAL_Driver/Src/stm32f4xx_hal_gpio.o
 .debug_ranges  0x0000000000000598      0x2b8 ./Drivers/STM32F4xx_HAL_Driver/Src/stm32f4xx_hal_i2c.o
 .debug_ranges  0x0000000000000850       0x78 ./Drivers/STM32F4xx_HAL_Driver/Src/stm32f4xx_hal_rcc.o
 .debug_ranges  0x00000000000008c8      0x1c0 ./Drivers/STM32F4xx_HAL_Driver/Src/stm32f4xx_hal_spi.o
 .debug_ranges  0x0000000000000a88       0x90 ./Drivers/STM32F4xx_HAL_Driver/Src/stm32f4xx_hal_sram.o
 .debug_ranges  0x0000000000000b18      0x3c0 ./Drivers/STM32F4xx_HAL_Driver/Src/stm32f4xx_hal_tim.o
 .debug_ranges  0x0000000000000ed8      0x158 ./Drivers/STM32F4xx_HAL_Driver/Src/stm32f4xx_hal_tim_ex.o
 .debug_ranges  0x0000000000001030       0x98 ./Drivers/STM32F4xx_HAL_Driver/Src/stm32f4xx_ll_fsmc.o

.debug_macro    0x0000000000000000    0x230d4
 .debug_macro   0x0000000000000000      0x230 ./Core/Src/button.o
 .debug_macro   0x0000000000000230      0xaa8 ./Core/Src/button.o
 .debug_macro   0x0000000000000cd8      0x2a7 ./Core/Src/button.o
 .debug_macro   0x0000000000000f7f       0x2e ./Core/Src/button.o
 .debug_macro   0x0000000000000fad       0x2f ./Core/Src/button.o
 .debug_macro   0x0000000000000fdc       0x22 ./Core/Src/button.o
 .debug_macro   0x0000000000000ffe       0x8e ./Core/Src/button.o
 .debug_macro   0x000000000000108c       0x51 ./Core/Src/button.o
 .debug_macro   0x00000000000010dd      0x103 ./Core/Src/button.o
 .debug_macro   0x00000000000011e0       0x6a ./Core/Src/button.o
 .debug_macro   0x000000000000124a      0x1df ./Core/Src/button.o
 .debug_macro   0x0000000000001429       0x1c ./Core/Src/button.o
 .debug_macro   0x0000000000001445       0x22 ./Core/Src/button.o
 .debug_macro   0x0000000000001467       0xdf ./Core/Src/button.o
 .debug_macro   0x0000000000001546     0x102d ./Core/Src/button.o
 .debug_macro   0x0000000000002573      0x11f ./Core/Src/button.o
 .debug_macro   0x0000000000002692    0x15e58 ./Core/Src/button.o
 .debug_macro   0x00000000000184ea       0x6d ./Core/Src/button.o
 .debug_macro   0x0000000000018557     0x3666 ./Core/Src/button.o
 .debug_macro   0x000000000001bbbd      0x174 ./Core/Src/button.o
 .debug_macro   0x000000000001bd31       0x5c ./Core/Src/button.o
 .debug_macro   0x000000000001bd8d      0x96b ./Core/Src/button.o
 .debug_macro   0x000000000001c6f8      0x9fe ./Core/Src/button.o
 .debug_macro   0x000000000001d0f6      0x116 ./Core/Src/button.o
 .debug_macro   0x000000000001d20c      0x13e ./Core/Src/button.o
 .debug_macro   0x000000000001d34a       0xa5 ./Core/Src/button.o
 .debug_macro   0x000000000001d3ef      0x174 ./Core/Src/button.o
 .debug_macro   0x000000000001d563      0x287 ./Core/Src/button.o
 .debug_macro   0x000000000001d7ea       0x5f ./Core/Src/button.o
 .debug_macro   0x000000000001d849      0x236 ./Core/Src/button.o
 .debug_macro   0x000000000001da7f      0x12c ./Core/Src/button.o
 .debug_macro   0x000000000001dbab      0x21e ./Core/Src/button.o
 .debug_macro   0x000000000001ddc9       0x2e ./Core/Src/button.o
 .debug_macro   0x000000000001ddf7      0x543 ./Core/Src/button.o
 .debug_macro   0x000000000001e33a      0x1b5 ./Core/Src/button.o
 .debug_macro   0x000000000001e4ef       0xd6 ./Core/Src/button.o
 .debug_macro   0x000000000001e5c5      0x11a ./Core/Src/button.o
 .debug_macro   0x000000000001e6df       0x7e ./Core/Src/button.o
 .debug_macro   0x000000000001e75d       0x89 ./Core/Src/button.o
 .debug_macro   0x000000000001e7e6      0x225 ./Core/Src/button.o
 .debug_macro   0x000000000001ea0b      0x8d1 ./Core/Src/button.o
 .debug_macro   0x000000000001f2dc       0x47 ./Core/Src/button.o
 .debug_macro   0x000000000001f323      0x12d ./Core/Src/button.o
 .debug_macro   0x000000000001f450       0x88 ./Core/Src/button.o
 .debug_macro   0x000000000001f4d8      0x23b ./Core/Src/ds3231.o
 .debug_macro   0x000000000001f713       0x2e ./Core/Src/ds3231.o
 .debug_macro   0x000000000001f741      0x21c ./Core/Src/fsmc.o
 .debug_macro   0x000000000001f95d      0x21c ./Core/Src/gpio.o
 .debug_macro   0x000000000001fb79      0x21c ./Core/Src/i2c.o
 .debug_macro   0x000000000001fd95      0x331 ./Core/Src/lcd.o
 .debug_macro   0x00000000000200c6       0x18 ./Core/Src/lcd.o
 .debug_macro   0x00000000000200de       0x52 ./Core/Src/lcd.o
 .debug_macro   0x0000000000020130       0x3c ./Core/Src/lcd.o
 .debug_macro   0x000000000002016c       0x34 ./Core/Src/lcd.o
 .debug_macro   0x00000000000201a0       0x16 ./Core/Src/lcd.o
 .debug_macro   0x00000000000201b6       0x35 ./Core/Src/lcd.o
 .debug_macro   0x00000000000201eb       0x16 ./Core/Src/lcd.o
 .debug_macro   0x0000000000020201       0x43 ./Core/Src/lcd.o
 .debug_macro   0x0000000000020244       0x34 ./Core/Src/lcd.o
 .debug_macro   0x0000000000020278       0x10 ./Core/Src/lcd.o
 .debug_macro   0x0000000000020288       0x58 ./Core/Src/lcd.o
 .debug_macro   0x00000000000202e0       0x71 ./Core/Src/lcd.o
 .debug_macro   0x0000000000020351       0x1c ./Core/Src/lcd.o
 .debug_macro   0x000000000002036d      0x12a ./Core/Src/lcd.o
 .debug_macro   0x0000000000020497      0x333 ./Core/Src/lcd.o
 .debug_macro   0x00000000000207ca       0x16 ./Core/Src/lcd.o
 .debug_macro   0x00000000000207e0       0x29 ./Core/Src/lcd.o
 .debug_macro   0x0000000000020809       0x16 ./Core/Src/lcd.o
 .debug_macro   0x000000000002081f       0x20 ./Core/Src/lcd.o
 .debug_macro   0x000000000002083f       0xca ./Core/Src/lcd.o
 .debug_macro   0x0000000000020909      0x226 ./Core/Src/led_7seg.o
 .debug_macro   0x0000000000020b2f      0x3a4 ./Core/Src/main.o
 .debug_macro   0x0000000000020ed3      0x22c ./Core/Src/software_timer.o
 .debug_macro   0x00000000000210ff      0x21c ./Core/Src/spi.o
 .debug_macro   0x000000000002131b      0x212 ./Core/Src/stm32f4xx_hal_msp.o
 .debug_macro   0x000000000002152d      0x21c ./Core/Src/stm32f4xx_it.o
 .debug_macro   0x0000000000021749      0x203 ./Core/Src/system_stm32f4xx.o
 .debug_macro   0x000000000002194c      0x21c ./Core/Src/tim.o
 .debug_macro   0x0000000000021b68       0x6d ./Core/Src/utils.o
 .debug_macro   0x0000000000021bd5      0x263 ./Drivers/STM32F4xx_HAL_Driver/Src/stm32f4xx_hal.o
 .debug_macro   0x0000000000021e38      0x203 ./Drivers/STM32F4xx_HAL_Driver/Src/stm32f4xx_hal_cortex.o
 .debug_macro   0x000000000002203b      0x209 ./Drivers/STM32F4xx_HAL_Driver/Src/stm32f4xx_hal_gpio.o
 .debug_macro   0x0000000000022244      0x24a ./Drivers/STM32F4xx_HAL_Driver/Src/stm32f4xx_hal_i2c.o
 .debug_macro   0x000000000002248e      0x227 ./Drivers/STM32F4xx_HAL_Driver/Src/stm32f4xx_hal_rcc.o
 .debug_macro   0x00000000000226b5      0x212 ./Drivers/STM32F4xx_HAL_Driver/Src/stm32f4xx_hal_spi.o
 .debug_macro   0x00000000000228c7      0x203 ./Drivers/STM32F4xx_HAL_Driver/Src/stm32f4xx_hal_sram.o
 .debug_macro   0x0000000000022aca      0x204 ./Drivers/STM32F4xx_HAL_Driver/Src/stm32f4xx_hal_tim.o
 .debug_macro   0x0000000000022cce      0x203 ./Drivers/STM32F4xx_HAL_Driver/Src/stm32f4xx_hal_tim_ex.o
 .debug_macro   0x0000000000022ed1      0x203 ./Drivers/STM32F4xx_HAL_Driver/Src/stm32f4xx_ll_fsmc.o

.debug_line     0x0000000000000000    0x170a3
 .debug_line    0x0000000000000000      0x7d1 ./Core/Src/button.o
 .debug_line    0x00000000000007d1      0x7e9 ./Core/Src/ds3231.o
 .debug_line    0x0000000000000fba      0x846 ./Core/Src/fsmc.o
 .debug_line    0x0000000000001800      0x7a4 ./Core/Src/gpio.o
 .debug_line    0x0000000000001fa4      0x7af ./Core/Src/i2c.o
 .debug_line    0x0000000000002753     0x106b ./Core/Src/lcd.o
 .debug_line    0x00000000000037be      0x83e ./Core/Src/led_7seg.o
 .debug_line    0x0000000000003ffc      0xe1a ./Core/Src/main.o
 .debug_line    0x0000000000004e16      0x7ad ./Core/Src/software_timer.o
 .debug_line    0x00000000000055c3      0x7b7 ./Core/Src/spi.o
 .debug_line    0x0000000000005d7a      0x746 ./Core/Src/stm32f4xx_hal_msp.o
 .debug_line    0x00000000000064c0      0x820 ./Core/Src/stm32f4xx_it.o
 .debug_line    0x0000000000006ce0      0x7c7 ./Core/Src/system_stm32f4xx.o
 .debug_line    0x00000000000074a7      0x7b3 ./Core/Src/tim.o
 .debug_line    0x0000000000007c5a      0x3e2 ./Core/Src/utils.o
 .debug_line    0x000000000000803c       0x88 ./Core/Startup/startup_stm32f407zetx.o
 .debug_line    0x00000000000080c4      0xa2d ./Drivers/STM32F4xx_HAL_Driver/Src/stm32f4xx_hal.o
 .debug_line    0x0000000000008af1      0xcdc ./Drivers/STM32F4xx_HAL_Driver/Src/stm32f4xx_hal_cortex.o
 .debug_line    0x00000000000097cd      0xba3 ./Drivers/STM32F4xx_HAL_Driver/Src/stm32f4xx_hal_gpio.o
 .debug_line    0x000000000000a370     0x39d9 ./Drivers/STM32F4xx_HAL_Driver/Src/stm32f4xx_hal_i2c.o
 .debug_line    0x000000000000dd49      0xda9 ./Drivers/STM32F4xx_HAL_Driver/Src/stm32f4xx_hal_rcc.o
 .debug_line    0x000000000000eaf2     0x1cb5 ./Drivers/STM32F4xx_HAL_Driver/Src/stm32f4xx_hal_spi.o
 .debug_line    0x00000000000107a7      0xbcf ./Drivers/STM32F4xx_HAL_Driver/Src/stm32f4xx_hal_sram.o
 .debug_line    0x0000000000011376     0x3721 ./Drivers/STM32F4xx_HAL_Driver/Src/stm32f4xx_hal_tim.o
 .debug_line    0x0000000000014a97     0x1a2a ./Drivers/STM32F4xx_HAL_Driver/Src/stm32f4xx_hal_tim_ex.o
 .debug_line    0x00000000000164c1      0xbe2 ./Drivers/STM32F4xx_HAL_Driver/Src/stm32f4xx_ll_fsmc.o

.debug_str      0x0000000000000000    0xcf8c2
 .debug_str     0x0000000000000000    0xc783d ./Core/Src/button.o
                                      0xc7b52 (size before relaxing)
 .debug_str     0x00000000000c783d      0x3dd ./Core/Src/ds3231.o
                                      0xc7cd9 (size before relaxing)
 .debug_str     0x00000000000c7c1a      0x3b5 ./Core/Src/fsmc.o
                                      0xc7d4f (size before relaxing)
 .debug_str     0x00000000000c7fcf       0x3c ./Core/Src/gpio.o
                                      0xc782d (size before relaxing)
 .debug_str     0x00000000000c800b       0x4b ./Core/Src/i2c.o
                                      0xc7d2d (size before relaxing)
 .debug_str     0x00000000000c8056     0x372a ./Core/Src/lcd.o
                                      0xcae9d (size before relaxing)
 .debug_str     0x00000000000cb780       0x98 ./Core/Src/led_7seg.o
                                      0xc7b8e (size before relaxing)
 .debug_str     0x00000000000cb818      0x5b3 ./Core/Src/main.o
                                      0xcbce3 (size before relaxing)
 .debug_str     0x00000000000cbdcb       0x88 ./Core/Src/software_timer.o
                                      0xc7c5c (size before relaxing)
 .debug_str     0x00000000000cbe53       0x4b ./Core/Src/spi.o
                                      0xc7c8a (size before relaxing)
 .debug_str     0x00000000000cbe9e       0x2c ./Core/Src/stm32f4xx_hal_msp.o
                                      0xc7790 (size before relaxing)
 .debug_str     0x00000000000cbeca       0xcd ./Core/Src/stm32f4xx_it.o
                                      0xc7c55 (size before relaxing)
 .debug_str     0x00000000000cbf97       0xaf ./Core/Src/system_stm32f4xx.o
                                      0xc75e0 (size before relaxing)
 .debug_str     0x00000000000cc046      0x5c8 ./Core/Src/tim.o
                                      0xc82ad (size before relaxing)
 .debug_str     0x00000000000cc60e       0x24 ./Core/Src/utils.o
                                       0x3cec (size before relaxing)
 .debug_str     0x00000000000cc632       0x36 ./Core/Startup/startup_stm32f407zetx.o
                                         0x5b (size before relaxing)
 .debug_str     0x00000000000cc668      0x583 ./Drivers/STM32F4xx_HAL_Driver/Src/stm32f4xx_hal.o
                                      0xc80c2 (size before relaxing)
 .debug_str     0x00000000000ccbeb      0x399 ./Drivers/STM32F4xx_HAL_Driver/Src/stm32f4xx_hal_cortex.o
                                      0xc7eb1 (size before relaxing)
 .debug_str     0x00000000000ccf84      0x15a ./Drivers/STM32F4xx_HAL_Driver/Src/stm32f4xx_hal_gpio.o
                                      0xc7787 (size before relaxing)
 .debug_str     0x00000000000cd0de      0xac3 ./Drivers/STM32F4xx_HAL_Driver/Src/stm32f4xx_hal_i2c.o
                                      0xc8562 (size before relaxing)
 .debug_str     0x00000000000cdba1      0x24e ./Drivers/STM32F4xx_HAL_Driver/Src/stm32f4xx_hal_rcc.o
                                      0xc79e2 (size before relaxing)
 .debug_str     0x00000000000cddef      0x564 ./Drivers/STM32F4xx_HAL_Driver/Src/stm32f4xx_hal_spi.o
                                      0xc7e84 (size before relaxing)
 .debug_str     0x00000000000ce353      0x1b4 ./Drivers/STM32F4xx_HAL_Driver/Src/stm32f4xx_hal_sram.o
                                      0xc7afa (size before relaxing)
 .debug_str     0x00000000000ce507      0xdc8 ./Drivers/STM32F4xx_HAL_Driver/Src/stm32f4xx_hal_tim.o
                                      0xc890f (size before relaxing)
 .debug_str     0x00000000000cf2cf      0x4ee ./Drivers/STM32F4xx_HAL_Driver/Src/stm32f4xx_hal_tim_ex.o
                                      0xc80c0 (size before relaxing)
 .debug_str     0x00000000000cf7bd      0x105 ./Drivers/STM32F4xx_HAL_Driver/Src/stm32f4xx_ll_fsmc.o
                                      0xc79c1 (size before relaxing)

.comment        0x0000000000000000       0x53
 .comment       0x0000000000000000       0x53 ./Core/Src/button.o
                                         0x54 (size before relaxing)
 .comment       0x0000000000000053       0x54 ./Core/Src/ds3231.o
 .comment       0x0000000000000053       0x54 ./Core/Src/fsmc.o
 .comment       0x0000000000000053       0x54 ./Core/Src/gpio.o
 .comment       0x0000000000000053       0x54 ./Core/Src/i2c.o
 .comment       0x0000000000000053       0x54 ./Core/Src/lcd.o
 .comment       0x0000000000000053       0x54 ./Core/Src/led_7seg.o
 .comment       0x0000000000000053       0x54 ./Core/Src/main.o
 .comment       0x0000000000000053       0x54 ./Core/Src/software_timer.o
 .comment       0x0000000000000053       0x54 ./Core/Src/spi.o
 .comment       0x0000000000000053       0x54 ./Core/Src/stm32f4xx_hal_msp.o
 .comment       0x0000000000000053       0x54 ./Core/Src/stm32f4xx_it.o
 .comment       0x0000000000000053       0x54 ./Core/Src/system_stm32f4xx.o
 .comment       0x0000000000000053       0x54 ./Core/Src/tim.o
 .comment       0x0000000000000053       0x54 ./Core/Src/utils.o
 .comment       0x0000000000000053       0x54 ./Drivers/STM32F4xx_HAL_Driver/Src/stm32f4xx_hal.o
 .comment       0x0000000000000053       0x54 ./Drivers/STM32F4xx_HAL_Driver/Src/stm32f4xx_hal_cortex.o
 .comment       0x0000000000000053       0x54 ./Drivers/STM32F4xx_HAL_Driver/Src/stm32f4xx_hal_gpio.o
 .comment       0x0000000000000053       0x54 ./Drivers/STM32F4xx_HAL_Driver/Src/stm32f4xx_hal_i2c.o
 .comment       0x0000000000000053       0x54 ./Drivers/STM32F4xx_HAL_Driver/Src/stm32f4xx_hal_rcc.o
 .comment       0x0000000000000053       0x54 ./Drivers/STM32F4xx_HAL_Driver/Src/stm32f4xx_hal_spi.o
 .comment       0x0000000000000053       0x54 ./Drivers/STM32F4xx_HAL_Driver/Src/stm32f4xx_hal_sram.o
 .comment       0x0000000000000053       0x54 ./Drivers/STM32F4xx_HAL_Driver/Src/stm32f4xx_hal_tim.o
 .comment       0x0000000000000053       0x54 ./Drivers/STM32F4xx_HAL_Driver/Src/stm32f4xx_hal_tim_ex.o
 .comment       0x0000000000000053       0x54 ./Drivers/STM32F4xx_HAL_Driver/Src/stm32f4xx_ll_fsmc.o

.debug_frame    0x0000000000000000     0x4b0c
 .debug_frame   0x0000000000000000       0x50 ./Core/Src/button.o
 .debug_frame   0x0000000000000050       0x74 ./Core/Src/ds3231.o
 .debug_frame   0x00000000000000c4       0xbc ./Core/Src/fsmc.o
 .debug_frame   0x0000000000000180       0x34 ./Core/Src/gpio.o
 .debug_frame   0x00000000000001b4       0x74 ./Core/Src/i2c.o
 .debug_frame   0x0000000000000228      0x3e0 ./Core/Src/lcd.o
 .debug_frame   0x0000000000000608       0xe8 ./Core/Src/led_7seg.o
 .debug_frame   0x00000000000006f0      0x2b8 ./Core/Src/main.o
 .debug_frame   0x00000000000009a8       0x78 ./Core/Src/software_timer.o
 .debug_frame   0x0000000000000a20       0x74 ./Core/Src/spi.o
 .debug_frame   0x0000000000000a94       0x38 ./Core/Src/stm32f4xx_hal_msp.o
 .debug_frame   0x0000000000000acc      0x120 ./Core/Src/stm32f4xx_it.o
 .debug_frame   0x0000000000000bec       0x58 ./Core/Src/system_stm32f4xx.o
 .debug_frame   0x0000000000000c44       0x7c ./Core/Src/tim.o
 .debug_frame   0x0000000000000cc0       0x60 ./Core/Src/utils.o
 .debug_frame   0x0000000000000d20      0x374 ./Drivers/STM32F4xx_HAL_Driver/Src/stm32f4xx_hal.o
 .debug_frame   0x0000000000001094      0x498 ./Drivers/STM32F4xx_HAL_Driver/Src/stm32f4xx_hal_cortex.o
 .debug_frame   0x000000000000152c      0x14c ./Drivers/STM32F4xx_HAL_Driver/Src/stm32f4xx_hal_gpio.o
 .debug_frame   0x0000000000001678      0xc5c ./Drivers/STM32F4xx_HAL_Driver/Src/stm32f4xx_hal_i2c.o
 .debug_frame   0x00000000000022d4      0x1f0 ./Drivers/STM32F4xx_HAL_Driver/Src/stm32f4xx_hal_rcc.o
 .debug_frame   0x00000000000024c4      0x824 ./Drivers/STM32F4xx_HAL_Driver/Src/stm32f4xx_hal_spi.o
 .debug_frame   0x0000000000002ce8      0x2a0 ./Drivers/STM32F4xx_HAL_Driver/Src/stm32f4xx_hal_sram.o
 .debug_frame   0x0000000000002f88     0x11c4 ./Drivers/STM32F4xx_HAL_Driver/Src/stm32f4xx_hal_tim.o
 .debug_frame   0x000000000000414c      0x638 ./Drivers/STM32F4xx_HAL_Driver/Src/stm32f4xx_hal_tim_ex.o
 .debug_frame   0x0000000000004784      0x2dc ./Drivers/STM32F4xx_HAL_Driver/Src/stm32f4xx_ll_fsmc.o
 .debug_frame   0x0000000000004a60       0x2c e:/downloaded/stm32cubeide_1.7.0/stm32cubeide/plugins/com.st.stm32cube.ide.mcu.externaltools.gnu-tools-for-stm32.9-2020-q2-update.win32_2.0.0.202105311346/tools/bin/../lib/gcc/arm-none-eabi/9.3.1/../../../../arm-none-eabi/lib/thumb/v7e-m+fp/hard\libc_nano.a(lib_a-init.o)
 .debug_frame   0x0000000000004a8c       0x20 e:/downloaded/stm32cubeide_1.7.0/stm32cubeide/plugins/com.st.stm32cube.ide.mcu.externaltools.gnu-tools-for-stm32.9-2020-q2-update.win32_2.0.0.202105311346/tools/bin/../lib/gcc/arm-none-eabi/9.3.1/../../../../arm-none-eabi/lib/thumb/v7e-m+fp/hard\libc_nano.a(lib_a-memset.o)
 .debug_frame   0x0000000000004aac       0x2c e:/downloaded/stm32cubeide_1.7.0/stm32cubeide/plugins/com.st.stm32cube.ide.mcu.externaltools.gnu-tools-for-stm32.9-2020-q2-update.win32_2.0.0.202105311346/tools/bin/../lib/gcc/arm-none-eabi/9.3.1/thumb/v7e-m+fp/hard\libgcc.a(_aeabi_uldivmod.o)
 .debug_frame   0x0000000000004ad8       0x34 e:/downloaded/stm32cubeide_1.7.0/stm32cubeide/plugins/com.st.stm32cube.ide.mcu.externaltools.gnu-tools-for-stm32.9-2020-q2-update.win32_2.0.0.202105311346/tools/bin/../lib/gcc/arm-none-eabi/9.3.1/thumb/v7e-m+fp/hard\libgcc.a(_udivmoddi4.o)
