Archive member included to satisfy reference by file (symbol)

e:/downloaded/stm32cubeide_1.7.0/stm32cubeide/plugins/com.st.stm32cube.ide.mcu.externaltools.gnu-tools-for-stm32.9-2020-q2-update.win32_2.0.0.202105311346/tools/bin/../lib/gcc/arm-none-eabi/9.3.1/../../../../arm-none-eabi/lib/thumb/v7e-m+fp/hard\libc_nano.a(lib_a-errno.o)
                              ./Core/Src/syscalls.o (__errno)
e:/downloaded/stm32cubeide_1.7.0/stm32cubeide/plugins/com.st.stm32cube.ide.mcu.externaltools.gnu-tools-for-stm32.9-2020-q2-update.win32_2.0.0.202105311346/tools/bin/../lib/gcc/arm-none-eabi/9.3.1/../../../../arm-none-eabi/lib/thumb/v7e-m+fp/hard\libc_nano.a(lib_a-exit.o)
                              e:/downloaded/stm32cubeide_1.7.0/stm32cubeide/plugins/com.st.stm32cube.ide.mcu.externaltools.gnu-tools-for-stm32.9-2020-q2-update.win32_2.0.0.202105311346/tools/bin/../lib/gcc/arm-none-eabi/9.3.1/../../../../arm-none-eabi/lib/thumb/v7e-m+fp/hard/crt0.o (exit)
e:/downloaded/stm32cubeide_1.7.0/stm32cubeide/plugins/com.st.stm32cube.ide.mcu.externaltools.gnu-tools-for-stm32.9-2020-q2-update.win32_2.0.0.202105311346/tools/bin/../lib/gcc/arm-none-eabi/9.3.1/../../../../arm-none-eabi/lib/thumb/v7e-m+fp/hard\libc_nano.a(lib_a-impure.o)
                              e:/downloaded/stm32cubeide_1.7.0/stm32cubeide/plugins/com.st.stm32cube.ide.mcu.externaltools.gnu-tools-for-stm32.9-2020-q2-update.win32_2.0.0.202105311346/tools/bin/../lib/gcc/arm-none-eabi/9.3.1/../../../../arm-none-eabi/lib/thumb/v7e-m+fp/hard\libc_nano.a(lib_a-exit.o) (_global_impure_ptr)
e:/downloaded/stm32cubeide_1.7.0/stm32cubeide/plugins/com.st.stm32cube.ide.mcu.externaltools.gnu-tools-for-stm32.9-2020-q2-update.win32_2.0.0.202105311346/tools/bin/../lib/gcc/arm-none-eabi/9.3.1/../../../../arm-none-eabi/lib/thumb/v7e-m+fp/hard\libc_nano.a(lib_a-init.o)
                              e:/downloaded/stm32cubeide_1.7.0/stm32cubeide/plugins/com.st.stm32cube.ide.mcu.externaltools.gnu-tools-for-stm32.9-2020-q2-update.win32_2.0.0.202105311346/tools/bin/../lib/gcc/arm-none-eabi/9.3.1/../../../../arm-none-eabi/lib/thumb/v7e-m+fp/hard/crt0.o (__libc_init_array)
e:/downloaded/stm32cubeide_1.7.0/stm32cubeide/plugins/com.st.stm32cube.ide.mcu.externaltools.gnu-tools-for-stm32.9-2020-q2-update.win32_2.0.0.202105311346/tools/bin/../lib/gcc/arm-none-eabi/9.3.1/../../../../arm-none-eabi/lib/thumb/v7e-m+fp/hard\libc_nano.a(lib_a-malloc.o)
                              ./Core/Src/leaderboard.o (malloc)
e:/downloaded/stm32cubeide_1.7.0/stm32cubeide/plugins/com.st.stm32cube.ide.mcu.externaltools.gnu-tools-for-stm32.9-2020-q2-update.win32_2.0.0.202105311346/tools/bin/../lib/gcc/arm-none-eabi/9.3.1/../../../../arm-none-eabi/lib/thumb/v7e-m+fp/hard\libc_nano.a(lib_a-memset.o)
                              e:/downloaded/stm32cubeide_1.7.0/stm32cubeide/plugins/com.st.stm32cube.ide.mcu.externaltools.gnu-tools-for-stm32.9-2020-q2-update.win32_2.0.0.202105311346/tools/bin/../lib/gcc/arm-none-eabi/9.3.1/../../../../arm-none-eabi/lib/thumb/v7e-m+fp/hard/crt0.o (memset)
e:/downloaded/stm32cubeide_1.7.0/stm32cubeide/plugins/com.st.stm32cube.ide.mcu.externaltools.gnu-tools-for-stm32.9-2020-q2-update.win32_2.0.0.202105311346/tools/bin/../lib/gcc/arm-none-eabi/9.3.1/../../../../arm-none-eabi/lib/thumb/v7e-m+fp/hard\libc_nano.a(lib_a-nano-freer.o)
                              e:/downloaded/stm32cubeide_1.7.0/stm32cubeide/plugins/com.st.stm32cube.ide.mcu.externaltools.gnu-tools-for-stm32.9-2020-q2-update.win32_2.0.0.202105311346/tools/bin/../lib/gcc/arm-none-eabi/9.3.1/../../../../arm-none-eabi/lib/thumb/v7e-m+fp/hard\libc_nano.a(lib_a-malloc.o) (_free_r)
e:/downloaded/stm32cubeide_1.7.0/stm32cubeide/plugins/com.st.stm32cube.ide.mcu.externaltools.gnu-tools-for-stm32.9-2020-q2-update.win32_2.0.0.202105311346/tools/bin/../lib/gcc/arm-none-eabi/9.3.1/../../../../arm-none-eabi/lib/thumb/v7e-m+fp/hard\libc_nano.a(lib_a-nano-mallocr.o)
                              e:/downloaded/stm32cubeide_1.7.0/stm32cubeide/plugins/com.st.stm32cube.ide.mcu.externaltools.gnu-tools-for-stm32.9-2020-q2-update.win32_2.0.0.202105311346/tools/bin/../lib/gcc/arm-none-eabi/9.3.1/../../../../arm-none-eabi/lib/thumb/v7e-m+fp/hard\libc_nano.a(lib_a-malloc.o) (_malloc_r)
e:/downloaded/stm32cubeide_1.7.0/stm32cubeide/plugins/com.st.stm32cube.ide.mcu.externaltools.gnu-tools-for-stm32.9-2020-q2-update.win32_2.0.0.202105311346/tools/bin/../lib/gcc/arm-none-eabi/9.3.1/../../../../arm-none-eabi/lib/thumb/v7e-m+fp/hard\libc_nano.a(lib_a-rand.o)
                              ./Core/Src/snake.o (rand)
e:/downloaded/stm32cubeide_1.7.0/stm32cubeide/plugins/com.st.stm32cube.ide.mcu.externaltools.gnu-tools-for-stm32.9-2020-q2-update.win32_2.0.0.202105311346/tools/bin/../lib/gcc/arm-none-eabi/9.3.1/../../../../arm-none-eabi/lib/thumb/v7e-m+fp/hard\libc_nano.a(lib_a-sbrkr.o)
[...]
Memory Configuration

Name             Origin             Length             Attributes
CCMRAM           0x0000000010000000 0x0000000000010000 xrw
RAM              0x0000000020000000 0x0000000000020000 xrw
FLASH            0x0000000008000000 0x0000000000100000 xr
*default*        0x0000000000000000 0xffffffffffffffff

Linker script and memory map

LOAD e:/downloaded/stm32cubeide_1.7.0/stm32cubeide/plugins/com.st.stm32cube.ide.mcu.externaltools.gnu-tools-for-stm32.9-2020-q2-update.win32_2.0.0.202105311346/tools/bin/../lib/gcc/arm-none-eabi/9.3.1/thumb/v7e-m+fp/hard/crti.o
LOAD e:/downloaded/stm32cubeide_1.7.0/stm32cubeide/plugins/com.st.stm32cube.ide.mcu.externaltools.gnu-tools-for-stm32.9-2020-q2-update.win32_2.0.0.202105311346/tools/bin/../lib/gcc/arm-none-eabi/9.3.1/thumb/v7e-m+fp/hard/crtbegin.o
LOAD e:/downloaded/stm32cubeide_1.7.0/stm32cubeide/plugins/com.st.stm32cube.ide.mcu.externaltools.gnu-tools-for-stm32.9-2020-q2-update.win32_2.0.0.202105311346/tools/bin/../lib/gcc/arm-none-eabi/9.3.1/../../../../arm-none-eabi/lib/thumb/v7e-m+fp/hard/crt0.o
LOAD ./Core/Src/adc.o
LOAD ./Core/Src/at24c.o
LOAD ./Core/Src/button.o
LOAD ./Core/Src/buzzer.o
LOAD ./Core/Src/dma.o
LOAD ./Core/Src/ds3231.o
LOAD ./Core/Src/fsm.o
LOAD ./Core/Src/fsmc.o
LOAD ./Core/Src/gpio.o
LOAD ./Core/Src/i2c.o
LOAD ./Core/Src/lcd.o
LOAD ./Core/Src/leaderboard.o
LOAD ./Core/Src/led_7seg.o
LOAD ./Core/Src/main.o
LOAD ./Core/Src/picture.o
LOAD ./Core/Src/screen.o
LOAD ./Core/Src/sensor.o
LOAD ./Core/Src/snake.o
LOAD ./Core/Src/software_timer.o
LOAD ./Core/Src/spi.o
LOAD ./Core/Src/stm32f4xx_hal_msp.o
LOAD ./Core/Src/stm32f4xx_it.o
LOAD ./Core/Src/syscalls.o
LOAD ./Core/Src/sysmem.o
LOAD ./Core/Src/system_stm32f4xx.o
LOAD ./Core/Src/tim.o
LOAD ./Core/Src/touch.o
LOAD ./Core/Src/touch_screen.o
LOAD ./Core/Src/uart.o
LOAD ./Core/Src/usart.o
LOAD ./Core/Src/utils.o
LOAD ./Core/Startup/startup_stm32f407zetx.o
LOAD ./Drivers/STM32F4xx_HAL_Driver/Src/stm32f4xx_hal.o
LOAD ./Drivers/STM32F4xx_HAL_Driver/Src/stm32f4xx_hal_adc.o
LOAD ./Drivers/STM32F4xx_HAL_Driver/Src/stm32f4xx_hal_adc_ex.o
LOAD ./Drivers/STM32F4xx_HAL_Driver/Src/stm32f4xx_hal_cortex.o
LOAD ./Drivers/STM32F4xx_HAL_Driver/Src/stm32f4xx_hal_dma.o
LOAD ./Drivers/STM32F4xx_HAL_Driver/Src/stm32f4xx_hal_dma_ex.o
LOAD ./Drivers/STM32F4xx_HAL_Driver/Src/stm32f4xx_hal_exti.o
LOAD ./Drivers/STM32F4xx_HAL_Driver/Src/stm32f4xx_hal_flash.o
LOAD ./Drivers/STM32F4xx_HAL_Driver/Src/stm32f4xx_hal_flash_ex.o
LOAD ./Drivers/STM32F4xx_HAL_Driver/Src/stm32f4xx_hal_flash_ramfunc.o
LOAD ./Drivers/STM32F4xx_HAL_Driver/Src/stm32f4xx_hal_gpio.o
LOAD ./Drivers/STM32F4xx_HAL_Driver/Src/stm32f4xx_hal_i2c.o
LOAD ./Drivers/STM32F4xx_HAL_Driver/Src/stm32f4xx_hal_i2c_ex.o
LOAD ./Drivers/STM32F4xx_HAL_Driver/Src/stm32f4xx_hal_pwr.o
LOAD ./Drivers/STM32F4xx_HAL_Driver/Src/stm32f4xx_hal_pwr_ex.o
LOAD ./Drivers/STM32F4xx_HAL_Driver/Src/stm32f4xx_hal_rcc.o
LOAD ./Drivers/STM32F4xx_HAL_Driver/Src/stm32f4xx_hal_rcc_ex.o
LOAD ./Drivers/STM32F4xx_HAL_Driver/Src/stm32f4xx_hal_spi.o
LOAD ./Drivers/STM32F4xx_HAL_Driver/Src/stm32f4xx_hal_sram.o
LOAD ./Drivers/STM32F4xx_HAL_Driver/Src/stm32f4xx_hal_tim.o
LOAD ./Drivers/STM32F4xx_HAL_Driver/Src/stm32f4xx_hal_tim_ex.o
LOAD ./Drivers/STM32F4xx_HAL_Driver/Src/stm32f4xx_hal_uart.o
LOAD ./Drivers/STM32F4xx_HAL_Driver/Src/stm32f4xx_ll_adc.o
LOAD ./Drivers/STM32F4xx_HAL_Driver/Src/stm32f4xx_ll_fsmc.o
START GROUP
LOAD e:/downloaded/stm32cubeide_1.7.0/stm32cubeide/plugins/com.st.stm32cube.ide.mcu.externaltools.gnu-tools-for-stm32.9-2020-q2-update.win32_2.0.0.202105311346/tools/bin/../lib/gcc/arm-none-eabi/9.3.1/../../../../arm-none-eabi/lib/thumb/v7e-m+fp/hard\libc_nano.a
LOAD e:/downloaded/stm32cubeide_1.7.0/stm32cubeide/plugins/com.st.stm32cube.ide.mcu.externaltools.gnu-tools-for-stm32.9-2020-q2-update.win32_2.0.0.202105311346/tools/bin/../lib/gcc/arm-none-eabi/9.3.1/../../../../arm-none-eabi/lib/thumb/v7e-m+fp/hard\libm.a
END GROUP
START GROUP
LOAD e:/downloaded/stm32cubeide_1.7.0/stm32cubeide/plugins/com.st.stm32cube.ide.mcu.externaltools.gnu-tools-for-stm32.9-2020-q2-update.win32_2.0.0.202105311346/tools/bin/../lib/gcc/arm-none-eabi/9.3.1/thumb/v7e-m+fp/hard\libgcc.a
LOAD e:/downloaded/stm32cubeide_1.7.0/stm32cubeide/plugins/com.st.stm32cube.ide.mcu.externaltools.gnu-tools-for-stm32.9-2020-q2-update.win32_2.0.0.202105311346/tools/bin/../lib/gcc/arm-none-eabi/9.3.1/../../../../arm-none-eabi/lib/thumb/v7e-m+fp/hard\libc_nano.a
END GROUP
START GROUP
LOAD e:/downloaded/stm32cubeide_1.7.0/stm32cubeide/plugins/com.st.stm32cube.ide.mcu.externaltools.gnu-tools-for-stm32.9-2020-q2-update.win32_2.0.0.202105311346/tools/bin/../lib/gcc/arm-none-eabi/9.3.1/thumb/v7e-m+fp/hard\libgcc.a
LOAD e:/downloaded/stm32cubeide_1.7.0/stm32cubeide/plugins/com.st.stm32cube.ide.mcu.externaltools.gnu-tools-for-stm32.9-2020-q2-update.win32_2.0.0.202105311346/tools/bin/../lib/gcc/arm-none-eabi/9.3.1/../../../../arm-none-eabi/lib/thumb/v7e-m+fp/hard\libc_nano.a
LOAD e:/downloaded/stm32cubeide_1.7.0/stm32cubeide/plugins/com.st.stm32cube.ide.mcu.externaltools.gnu-tools-for-stm32.9-2020-q2-update.win32_2.0.0.202105311346/tools/bin/../lib/gcc/arm-none-eabi/9.3.1/../../../../arm-none-eabi/lib/thumb/v7e-m+fp/hard\libnosys.a
END GROUP
START GROUP
LOAD e:/downloaded/stm32cubeide_1.7.0/stm32cubeide/plugins/com.st.stm32cube.ide.mcu.externaltools.gnu-tools-for-stm32.9-2020-q2-update.win32_2.0.0.202105311346/tools/bin/../lib/gcc/arm-none-eabi/9.3.1/thumb/v7e-m+fp/hard\libgcc.a
LOAD e:/downloaded/stm32cubeide_1.7.0/stm32cubeide/plugins/com.st.stm32cube.ide.mcu.externaltools.gnu-tools-for-stm32.9-2020-q2-update.win32_2.0.0.202105311346/tools/bin/../lib/gcc/arm-none-eabi/9.3.1/../../../../arm-none-eabi/lib/thumb/v7e-m+fp/hard\libc_nano.a
LOAD e:/downloaded/stm32cubeide_1.7.0/stm32cubeide/plugins/com.st.stm32cube.ide.mcu.externaltools.gnu-tools-for-stm32.9-2020-q2-update.win32_2.0.0.202105311346/tools/bin/../lib/gcc/arm-none-eabi/9.3.1/../../../../arm-none-eabi/lib/thumb/v7e-m+fp/hard\libnosys.a
END GROUP
LOAD e:/downloaded/stm32cubeide_1.7.0/stm32cubeide/plugins/com.st.stm32cube.ide.mcu.externaltools.gnu-tools-for-stm32.9-2020-q2-update.win32_2.0.0.202105311346/tools/bin/../lib/gcc/arm-none-eabi/9.3.1/thumb/v7e-m+fp/hard/crtend.o
LOAD e:/downloaded/stm32cubeide_1.7.0/stm32cubeide/plugins/com.st.stm32cube.ide.mcu.externaltools.gnu-tools-for-stm32.9-2020-q2-update.win32_2.0.0.202105311346/tools/bin/../lib/gcc/arm-none-eabi/9.3.1/thumb/v7e-m+fp/hard/crtn.o
                0x0000000020020000                _estack = (ORIGIN (RAM) + LENGTH (RAM))
                0x0000000000000200                _Min_Heap_Size = 0x200
                0x0000000000000400                _Min_Stack_Size = 0x400

.isr_vector     0x0000000008000000      0x188
                0x0000000008000000                . = ALIGN (0x4)
 *(.isr_vector)
 .isr_vector    0x0000000008000000      0x188 ./Core/Startup/startup_stm32f407zetx.o
                0x0000000008000000                g_pfnVectors
                0x0000000008000188                . = ALIGN (0x4)

.text           0x0000000008000190     0xce64
                0x0000000008000190                . = ALIGN (0x4)
 *(.text)
 .text          0x0000000008000190       0x40 e:/downloaded/stm32cubeide_1.7.0/stm32cubeide/plugins/com.st.stm32cube.ide.mcu.externaltools.gnu-tools-for-stm32.9-2020-q2-update.win32_2.0.0.202105311346/tools/bin/../lib/gcc/arm-none-eabi/9.3.1/thumb/v7e-m+fp/hard/crtbegin.o
 .text          0x00000000080001d0       0xa0 e:/downloaded/stm32cubeide_1.7.0/stm32cubeide/plugins/com.st.stm32cube.ide.mcu.externaltools.gnu-tools-for-stm32.9-2020-q2-update.win32_2.0.0.202105311346/tools/bin/../lib/gcc/arm-none-eabi/9.3.1/../../../../arm-none-eabi/lib/thumb/v7e-m+fp/hard\libc_nano.a(lib_a-memchr.o)
                0x00000000080001d0                memchr
 .text          0x0000000008000270      0x378 e:/downloaded/stm32cubeide_1.7.0/stm32cubeide/plugins/com.st.stm32cube.ide.mcu.externaltools.gnu-tools-for-stm32.9-2020-q2-update.win32_2.0.0.202105311346/tools/bin/../lib/gcc/arm-none-eabi/9.3.1/thumb/v7e-m+fp/hard\libgcc.a(_arm_addsubdf3.o)
                0x0000000008000270                __aeabi_drsub
                0x0000000008000278                __aeabi_dsub
                0x0000000008000278                __subdf3
                0x000000000800027c                __aeabi_dadd
                0x000000000800027c                __adddf3
                0x00000000080004f4                __floatunsidf
                0x00000000080004f4                __aeabi_ui2d
                0x0000000008000514                __floatsidf
                0x0000000008000514                __aeabi_i2d
                0x0000000008000538                __aeabi_f2d
                0x0000000008000538                __extendsfdf2
                0x000000000800057c                __floatundidf
                0x000000000800057c                __aeabi_ul2d
                0x000000000800058c                __floatdidf
                0x000000000800058c                __aeabi_l2d
 .text          0x00000000080005e8      0x424 e:/downloaded/stm32cubeide_1.7.0/stm32cubeide/plugins/com.st.stm32cube.ide.mcu.externaltools.gnu-tools-for-stm32.9-2020-q2-update.win32_2.0.0.202105311346/tools/bin/../lib/gcc/arm-none-eabi/9.3.1/thumb/v7e-m+fp/hard\libgcc.a(_arm_muldivdf3.o)
                0x00000000080005e8                __aeabi_dmul
                0x00000000080005e8                __muldf3
                0x000000000800083c                __divdf3
                0x000000000800083c                __aeabi_ddiv
 .text          0x0000000008000a0c      0x110 e:/downloaded/stm32cubeide_1.7.0/stm32cubeide/plugins/com.st.stm32cube.ide.mcu.externaltools.gnu-tools-for-stm32.9-2020-q2-update.win32_2.0.0.202105311346/tools/bin/../lib/gcc/arm-none-eabi/9.3.1/thumb/v7e-m+fp/hard\libgcc.a(_arm_cmpdf2.o)
                0x0000000008000a0c                __gtdf2
                0x0000000008000a0c                __gedf2
                0x0000000008000a14                __ltdf2
                0x0000000008000a14                __ledf2
                0x0000000008000a1c                __nedf2
                0x0000000008000a1c                __eqdf2
                0x0000000008000a1c                __cmpdf2
                0x0000000008000a98                __aeabi_cdrcmple
                0x0000000008000aa8                __aeabi_cdcmpeq
                0x0000000008000aa8                __aeabi_cdcmple
                0x0000000008000ab8                __aeabi_dcmpeq
                0x0000000008000acc                __aeabi_dcmplt
                0x0000000008000ae0                __aeabi_dcmple
                0x0000000008000af4                __aeabi_dcmpge
                0x0000000008000b08                __aeabi_dcmpgt
 .text          0x0000000008000b1c       0x2c e:/downloaded/stm32cubeide_1.7.0/stm32cubeide/plugins/com.st.stm32cube.ide.mcu.externaltools.gnu-tools-for-stm32.9-2020-q2-update.win32_2.0.0.202105311346/tools/bin/../lib/gcc/arm-none-eabi/9.3.1/thumb/v7e-m+fp/hard\libgcc.a(_arm_unorddf2.o)
                0x0000000008000b1c                __unorddf2
                0x0000000008000b1c                __aeabi_dcmpun
 .text          0x0000000008000b48       0x40 e:/downloaded/stm32cubeide_1.7.0/stm32cubeide/plugins/com.st.stm32cube.ide.mcu.externaltools.gnu-tools-for-stm32.9-2020-q2-update.win32_2.0.0.202105311346/tools/bin/../lib/gcc/arm-none-eabi/9.3.1/thumb/v7e-m+fp/hard\libgcc.a(_arm_fixunsdfsi.o)
                0x0000000008000b48                __aeabi_d2uiz
                0x0000000008000b48                __fixunsdfsi
 .text          0x0000000008000b88       0x30 e:/downloaded/stm32cubeide_1.7.0/stm32cubeide/plugins/com.st.stm32cube.ide.mcu.externaltools.gnu-tools-for-stm32.9-2020-q2-update.win32_2.0.0.202105311346/tools/bin/../lib/gcc/arm-none-eabi/9.3.1/thumb/v7e-m+fp/hard\libgcc.a(_aeabi_uldivmod.o)
                0x0000000008000b88                __aeabi_uldivmod
 .text          0x0000000008000bb8      0x2c4 e:/downloaded/stm32cubeide_1.7.0/stm32cubeide/plugins/com.st.stm32cube.ide.mcu.externaltools.gnu-tools-for-stm32.9-2020-q2-update.win32_2.0.0.202105311346/tools/bin/../lib/gcc/arm-none-eabi/9.3.1/thumb/v7e-m+fp/hard\libgcc.a(_udivmoddi4.o)
                0x0000000008000bb8                __udivmoddi4
 .text          0x0000000008000e7c        0x4 e:/downloaded/stm32cubeide_1.7.0/stm32cubeide/plugins/com.st.stm32cube.ide.mcu.externaltools.gnu-tools-for-stm32.9-2020-q2-update.win32_2.0.0.202105311346/tools/bin/../lib/gcc/arm-none-eabi/9.3.1/thumb/v7e-m+fp/hard\libgcc.a(_dvmd_tls.o)
                0x0000000008000e7c                __aeabi_idiv0
                0x0000000008000e7c                __aeabi_ldiv0
 *(.text*)
 .text.MX_ADC1_Init
                0x0000000008000e80      0x114 ./Core/Src/adc.o
                0x0000000008000e80                MX_ADC1_Init
 .text.HAL_ADC_MspInit
                0x0000000008000f94      0x128 ./Core/Src/adc.o
                0x0000000008000f94                HAL_ADC_MspInit
 .text.at24c_init
                0x00000000080010bc        0xc ./Core/Src/at24c.o
                0x00000000080010bc                at24c_init
 .text.at24c_ReadOneByte
                0x00000000080010c8       0x38 ./Core/Src/at24c.o
                0x00000000080010c8                at24c_ReadOneByte
 .text.at24c_WriteOneByte
                0x0000000008001100       0x3c ./Core/Src/at24c.o
                0x0000000008001100                at24c_WriteOneByte
 .text.at24c_Check
                0x000000000800113c       0x46 ./Core/Src/at24c.o
 .text.at24c_Read
                0x0000000008001182       0x3e ./Core/Src/at24c.o
                0x0000000008001182                at24c_Read
 .text.at24c_Write
                0x00000000080011c0       0x40 ./Core/Src/at24c.o
                0x00000000080011c0                at24c_Write
 .text.button_init
                0x0000000008001200       0x18 ./Core/Src/button.o
                0x0000000008001200                button_init
 .text.button_Scan
                0x0000000008001218       0xd8 ./Core/Src/button.o
                0x0000000008001218                button_Scan
 .text.buzzer_init
                0x00000000080012f0       0x14 ./Core/Src/buzzer.o
                0x00000000080012f0                buzzer_init
 .text.MX_DMA_Init
                0x0000000008001304       0x40 ./Core/Src/dma.o
                0x0000000008001304                MX_DMA_Init
 .text.fsm_mode
                0x0000000008001344       0x80 ./Core/Src/fsm.o
                0x0000000008001344                fsm_mode
 .text.enter_ID
                0x00000000080013c4      0x148 ./Core/Src/fsm.o
                0x00000000080013c4                enter_ID
 .text.change_mode
                0x000000000800150c      0x214 ./Core/Src/fsm.o
                0x000000000800150c                change_mode
 .text.change_speed
                0x0000000008001720      0x1b4 ./Core/Src/fsm.o
                0x0000000008001720                change_speed
 .text.displayLeaderBoard
                0x00000000080018d4      0x1d8 ./Core/Src/fsm.o
                0x00000000080018d4                displayLeaderBoard
 .text.fsm_machine
                0x0000000008001aac      0x524 ./Core/Src/fsm.o
                0x0000000008001aac                fsm_machine
 .text.MX_FSMC_Init
                0x0000000008001fd0       0xf4 ./Core/Src/fsmc.o
                0x0000000008001fd0                MX_FSMC_Init
 .text.HAL_FSMC_MspInit
                0x00000000080020c4       0x98 ./Core/Src/fsmc.o
 .text.HAL_SRAM_MspInit
                0x000000000800215c       0x14 ./Core/Src/fsmc.o
                0x000000000800215c                HAL_SRAM_MspInit
 .text.MX_GPIO_Init
                0x0000000008002170      0x22c ./Core/Src/gpio.o
                0x0000000008002170                MX_GPIO_Init
 .text.MX_I2C1_Init
                0x000000000800239c       0x5c ./Core/Src/i2c.o
                0x000000000800239c                MX_I2C1_Init
 .text.HAL_I2C_MspInit
                0x00000000080023f8       0x90 ./Core/Src/i2c.o
                0x00000000080023f8                HAL_I2C_MspInit
 .text.LCD_WR_REG
                0x0000000008002488       0x20 ./Core/Src/lcd.o
                0x0000000008002488                LCD_WR_REG
 .text.LCD_WR_DATA
                0x00000000080024a8       0x20 ./Core/Src/lcd.o
                0x00000000080024a8                LCD_WR_DATA
 .text.LCD_RD_DATA
                0x00000000080024c8       0x24 ./Core/Src/lcd.o
                0x00000000080024c8                LCD_RD_DATA
 .text.lcd_AddressSet
                0x00000000080024ec       0x98 ./Core/Src/lcd.o
                0x00000000080024ec                lcd_AddressSet
 .text.lcd_Clear
                0x0000000008002584       0x64 ./Core/Src/lcd.o
                0x0000000008002584                lcd_Clear
 .text.lcd_Fill
                0x00000000080025e8       0x6c ./Core/Src/lcd.o
                0x00000000080025e8                lcd_Fill
 .text.lcd_DrawPoint
                0x0000000008002654       0x2e ./Core/Src/lcd.o
                0x0000000008002654                lcd_DrawPoint
 .text.lcd_DrawLine
                0x0000000008002682      0x108 ./Core/Src/lcd.o
                0x0000000008002682                lcd_DrawLine
 *fill*         0x000000000800278a        0x2 
 .text.lcd_ShowChar
                0x000000000800278c      0x1a0 ./Core/Src/lcd.o
                0x000000000800278c                lcd_ShowChar
 .text.mypow    0x000000000800292c       0x38 ./Core/Src/lcd.o
                0x000000000800292c                mypow
 .text.lcd_ShowIntNum
                0x0000000008002964       0xfc ./Core/Src/lcd.o
                0x0000000008002964                lcd_ShowIntNum
 .text.lcd_SetDir
                0x0000000008002a60       0x48 ./Core/Src/lcd.o
                0x0000000008002a60                lcd_SetDir
 .text.lcd_init
                0x0000000008002aa8      0x2c0 ./Core/Src/lcd.o
                0x0000000008002aa8                lcd_init
 .text._draw_circle_8
                0x0000000008002d68      0x116 ./Core/Src/lcd.o
 .text.lcd_DrawCircle
                0x0000000008002e7e       0xd8 ./Core/Src/lcd.o
                0x0000000008002e7e                lcd_DrawCircle
 *fill*         0x0000000008002f56        0x2 
 .text.lcd_ShowStr
                0x0000000008002f58       0xc8 ./Core/Src/lcd.o
                0x0000000008002f58                lcd_ShowStr
 .text.addPlayer
                0x0000000008003020       0x94 ./Core/Src/leaderboard.o
                0x0000000008003020                addPlayer
 .text.led7_Scan
                0x00000000080030b4      0x118 ./Core/Src/led_7seg.o
                0x00000000080030b4                led7_Scan
 .text.led7_SetDigit
                0x00000000080031cc       0x48 ./Core/Src/led_7seg.o
                0x00000000080031cc                led7_SetDigit
 .text.led7_SetColon
                0x0000000008003214       0x40 ./Core/Src/led_7seg.o
                0x0000000008003214                led7_SetColon
 .text.main     0x0000000008003254       0x70 ./Core/Src/main.o
                0x0000000008003254                main
 .text.SystemClock_Config
                0x00000000080032c4       0xd4 ./Core/Src/main.o
                0x00000000080032c4                SystemClock_Config
 .text.system_init
                0x0000000008003398       0x64 ./Core/Src/main.o
                0x0000000008003398                system_init
 .text.Error_Handler
                0x00000000080033fc        0xa ./Core/Src/main.o
                0x00000000080033fc                Error_Handler
 *fill*         0x0000000008003406        0x2 
 .text.screen_init
                0x0000000008003408      0x214 ./Core/Src/screen.o
                0x0000000008003408                screen_init
 .text.screen_play
                0x000000000800361c       0xe8 ./Core/Src/screen.o
                0x000000000800361c                screen_play
 .text.screen_score
                0x0000000008003704       0x50 ./Core/Src/screen.o
                0x0000000008003704                screen_score
 .text.screen_exit
                0x0000000008003754       0x4c ./Core/Src/screen.o
                0x0000000008003754                screen_exit
 .text.screen_game_over
                0x00000000080037a0      0x2c0 ./Core/Src/screen.o
                0x00000000080037a0                screen_game_over
 .text.draw_snake
                0x0000000008003a60       0x24 ./Core/Src/snake.o
                0x0000000008003a60                draw_snake
 .text.draw_food
                0x0000000008003a84       0x24 ./Core/Src/snake.o
                0x0000000008003a84                draw_food
 .text.draw_head
                0x0000000008003aa8       0x24 ./Core/Src/snake.o
                0x0000000008003aa8                draw_head
 .text.draw_wall
                0x0000000008003acc       0x24 ./Core/Src/snake.o
                0x0000000008003acc                draw_wall
 .text.clear_block
                0x0000000008003af0       0x24 ./Core/Src/snake.o
                0x0000000008003af0                clear_block
 .text.update_grid
                0x0000000008003b14      0x13c ./Core/Src/snake.o
                0x0000000008003b14                update_grid
 .text.delete_wall
                0x0000000008003c50       0x6c ./Core/Src/snake.o
                0x0000000008003c50                delete_wall
 .text.init_grid
                0x0000000008003cbc       0x54 ./Core/Src/snake.o
                0x0000000008003cbc                init_grid
 .text.move_snake
                0x0000000008003d10      0x1b0 ./Core/Src/snake.o
                0x0000000008003d10                move_snake
 .text.re_init  0x0000000008003ec0       0x88 ./Core/Src/snake.o
                0x0000000008003ec0                re_init
 .text.spawn_food
                0x0000000008003f48       0x64 ./Core/Src/snake.o
                0x0000000008003f48                spawn_food
 .text.spawn_wall
                0x0000000008003fac      0x2dc ./Core/Src/snake.o
                0x0000000008003fac                spawn_wall
 .text.rand_no  0x0000000008004288       0x28 ./Core/Src/snake.o
                0x0000000008004288                rand_no
 .text.check_collision
                0x00000000080042b0       0xa4 ./Core/Src/snake.o
                0x00000000080042b0                check_collision
 .text.wait_check
                0x0000000008004354       0xb0 ./Core/Src/snake.o
                0x0000000008004354                wait_check
 .text.check_food
                0x0000000008004404       0xe0 ./Core/Src/snake.o
                0x0000000008004404                check_food
 .text.timer_init
                0x00000000080044e4       0x1c ./Core/Src/software_timer.o
                0x00000000080044e4                timer_init
 .text.setTimer2
                0x0000000008004500       0x38 ./Core/Src/software_timer.o
                0x0000000008004500                setTimer2
 .text.setTimer3
                0x0000000008004538       0x38 ./Core/Src/software_timer.o
                0x0000000008004538                setTimer3
 .text.setTimer4
                0x0000000008004570       0x38 ./Core/Src/software_timer.o
                0x0000000008004570                setTimer4
 .text.setTimer5
                0x00000000080045a8       0x38 ./Core/Src/software_timer.o
                0x00000000080045a8                setTimer5
 .text.setTimer7
                0x00000000080045e0       0x38 ./Core/Src/software_timer.o
                0x00000000080045e0                setTimer7
 .text.HAL_TIM_PeriodElapsedCallback
                0x0000000008004618      0x164 ./Core/Src/software_timer.o
                0x0000000008004618                HAL_TIM_PeriodElapsedCallback
 .text.delay_us
                0x000000000800477c       0x34 ./Core/Src/software_timer.o
                0x000000000800477c                delay_us
 .text.MX_SPI1_Init
                0x00000000080047b0       0x6c ./Core/Src/spi.o
                0x00000000080047b0                MX_SPI1_Init
 .text.HAL_SPI_MspInit
                0x000000000800481c       0x90 ./Core/Src/spi.o
                0x000000000800481c                HAL_SPI_MspInit
 .text.HAL_MspInit
                0x00000000080048ac       0x50 ./Core/Src/stm32f4xx_hal_msp.o
                0x00000000080048ac                HAL_MspInit
 .text.NMI_Handler
                0x00000000080048fc        0x6 ./Core/Src/stm32f4xx_it.o
                0x00000000080048fc                NMI_Handler
 .text.HardFault_Handler
                0x0000000008004902        0x6 ./Core/Src/stm32f4xx_it.o
                0x0000000008004902                HardFault_Handler
 .text.MemManage_Handler
                0x0000000008004908        0x6 ./Core/Src/stm32f4xx_it.o
                0x0000000008004908                MemManage_Handler
 .text.BusFault_Handler
                0x000000000800490e        0x6 ./Core/Src/stm32f4xx_it.o
                0x000000000800490e                BusFault_Handler
 .text.UsageFault_Handler
                0x0000000008004914        0x6 ./Core/Src/stm32f4xx_it.o
                0x0000000008004914                UsageFault_Handler
 .text.SVC_Handler
                0x000000000800491a        0xe ./Core/Src/stm32f4xx_it.o
                0x000000000800491a                SVC_Handler
 .text.DebugMon_Handler
                0x0000000008004928        0xe ./Core/Src/stm32f4xx_it.o
                0x0000000008004928                DebugMon_Handler
 .text.PendSV_Handler
                0x0000000008004936        0xe ./Core/Src/stm32f4xx_it.o
                0x0000000008004936                PendSV_Handler
 .text.SysTick_Handler
                0x0000000008004944        0xc ./Core/Src/stm32f4xx_it.o
                0x0000000008004944                SysTick_Handler
 .text.TIM2_IRQHandler
                0x0000000008004950       0x14 ./Core/Src/stm32f4xx_it.o
                0x0000000008004950                TIM2_IRQHandler
 .text.USART1_IRQHandler
                0x0000000008004964       0x14 ./Core/Src/stm32f4xx_it.o
                0x0000000008004964                USART1_IRQHandler
 .text.USART2_IRQHandler
                0x0000000008004978       0x14 ./Core/Src/stm32f4xx_it.o
                0x0000000008004978                USART2_IRQHandler
 .text.DMA2_Stream0_IRQHandler
                0x000000000800498c       0x14 ./Core/Src/stm32f4xx_it.o
                0x000000000800498c                DMA2_Stream0_IRQHandler
 .text._getpid  0x00000000080049a0       0x10 ./Core/Src/syscalls.o
                0x00000000080049a0                _getpid
 .text._kill    0x00000000080049b0       0x20 ./Core/Src/syscalls.o
                0x00000000080049b0                _kill
 .text._exit    0x00000000080049d0       0x14 ./Core/Src/syscalls.o
                0x00000000080049d0                _exit
 .text._read    0x00000000080049e4       0x3a ./Core/Src/syscalls.o
                0x00000000080049e4                _read
 .text._write   0x0000000008004a1e       0x38 ./Core/Src/syscalls.o
                0x0000000008004a1e                _write
 .text._close   0x0000000008004a56       0x18 ./Core/Src/syscalls.o
                0x0000000008004a56                _close
 .text._fstat   0x0000000008004a6e       0x20 ./Core/Src/syscalls.o
                0x0000000008004a6e                _fstat
 .text._isatty  0x0000000008004a8e       0x16 ./Core/Src/syscalls.o
                0x0000000008004a8e                _isatty
 .text._lseek   0x0000000008004aa4       0x1a ./Core/Src/syscalls.o
                0x0000000008004aa4                _lseek
 *fill*         0x0000000008004abe        0x2 
 .text._sbrk    0x0000000008004ac0       0x6c ./Core/Src/sysmem.o
                0x0000000008004ac0                _sbrk
 .text.SystemInit
                0x0000000008004b2c       0x24 ./Core/Src/system_stm32f4xx.o
                0x0000000008004b2c                SystemInit
 .text.MX_TIM1_Init
                0x0000000008004b50       0xa0 ./Core/Src/tim.o
                0x0000000008004b50                MX_TIM1_Init
 .text.MX_TIM2_Init
                0x0000000008004bf0       0x98 ./Core/Src/tim.o
                0x0000000008004bf0                MX_TIM2_Init
 .text.MX_TIM13_Init
                0x0000000008004c88       0x9c ./Core/Src/tim.o
                0x0000000008004c88                MX_TIM13_Init
 .text.HAL_TIM_Base_MspInit
                0x0000000008004d24       0xa4 ./Core/Src/tim.o
                0x0000000008004d24                HAL_TIM_Base_MspInit
 .text.HAL_TIM_MspPostInit
                0x0000000008004dc8       0x74 ./Core/Src/tim.o
                0x0000000008004dc8                HAL_TIM_MspPostInit
 .text.TP_Write_Byte
                0x0000000008004e3c       0x78 ./Core/Src/touch.o
 .text.TP_Read_AD
                0x0000000008004eb4       0xe0 ./Core/Src/touch.o
 .text.TP_Read_XOY
                0x0000000008004f94      0x104 ./Core/Src/touch.o
 .text.TP_Read_XY
                0x0000000008005098       0x44 ./Core/Src/touch.o
 .text.TP_Read_XY2
                0x00000000080050dc       0xc4 ./Core/Src/touch.o
 .text.TP_Drow_Touch_Point
                0x00000000080051a0       0xae ./Core/Src/touch.o
 *fill*         0x000000000800524e        0x2 
 .text.TP_Scan  0x0000000008005250      0x12c ./Core/Src/touch.o
 .text.TP_Save_Adjdata
                0x000000000800537c       0x20 ./Core/Src/touch.o
 .text.TP_Get_Adjdata
                0x000000000800539c       0x38 ./Core/Src/touch.o
 *fill*         0x00000000080053d4        0x4 
 .text.touch_Adjust
                0x00000000080053d8      0x7ac ./Core/Src/touch.o
                0x00000000080053d8                touch_Adjust
 .text.touch_init
                0x0000000008005b84       0x20 ./Core/Src/touch.o
                0x0000000008005b84                touch_init
 .text.touch_Scan
                0x0000000008005ba4       0x14 ./Core/Src/touch.o
                0x0000000008005ba4                touch_Scan
 .text.touch_IsTouched
                0x0000000008005bb8       0x24 ./Core/Src/touch.o
                0x0000000008005bb8                touch_IsTouched
 .text.touch_GetX
                0x0000000008005bdc       0x18 ./Core/Src/touch.o
                0x0000000008005bdc                touch_GetX
 .text.touch_GetY
                0x0000000008005bf4       0x18 ./Core/Src/touch.o
                0x0000000008005bf4                touch_GetY
 .text.isButtonStart
                0x0000000008005c0c       0x48 ./Core/Src/touch_screen.o
                0x0000000008005c0c                isButtonStart
 .text.isButtonUp
                0x0000000008005c54       0x46 ./Core/Src/touch_screen.o
                0x0000000008005c54                isButtonUp
 .text.isButtonDown
                0x0000000008005c9a       0x4a ./Core/Src/touch_screen.o
                0x0000000008005c9a                isButtonDown
 .text.isButtonLeft
                0x0000000008005ce4       0x4a ./Core/Src/touch_screen.o
                0x0000000008005ce4                isButtonLeft
 .text.isButtonRight
                0x0000000008005d2e       0x4a ./Core/Src/touch_screen.o
                0x0000000008005d2e                isButtonRight
 .text.isButtonRestart
                0x0000000008005d78       0x48 ./Core/Src/touch_screen.o
                0x0000000008005d78                isButtonRestart
 .text.isExit   0x0000000008005dc0       0x46 ./Core/Src/touch_screen.o
                0x0000000008005dc0                isExit
 *fill*         0x0000000008005e06        0x2 
 .text.uart_init_esp
                0x0000000008005e08       0x1c ./Core/Src/uart.o
                0x0000000008005e08                uart_init_esp
 .text.HAL_UART_RxCpltCallback
                0x0000000008005e24       0x68 ./Core/Src/uart.o
                0x0000000008005e24                HAL_UART_RxCpltCallback
 .text.MX_USART1_UART_Init
                0x0000000008005e8c       0x54 ./Core/Src/usart.o
                0x0000000008005e8c                MX_USART1_UART_Init
 .text.MX_USART2_UART_Init
                0x0000000008005ee0       0x54 ./Core/Src/usart.o
                0x0000000008005ee0                MX_USART2_UART_Init
 .text.HAL_UART_MspInit
                0x0000000008005f34      0x118 ./Core/Src/usart.o
                0x0000000008005f34                HAL_UART_MspInit
 .text.Reset_Handler
                0x000000000800604c       0x50 ./Core/Startup/startup_stm32f407zetx.o
                0x000000000800604c                Reset_Handler
 .text.Default_Handler
                0x000000000800609c        0x2 ./Core/Startup/startup_stm32f407zetx.o
                0x000000000800609c                RTC_Alarm_IRQHandler
                0x000000000800609c                HASH_RNG_IRQHandler
                0x000000000800609c                EXTI2_IRQHandler
                0x000000000800609c                TIM8_CC_IRQHandler
                0x000000000800609c                TIM1_CC_IRQHandler
                0x000000000800609c                DMA2_Stream5_IRQHandler
                0x000000000800609c                DMA1_Stream5_IRQHandler
                0x000000000800609c                PVD_IRQHandler
                0x000000000800609c                SDIO_IRQHandler
                0x000000000800609c                TAMP_STAMP_IRQHandler
                0x000000000800609c                CAN2_RX1_IRQHandler
                0x000000000800609c                EXTI3_IRQHandler
                0x000000000800609c                TIM8_TRG_COM_TIM14_IRQHandler
                0x000000000800609c                TIM1_UP_TIM10_IRQHandler
                0x000000000800609c                TIM8_UP_TIM13_IRQHandler
                0x000000000800609c                I2C3_ER_IRQHandler
                0x000000000800609c                EXTI0_IRQHandler
                0x000000000800609c                I2C2_EV_IRQHandler
                0x000000000800609c                DMA1_Stream2_IRQHandler
                0x000000000800609c                CAN1_RX0_IRQHandler
                0x000000000800609c                FPU_IRQHandler
                0x000000000800609c                OTG_HS_WKUP_IRQHandler
                0x000000000800609c                CAN2_SCE_IRQHandler
                0x000000000800609c                DMA2_Stream2_IRQHandler
                0x000000000800609c                SPI1_IRQHandler
                0x000000000800609c                TIM6_DAC_IRQHandler
                0x000000000800609c                TIM1_BRK_TIM9_IRQHandler
                0x000000000800609c                DCMI_IRQHandler
                0x000000000800609c                CAN2_RX0_IRQHandler
                0x000000000800609c                DMA2_Stream3_IRQHandler
                0x000000000800609c                USART6_IRQHandler
                0x000000000800609c                USART3_IRQHandler
                0x000000000800609c                CAN1_RX1_IRQHandler
                0x000000000800609c                UART5_IRQHandler
                0x000000000800609c                TIM4_IRQHandler
                0x000000000800609c                I2C1_EV_IRQHandler
                0x000000000800609c                DMA1_Stream6_IRQHandler
                0x000000000800609c                DMA1_Stream1_IRQHandler
                0x000000000800609c                UART4_IRQHandler
                0x000000000800609c                TIM3_IRQHandler
                0x000000000800609c                RCC_IRQHandler
                0x000000000800609c                TIM8_BRK_TIM12_IRQHandler
                0x000000000800609c                Default_Handler
                0x000000000800609c                EXTI15_10_IRQHandler
                0x000000000800609c                ADC_IRQHandler
                0x000000000800609c                DMA1_Stream7_IRQHandler
                0x000000000800609c                TIM7_IRQHandler
                0x000000000800609c                CAN2_TX_IRQHandler
                0x000000000800609c                TIM5_IRQHandler
                0x000000000800609c                DMA2_Stream7_IRQHandler
                0x000000000800609c                I2C3_EV_IRQHandler
                0x000000000800609c                EXTI9_5_IRQHandler
                0x000000000800609c                RTC_WKUP_IRQHandler
                0x000000000800609c                ETH_WKUP_IRQHandler
                0x000000000800609c                SPI2_IRQHandler
                0x000000000800609c                OTG_HS_EP1_IN_IRQHandler
                0x000000000800609c                DMA1_Stream0_IRQHandler
                0x000000000800609c                CAN1_TX_IRQHandler
                0x000000000800609c                EXTI4_IRQHandler
                0x000000000800609c                FSMC_IRQHandler
                0x000000000800609c                ETH_IRQHandler
                0x000000000800609c                OTG_HS_EP1_OUT_IRQHandler
                0x000000000800609c                WWDG_IRQHandler
                0x000000000800609c                OTG_FS_WKUP_IRQHandler
                0x000000000800609c                TIM1_TRG_COM_TIM11_IRQHandler
                0x000000000800609c                OTG_HS_IRQHandler
                0x000000000800609c                EXTI1_IRQHandler
                0x000000000800609c                I2C2_ER_IRQHandler
                0x000000000800609c                DMA2_Stream1_IRQHandler
                0x000000000800609c                CAN1_SCE_IRQHandler
                0x000000000800609c                FLASH_IRQHandler
                0x000000000800609c                DMA2_Stream4_IRQHandler
                0x000000000800609c                OTG_FS_IRQHandler
                0x000000000800609c                SPI3_IRQHandler
                0x000000000800609c                DMA1_Stream4_IRQHandler
                0x000000000800609c                I2C1_ER_IRQHandler
                0x000000000800609c                DMA2_Stream6_IRQHandler
                0x000000000800609c                DMA1_Stream3_IRQHandler
 *fill*         0x000000000800609e        0x2 
 .text.HAL_Init
                0x00000000080060a0       0x44 ./Drivers/STM32F4xx_HAL_Driver/Src/stm32f4xx_hal.o
                0x00000000080060a0                HAL_Init
 .text.HAL_InitTick
                0x00000000080060e4       0x60 ./Drivers/STM32F4xx_HAL_Driver/Src/stm32f4xx_hal.o
                0x00000000080060e4                HAL_InitTick
 .text.HAL_IncTick
                0x0000000008006144       0x28 ./Drivers/STM32F4xx_HAL_Driver/Src/stm32f4xx_hal.o
                0x0000000008006144                HAL_IncTick
 .text.HAL_GetTick
                0x000000000800616c       0x18 ./Drivers/STM32F4xx_HAL_Driver/Src/stm32f4xx_hal.o
                0x000000000800616c                HAL_GetTick
 .text.HAL_Delay
                0x0000000008006184       0x48 ./Drivers/STM32F4xx_HAL_Driver/Src/stm32f4xx_hal.o
                0x0000000008006184                HAL_Delay
 .text.HAL_ADC_Init
                0x00000000080061cc       0x86 ./Drivers/STM32F4xx_HAL_Driver/Src/stm32f4xx_hal_adc.o
                0x00000000080061cc                HAL_ADC_Init
 *fill*         0x0000000008006252        0x2 
 .text.HAL_ADC_ConfigChannel
                0x0000000008006254      0x244 ./Drivers/STM32F4xx_HAL_Driver/Src/stm32f4xx_hal_adc.o
                0x0000000008006254                HAL_ADC_ConfigChannel
 .text.ADC_Init
                0x0000000008006498      0x1f8 ./Drivers/STM32F4xx_HAL_Driver/Src/stm32f4xx_hal_adc.o
 .text.__NVIC_SetPriorityGrouping
                0x0000000008006690       0x48 ./Drivers/STM32F4xx_HAL_Driver/Src/stm32f4xx_hal_cortex.o
 .text.__NVIC_GetPriorityGrouping
                0x00000000080066d8       0x1c ./Drivers/STM32F4xx_HAL_Driver/Src/stm32f4xx_hal_cortex.o
 .text.__NVIC_EnableIRQ
                0x00000000080066f4       0x3c ./Drivers/STM32F4xx_HAL_Driver/Src/stm32f4xx_hal_cortex.o
 .text.__NVIC_SetPriority
                0x0000000008006730       0x54 ./Drivers/STM32F4xx_HAL_Driver/Src/stm32f4xx_hal_cortex.o
 .text.NVIC_EncodePriority
                0x0000000008006784       0x66 ./Drivers/STM32F4xx_HAL_Driver/Src/stm32f4xx_hal_cortex.o
 *fill*         0x00000000080067ea        0x2 
 .text.SysTick_Config
                0x00000000080067ec       0x44 ./Drivers/STM32F4xx_HAL_Driver/Src/stm32f4xx_hal_cortex.o
 .text.HAL_NVIC_SetPriorityGrouping
                0x0000000008006830       0x16 ./Drivers/STM32F4xx_HAL_Driver/Src/stm32f4xx_hal_cortex.o
                0x0000000008006830                HAL_NVIC_SetPriorityGrouping
 .text.HAL_NVIC_SetPriority
                0x0000000008006846       0x38 ./Drivers/STM32F4xx_HAL_Driver/Src/stm32f4xx_hal_cortex.o
                0x0000000008006846                HAL_NVIC_SetPriority
 .text.HAL_NVIC_EnableIRQ
                0x000000000800687e       0x1c ./Drivers/STM32F4xx_HAL_Driver/Src/stm32f4xx_hal_cortex.o
                0x000000000800687e                HAL_NVIC_EnableIRQ
 .text.HAL_SYSTICK_Config
                0x000000000800689a       0x18 ./Drivers/STM32F4xx_HAL_Driver/Src/stm32f4xx_hal_cortex.o
                0x000000000800689a                HAL_SYSTICK_Config
 *fill*         0x00000000080068b2        0x2 
 .text.HAL_DMA_Init
                0x00000000080068b4      0x15c ./Drivers/STM32F4xx_HAL_Driver/Src/stm32f4xx_hal_dma.o
                0x00000000080068b4                HAL_DMA_Init
 .text.HAL_DMA_Abort
                0x0000000008006a10       0xe0 ./Drivers/STM32F4xx_HAL_Driver/Src/stm32f4xx_hal_dma.o
                0x0000000008006a10                HAL_DMA_Abort
 .text.HAL_DMA_Abort_IT
                0x0000000008006af0       0x44 ./Drivers/STM32F4xx_HAL_Driver/Src/stm32f4xx_hal_dma.o
                0x0000000008006af0                HAL_DMA_Abort_IT
 .text.HAL_DMA_IRQHandler
                0x0000000008006b34      0x314 ./Drivers/STM32F4xx_HAL_Driver/Src/stm32f4xx_hal_dma.o
                0x0000000008006b34                HAL_DMA_IRQHandler
 .text.DMA_CalcBaseAndBitshift
                0x0000000008006e48       0x6c ./Drivers/STM32F4xx_HAL_Driver/Src/stm32f4xx_hal_dma.o
 .text.DMA_CheckFifoParam
                0x0000000008006eb4       0xf8 ./Drivers/STM32F4xx_HAL_Driver/Src/stm32f4xx_hal_dma.o
 .text.HAL_GPIO_Init
                0x0000000008006fac      0x338 ./Drivers/STM32F4xx_HAL_Driver/Src/stm32f4xx_hal_gpio.o
                0x0000000008006fac                HAL_GPIO_Init
 .text.HAL_GPIO_ReadPin
                0x00000000080072e4       0x30 ./Drivers/STM32F4xx_HAL_Driver/Src/stm32f4xx_hal_gpio.o
                0x00000000080072e4                HAL_GPIO_ReadPin
 .text.HAL_GPIO_WritePin
                0x0000000008007314       0x32 ./Drivers/STM32F4xx_HAL_Driver/Src/stm32f4xx_hal_gpio.o
                0x0000000008007314                HAL_GPIO_WritePin
 *fill*         0x0000000008007346        0x2 
 .text.HAL_I2C_Init
                0x0000000008007348      0x288 ./Drivers/STM32F4xx_HAL_Driver/Src/stm32f4xx_hal_i2c.o
                0x0000000008007348                HAL_I2C_Init
 .text.HAL_I2C_Mem_Write
                0x00000000080075d0      0x1f4 ./Drivers/STM32F4xx_HAL_Driver/Src/stm32f4xx_hal_i2c.o
                0x00000000080075d0                HAL_I2C_Mem_Write
 .text.HAL_I2C_Mem_Read
                0x00000000080077c4      0x44c ./Drivers/STM32F4xx_HAL_Driver/Src/stm32f4xx_hal_i2c.o
                0x00000000080077c4                HAL_I2C_Mem_Read
 .text.I2C_RequestMemoryWrite
                0x0000000008007c10      0x12c ./Drivers/STM32F4xx_HAL_Driver/Src/stm32f4xx_hal_i2c.o
 .text.I2C_RequestMemoryRead
                0x0000000008007d3c      0x1d0 ./Drivers/STM32F4xx_HAL_Driver/Src/stm32f4xx_hal_i2c.o
 .text.I2C_WaitOnFlagUntilTimeout
                0x0000000008007f0c       0xae ./Drivers/STM32F4xx_HAL_Driver/Src/stm32f4xx_hal_i2c.o
 .text.I2C_WaitOnMasterAddressFlagUntilTimeout
                0x0000000008007fba       0xfe ./Drivers/STM32F4xx_HAL_Driver/Src/stm32f4xx_hal_i2c.o
 .text.I2C_WaitOnTXEFlagUntilTimeout
                0x00000000080080b8       0x82 ./Drivers/STM32F4xx_HAL_Driver/Src/stm32f4xx_hal_i2c.o
 .text.I2C_WaitOnBTFFlagUntilTimeout
                0x000000000800813a       0x82 ./Drivers/STM32F4xx_HAL_Driver/Src/stm32f4xx_hal_i2c.o
 .text.I2C_WaitOnRXNEFlagUntilTimeout
                0x00000000080081bc       0xac ./Drivers/STM32F4xx_HAL_Driver/Src/stm32f4xx_hal_i2c.o
 .text.I2C_IsAcknowledgeFailed
                0x0000000008008268       0x5e ./Drivers/STM32F4xx_HAL_Driver/Src/stm32f4xx_hal_i2c.o
 *fill*         0x00000000080082c6        0x2 
 .text.HAL_RCC_OscConfig
                0x00000000080082c8      0x4f0 ./Drivers/STM32F4xx_HAL_Driver/Src/stm32f4xx_hal_rcc.o
                0x00000000080082c8                HAL_RCC_OscConfig
 .text.HAL_RCC_ClockConfig
                0x00000000080087b8      0x1cc ./Drivers/STM32F4xx_HAL_Driver/Src/stm32f4xx_hal_rcc.o
                0x00000000080087b8                HAL_RCC_ClockConfig
 .text.HAL_RCC_GetSysClockFreq
                0x0000000008008984      0x1c4 ./Drivers/STM32F4xx_HAL_Driver/Src/stm32f4xx_hal_rcc.o
                0x0000000008008984                HAL_RCC_GetSysClockFreq
 .text.HAL_RCC_GetHCLKFreq
                0x0000000008008b48       0x18 ./Drivers/STM32F4xx_HAL_Driver/Src/stm32f4xx_hal_rcc.o
                0x0000000008008b48                HAL_RCC_GetHCLKFreq
 .text.HAL_RCC_GetPCLK1Freq
                0x0000000008008b60       0x28 ./Drivers/STM32F4xx_HAL_Driver/Src/stm32f4xx_hal_rcc.o
                0x0000000008008b60                HAL_RCC_GetPCLK1Freq
 .text.HAL_RCC_GetPCLK2Freq
                0x0000000008008b88       0x28 ./Drivers/STM32F4xx_HAL_Driver/Src/stm32f4xx_hal_rcc.o
                0x0000000008008b88                HAL_RCC_GetPCLK2Freq
 .text.HAL_SPI_Init
                0x0000000008008bb0      0x112 ./Drivers/STM32F4xx_HAL_Driver/Src/stm32f4xx_hal_spi.o
                0x0000000008008bb0                HAL_SPI_Init
 .text.HAL_SPI_Transmit
                0x0000000008008cc2      0x278 ./Drivers/STM32F4xx_HAL_Driver/Src/stm32f4xx_hal_spi.o
                0x0000000008008cc2                HAL_SPI_Transmit
 .text.HAL_SPI_Receive
                0x0000000008008f3a      0x222 ./Drivers/STM32F4xx_HAL_Driver/Src/stm32f4xx_hal_spi.o
                0x0000000008008f3a                HAL_SPI_Receive
 .text.HAL_SPI_TransmitReceive
                0x000000000800915c      0x344 ./Drivers/STM32F4xx_HAL_Driver/Src/stm32f4xx_hal_spi.o
                0x000000000800915c                HAL_SPI_TransmitReceive
 .text.SPI_WaitFlagStateUntilTimeout
                0x00000000080094a0      0x110 ./Drivers/STM32F4xx_HAL_Driver/Src/stm32f4xx_hal_spi.o
 .text.SPI_EndRxTransaction
                0x00000000080095b0       0xca ./Drivers/STM32F4xx_HAL_Driver/Src/stm32f4xx_hal_spi.o
 *fill*         0x000000000800967a        0x2 
 .text.SPI_EndRxTxTransaction
                0x000000000800967c       0x84 ./Drivers/STM32F4xx_HAL_Driver/Src/stm32f4xx_hal_spi.o
 .text.HAL_SRAM_Init
                0x0000000008009700       0x88 ./Drivers/STM32F4xx_HAL_Driver/Src/stm32f4xx_hal_sram.o
                0x0000000008009700                HAL_SRAM_Init
 .text.HAL_TIM_Base_Init
                0x0000000008009788       0x9e ./Drivers/STM32F4xx_HAL_Driver/Src/stm32f4xx_hal_tim.o
                0x0000000008009788                HAL_TIM_Base_Init
 *fill*         0x0000000008009826        0x2 
 .text.HAL_TIM_Base_Start
                0x0000000008009828       0xd0 ./Drivers/STM32F4xx_HAL_Driver/Src/stm32f4xx_hal_tim.o
                0x0000000008009828                HAL_TIM_Base_Start
 .text.HAL_TIM_Base_Start_IT
                0x00000000080098f8       0xe0 ./Drivers/STM32F4xx_HAL_Driver/Src/stm32f4xx_hal_tim.o
                0x00000000080098f8                HAL_TIM_Base_Start_IT
 .text.HAL_TIM_PWM_Init
                0x00000000080099d8       0x9e ./Drivers/STM32F4xx_HAL_Driver/Src/stm32f4xx_hal_tim.o
                0x00000000080099d8                HAL_TIM_PWM_Init
 .text.HAL_TIM_PWM_MspInit
                0x0000000008009a76       0x14 ./Drivers/STM32F4xx_HAL_Driver/Src/stm32f4xx_hal_tim.o
                0x0000000008009a76                HAL_TIM_PWM_MspInit
 *fill*         0x0000000008009a8a        0x2 
 .text.HAL_TIM_PWM_Start
                0x0000000008009a8c      0x190 ./Drivers/STM32F4xx_HAL_Driver/Src/stm32f4xx_hal_tim.o
                0x0000000008009a8c                HAL_TIM_PWM_Start
 .text.HAL_TIM_IRQHandler
                0x0000000008009c1c      0x210 ./Drivers/STM32F4xx_HAL_Driver/Src/stm32f4xx_hal_tim.o
                0x0000000008009c1c                HAL_TIM_IRQHandler
 .text.HAL_TIM_PWM_ConfigChannel
                0x0000000008009e2c      0x184 ./Drivers/STM32F4xx_HAL_Driver/Src/stm32f4xx_hal_tim.o
                0x0000000008009e2c                HAL_TIM_PWM_ConfigChannel
 .text.HAL_TIM_ConfigClockSource
                0x0000000008009fb0      0x18e ./Drivers/STM32F4xx_HAL_Driver/Src/stm32f4xx_hal_tim.o
                0x0000000008009fb0                HAL_TIM_ConfigClockSource
 .text.HAL_TIM_OC_DelayElapsedCallback
                0x000000000800a13e       0x14 ./Drivers/STM32F4xx_HAL_Driver/Src/stm32f4xx_hal_tim.o
                0x000000000800a13e                HAL_TIM_OC_DelayElapsedCallback
 .text.HAL_TIM_IC_CaptureCallback
                0x000000000800a152       0x14 ./Drivers/STM32F4xx_HAL_Driver/Src/stm32f4xx_hal_tim.o
                0x000000000800a152                HAL_TIM_IC_CaptureCallback
 .text.HAL_TIM_PWM_PulseFinishedCallback
                0x000000000800a166       0x14 ./Drivers/STM32F4xx_HAL_Driver/Src/stm32f4xx_hal_tim.o
                0x000000000800a166                HAL_TIM_PWM_PulseFinishedCallback
 .text.HAL_TIM_TriggerCallback
                0x000000000800a17a       0x14 ./Drivers/STM32F4xx_HAL_Driver/Src/stm32f4xx_hal_tim.o
                0x000000000800a17a                HAL_TIM_TriggerCallback
 *fill*         0x000000000800a18e        0x2 
 .text.TIM_Base_SetConfig
                0x000000000800a190      0x140 ./Drivers/STM32F4xx_HAL_Driver/Src/stm32f4xx_hal_tim.o
                0x000000000800a190                TIM_Base_SetConfig
 .text.TIM_OC1_SetConfig
                0x000000000800a2d0       0xe0 ./Drivers/STM32F4xx_HAL_Driver/Src/stm32f4xx_hal_tim.o
 .text.TIM_OC2_SetConfig
                0x000000000800a3b0       0xec ./Drivers/STM32F4xx_HAL_Driver/Src/stm32f4xx_hal_tim.o
                0x000000000800a3b0                TIM_OC2_SetConfig
 .text.TIM_OC3_SetConfig
                0x000000000800a49c       0xe8 ./Drivers/STM32F4xx_HAL_Driver/Src/stm32f4xx_hal_tim.o
 .text.TIM_OC4_SetConfig
                0x000000000800a584       0xac ./Drivers/STM32F4xx_HAL_Driver/Src/stm32f4xx_hal_tim.o
 .text.TIM_TI1_ConfigInputStage
                0x000000000800a630       0x5e ./Drivers/STM32F4xx_HAL_Driver/Src/stm32f4xx_hal_tim.o
 .text.TIM_TI2_ConfigInputStage
                0x000000000800a68e       0x60 ./Drivers/STM32F4xx_HAL_Driver/Src/stm32f4xx_hal_tim.o
 .text.TIM_ITRx_SetConfig
                0x000000000800a6ee       0x36 ./Drivers/STM32F4xx_HAL_Driver/Src/stm32f4xx_hal_tim.o
 .text.TIM_ETR_SetConfig
                0x000000000800a724       0x40 ./Drivers/STM32F4xx_HAL_Driver/Src/stm32f4xx_hal_tim.o
                0x000000000800a724                TIM_ETR_SetConfig
 .text.TIM_CCxChannelCmd
                0x000000000800a764       0x4a ./Drivers/STM32F4xx_HAL_Driver/Src/stm32f4xx_hal_tim.o
                0x000000000800a764                TIM_CCxChannelCmd
 *fill*         0x000000000800a7ae        0x2 
 .text.HAL_TIMEx_MasterConfigSynchronization
                0x000000000800a7b0       0xf8 ./Drivers/STM32F4xx_HAL_Driver/Src/stm32f4xx_hal_tim_ex.o
                0x000000000800a7b0                HAL_TIMEx_MasterConfigSynchronization
 .text.HAL_TIMEx_CommutCallback
                0x000000000800a8a8       0x14 ./Drivers/STM32F4xx_HAL_Driver/Src/stm32f4xx_hal_tim_ex.o
                0x000000000800a8a8                HAL_TIMEx_CommutCallback
 .text.HAL_TIMEx_BreakCallback
                0x000000000800a8bc       0x14 ./Drivers/STM32F4xx_HAL_Driver/Src/stm32f4xx_hal_tim_ex.o
                0x000000000800a8bc                HAL_TIMEx_BreakCallback
 .text.HAL_UART_Init
                0x000000000800a8d0       0x9a ./Drivers/STM32F4xx_HAL_Driver/Src/stm32f4xx_hal_uart.o
                0x000000000800a8d0                HAL_UART_Init
 .text.HAL_UART_Transmit
                0x000000000800a96a      0x124 ./Drivers/STM32F4xx_HAL_Driver/Src/stm32f4xx_hal_uart.o
                0x000000000800a96a                HAL_UART_Transmit
 .text.HAL_UART_Receive_IT
                0x000000000800aa8e       0x60 ./Drivers/STM32F4xx_HAL_Driver/Src/stm32f4xx_hal_uart.o
                0x000000000800aa8e                HAL_UART_Receive_IT
 *fill*         0x000000000800aaee        0x2 
 .text.HAL_UART_IRQHandler
                0x000000000800aaf0      0x51c ./Drivers/STM32F4xx_HAL_Driver/Src/stm32f4xx_hal_uart.o
                0x000000000800aaf0                HAL_UART_IRQHandler
 .text.HAL_UART_TxCpltCallback
                0x000000000800b00c       0x14 ./Drivers/STM32F4xx_HAL_Driver/Src/stm32f4xx_hal_uart.o
                0x000000000800b00c                HAL_UART_TxCpltCallback
 .text.HAL_UART_ErrorCallback
                0x000000000800b020       0x14 ./Drivers/STM32F4xx_HAL_Driver/Src/stm32f4xx_hal_uart.o
                0x000000000800b020                HAL_UART_ErrorCallback
 .text.HAL_UARTEx_RxEventCallback
                0x000000000800b034       0x18 ./Drivers/STM32F4xx_HAL_Driver/Src/stm32f4xx_hal_uart.o
                0x000000000800b034                HAL_UARTEx_RxEventCallback
 .text.UART_WaitOnFlagUntilTimeout
                0x000000000800b04c       0xdc ./Drivers/STM32F4xx_HAL_Driver/Src/stm32f4xx_hal_uart.o
 .text.UART_Start_Receive_IT
                0x000000000800b128       0x74 ./Drivers/STM32F4xx_HAL_Driver/Src/stm32f4xx_hal_uart.o
                0x000000000800b128                UART_Start_Receive_IT
 .text.UART_EndRxTransfer
                0x000000000800b19c       0xc6 ./Drivers/STM32F4xx_HAL_Driver/Src/stm32f4xx_hal_uart.o
 .text.UART_DMAAbortOnError
                0x000000000800b262       0x28 ./Drivers/STM32F4xx_HAL_Driver/Src/stm32f4xx_hal_uart.o
 .text.UART_Transmit_IT
                0x000000000800b28a       0xa0 ./Drivers/STM32F4xx_HAL_Driver/Src/stm32f4xx_hal_uart.o
 .text.UART_EndTransmit_IT
                0x000000000800b32a       0x30 ./Drivers/STM32F4xx_HAL_Driver/Src/stm32f4xx_hal_uart.o
 .text.UART_Receive_IT
                0x000000000800b35a      0x176 ./Drivers/STM32F4xx_HAL_Driver/Src/stm32f4xx_hal_uart.o
 .text.UART_SetConfig
                0x000000000800b4d0      0x390 ./Drivers/STM32F4xx_HAL_Driver/Src/stm32f4xx_hal_uart.o
 .text.FSMC_NORSRAM_Init
                0x000000000800b860       0xa4 ./Drivers/STM32F4xx_HAL_Driver/Src/stm32f4xx_ll_fsmc.o
                0x000000000800b860                FSMC_NORSRAM_Init
 .text.FSMC_NORSRAM_Timing_Init
                0x000000000800b904       0x7a ./Drivers/STM32F4xx_HAL_Driver/Src/stm32f4xx_ll_fsmc.o
                0x000000000800b904                FSMC_NORSRAM_Timing_Init
 *fill*         0x000000000800b97e        0x2 
 .text.FSMC_NORSRAM_Extended_Timing_Init
                0x000000000800b980       0x80 ./Drivers/STM32F4xx_HAL_Driver/Src/stm32f4xx_ll_fsmc.o
                0x000000000800b980                FSMC_NORSRAM_Extended_Timing_Init
 .text.__errno  0x000000000800ba00        0xc e:/downloaded/stm32cubeide_1.7.0/stm32cubeide/plugins/com.st.stm32cube.ide.mcu.externaltools.gnu-tools-for-stm32.9-2020-q2-update.win32_2.0.0.202105311346/tools/bin/../lib/gcc/arm-none-eabi/9.3.1/../../../../arm-none-eabi/lib/thumb/v7e-m+fp/hard\libc_nano.a(lib_a-errno.o)
                0x000000000800ba00                __errno
 .text.__libc_init_array
                0x000000000800ba0c       0x48 e:/downloaded/stm32cubeide_1.7.0/stm32cubeide/plugins/com.st.stm32cube.ide.mcu.externaltools.gnu-tools-for-stm32.9-2020-q2-update.win32_2.0.0.202105311346/tools/bin/../lib/gcc/arm-none-eabi/9.3.1/../../../../arm-none-eabi/lib/thumb/v7e-m+fp/hard\libc_nano.a(lib_a-init.o)
                0x000000000800ba0c                __libc_init_array
 .text.malloc   0x000000000800ba54       0x10 e:/downloaded/stm32cubeide_1.7.0/stm32cubeide/plugins/com.st.stm32cube.ide.mcu.externaltools.gnu-tools-for-stm32.9-2020-q2-update.win32_2.0.0.202105311346/tools/bin/../lib/gcc/arm-none-eabi/9.3.1/../../../../arm-none-eabi/lib/thumb/v7e-m+fp/hard\libc_nano.a(lib_a-malloc.o)
                0x000000000800ba54                malloc
 .text.memset   0x000000000800ba64       0x10 e:/downloaded/stm32cubeide_1.7.0/stm32cubeide/plugins/com.st.stm32cube.ide.mcu.externaltools.gnu-tools-for-stm32.9-2020-q2-update.win32_2.0.0.202105311346/tools/bin/../lib/gcc/arm-none-eabi/9.3.1/../../../../arm-none-eabi/lib/thumb/v7e-m+fp/hard\libc_nano.a(lib_a-memset.o)
                0x000000000800ba64                memset
 .text._free_r  0x000000000800ba74       0xa0 e:/downloaded/stm32cubeide_1.7.0/stm32cubeide/plugins/com.st.stm32cube.ide.mcu.externaltools.gnu-tools-for-stm32.9-2020-q2-update.win32_2.0.0.202105311346/tools/bin/../lib/gcc/arm-none-eabi/9.3.1/../../../../arm-none-eabi/lib/thumb/v7e-m+fp/hard\libc_nano.a(lib_a-nano-freer.o)
                0x000000000800ba74                _free_r
 .text._malloc_r
                0x000000000800bb14       0xb4 e:/downloaded/stm32cubeide_1.7.0/stm32cubeide/plugins/com.st.stm32cube.ide.mcu.externaltools.gnu-tools-for-stm32.9-2020-q2-update.win32_2.0.0.202105311346/tools/bin/../lib/gcc/arm-none-eabi/9.3.1/../../../../arm-none-eabi/lib/thumb/v7e-m+fp/hard\libc_nano.a(lib_a-nano-mallocr.o)
                0x000000000800bb14                _malloc_r
 .text.rand     0x000000000800bbc8       0x80 e:/downloaded/stm32cubeide_1.7.0/stm32cubeide/plugins/com.st.stm32cube.ide.mcu.externaltools.gnu-tools-for-stm32.9-2020-q2-update.win32_2.0.0.202105311346/tools/bin/../lib/gcc/arm-none-eabi/9.3.1/../../../../arm-none-eabi/lib/thumb/v7e-m+fp/hard\libc_nano.a(lib_a-rand.o)
                0x000000000800bbc8                rand
 .text._sbrk_r  0x000000000800bc48       0x20 e:/downloaded/stm32cubeide_1.7.0/stm32cubeide/plugins/com.st.stm32cube.ide.mcu.externaltools.gnu-tools-for-stm32.9-2020-q2-update.win32_2.0.0.202105311346/tools/bin/../lib/gcc/arm-none-eabi/9.3.1/../../../../arm-none-eabi/lib/thumb/v7e-m+fp/hard\libc_nano.a(lib_a-sbrkr.o)
                0x000000000800bc48                _sbrk_r
 .text.sprintf  0x000000000800bc68       0x40 e:/downloaded/stm32cubeide_1.7.0/stm32cubeide/plugins/com.st.stm32cube.ide.mcu.externaltools.gnu-tools-for-stm32.9-2020-q2-update.win32_2.0.0.202105311346/tools/bin/../lib/gcc/arm-none-eabi/9.3.1/../../../../arm-none-eabi/lib/thumb/v7e-m+fp/hard\libc_nano.a(lib_a-sprintf.o)
                0x000000000800bc68                siprintf
                0x000000000800bc68                sprintf
 .text.__assert_func
                0x000000000800bca8       0x3c e:/downloaded/stm32cubeide_1.7.0/stm32cubeide/plugins/com.st.stm32cube.ide.mcu.externaltools.gnu-tools-for-stm32.9-2020-q2-update.win32_2.0.0.202105311346/tools/bin/../lib/gcc/arm-none-eabi/9.3.1/../../../../arm-none-eabi/lib/thumb/v7e-m+fp/hard\libc_nano.a(lib_a-assert.o)
                0x000000000800bca8                __assert_func
 .text.fprintf  0x000000000800bce4       0x24 e:/downloaded/stm32cubeide_1.7.0/stm32cubeide/plugins/com.st.stm32cube.ide.mcu.externaltools.gnu-tools-for-stm32.9-2020-q2-update.win32_2.0.0.202105311346/tools/bin/../lib/gcc/arm-none-eabi/9.3.1/../../../../arm-none-eabi/lib/thumb/v7e-m+fp/hard\libc_nano.a(lib_a-fprintf.o)
                0x000000000800bce4                fiprintf
                0x000000000800bce4                fprintf
 .text.__malloc_lock
                0x000000000800bd08        0xc e:/downloaded/stm32cubeide_1.7.0/stm32cubeide/plugins/com.st.stm32cube.ide.mcu.externaltools.gnu-tools-for-stm32.9-2020-q2-update.win32_2.0.0.202105311346/tools/bin/../lib/gcc/arm-none-eabi/9.3.1/../../../../arm-none-eabi/lib/thumb/v7e-m+fp/hard\libc_nano.a(lib_a-mlock.o)
                0x000000000800bd08                __malloc_lock
 .text.__malloc_unlock
                0x000000000800bd14        0xc e:/downloaded/stm32cubeide_1.7.0/stm32cubeide/plugins/com.st.stm32cube.ide.mcu.externaltools.gnu-tools-for-stm32.9-2020-q2-update.win32_2.0.0.202105311346/tools/bin/../lib/gcc/arm-none-eabi/9.3.1/../../../../arm-none-eabi/lib/thumb/v7e-m+fp/hard\libc_nano.a(lib_a-mlock.o)
                0x000000000800bd14                __malloc_unlock
 .text.__ssputs_r
                0x000000000800bd20       0xb6 e:/downloaded/stm32cubeide_1.7.0/stm32cubeide/plugins/com.st.stm32cube.ide.mcu.externaltools.gnu-tools-for-stm32.9-2020-q2-update.win32_2.0.0.202105311346/tools/bin/../lib/gcc/arm-none-eabi/9.3.1/../../../../arm-none-eabi/lib/thumb/v7e-m+fp/hard\libc_nano.a(lib_a-nano-svfprintf.o)
                0x000000000800bd20                __ssputs_r
 *fill*         0x000000000800bdd6        0x2 
 .text._svfprintf_r
                0x000000000800bdd8      0x200 e:/downloaded/stm32cubeide_1.7.0/stm32cubeide/plugins/com.st.stm32cube.ide.mcu.externaltools.gnu-tools-for-stm32.9-2020-q2-update.win32_2.0.0.202105311346/tools/bin/../lib/gcc/arm-none-eabi/9.3.1/../../../../arm-none-eabi/lib/thumb/v7e-m+fp/hard\libc_nano.a(lib_a-nano-svfprintf.o)
                0x000000000800bdd8                _svfiprintf_r
                0x000000000800bdd8                _svfprintf_r
 .text.__sfputc_r
                0x000000000800bfd8       0x2e e:/downloaded/stm32cubeide_1.7.0/stm32cubeide/plugins/com.st.stm32cube.ide.mcu.externaltools.gnu-tools-for-stm32.9-2020-q2-update.win32_2.0.0.202105311346/tools/bin/../lib/gcc/arm-none-eabi/9.3.1/../../../../arm-none-eabi/lib/thumb/v7e-m+fp/hard\libc_nano.a(lib_a-nano-vfprintf.o)
 .text.__sfputs_r
                0x000000000800c006       0x24 e:/downloaded/stm32cubeide_1.7.0/stm32cubeide/plugins/com.st.stm32cube.ide.mcu.externaltools.gnu-tools-for-stm32.9-2020-q2-update.win32_2.0.0.202105311346/tools/bin/../lib/gcc/arm-none-eabi/9.3.1/../../../../arm-none-eabi/lib/thumb/v7e-m+fp/hard\libc_nano.a(lib_a-nano-vfprintf.o)
                0x000000000800c006                __sfputs_r
 *fill*         0x000000000800c02a        0x2 
 .text._vfprintf_r
                0x000000000800c02c      0x260 e:/downloaded/stm32cubeide_1.7.0/stm32cubeide/plugins/com.st.stm32cube.ide.mcu.externaltools.gnu-tools-for-stm32.9-2020-q2-update.win32_2.0.0.202105311346/tools/bin/../lib/gcc/arm-none-eabi/9.3.1/../../../../arm-none-eabi/lib/thumb/v7e-m+fp/hard\libc_nano.a(lib_a-nano-vfprintf.o)
                0x000000000800c02c                _vfprintf_r
                0x000000000800c02c                _vfiprintf_r
 .text._printf_common
                0x000000000800c28c       0xda e:/downloaded/stm32cubeide_1.7.0/stm32cubeide/plugins/com.st.stm32cube.ide.mcu.externaltools.gnu-tools-for-stm32.9-2020-q2-update.win32_2.0.0.202105311346/tools/bin/../lib/gcc/arm-none-eabi/9.3.1/../../../../arm-none-eabi/lib/thumb/v7e-m+fp/hard\libc_nano.a(lib_a-nano-vfprintf_i.o)
                0x000000000800c28c                _printf_common
 *fill*         0x000000000800c366        0x2 
 .text._printf_i
                0x000000000800c368      0x24c e:/downloaded/stm32cubeide_1.7.0/stm32cubeide/plugins/com.st.stm32cube.ide.mcu.externaltools.gnu-tools-for-stm32.9-2020-q2-update.win32_2.0.0.202105311346/tools/bin/../lib/gcc/arm-none-eabi/9.3.1/../../../../arm-none-eabi/lib/thumb/v7e-m+fp/hard\libc_nano.a(lib_a-nano-vfprintf_i.o)
                0x000000000800c368                _printf_i
 .text.__swbuf_r
                0x000000000800c5b4       0xa4 e:/downloaded/stm32cubeide_1.7.0/stm32cubeide/plugins/com.st.stm32cube.ide.mcu.externaltools.gnu-tools-for-stm32.9-2020-q2-update.win32_2.0.0.202105311346/tools/bin/../lib/gcc/arm-none-eabi/9.3.1/../../../../arm-none-eabi/lib/thumb/v7e-m+fp/hard\libc_nano.a(lib_a-wbuf.o)
                0x000000000800c5b4                __swbuf_r
 .text.__swsetup_r
                0x000000000800c658       0xdc e:/downloaded/stm32cubeide_1.7.0/stm32cubeide/plugins/com.st.stm32cube.ide.mcu.externaltools.gnu-tools-for-stm32.9-2020-q2-update.win32_2.0.0.202105311346/tools/bin/../lib/gcc/arm-none-eabi/9.3.1/../../../../arm-none-eabi/lib/thumb/v7e-m+fp/hard\libc_nano.a(lib_a-wsetup.o)
                0x000000000800c658                __swsetup_r
 .text.abort    0x000000000800c734        0xe e:/downloaded/stm32cubeide_1.7.0/stm32cubeide/plugins/com.st.stm32cube.ide.mcu.externaltools.gnu-tools-for-stm32.9-2020-q2-update.win32_2.0.0.202105311346/tools/bin/../lib/gcc/arm-none-eabi/9.3.1/../../../../arm-none-eabi/lib/thumb/v7e-m+fp/hard\libc_nano.a(lib_a-abort.o)
                0x000000000800c734                abort
 *fill*         0x000000000800c742        0x2 
 .text.__sflush_r
                0x000000000800c744      0x10c e:/downloaded/stm32cubeide_1.7.0/stm32cubeide/plugins/com.st.stm32cube.ide.mcu.externaltools.gnu-tools-for-stm32.9-2020-q2-update.win32_2.0.0.202105311346/tools/bin/../lib/gcc/arm-none-eabi/9.3.1/../../../../arm-none-eabi/lib/thumb/v7e-m+fp/hard\libc_nano.a(lib_a-fflush.o)
                0x000000000800c744                __sflush_r
 .text._fflush_r
                0x000000000800c850       0x78 e:/downloaded/stm32cubeide_1.7.0/stm32cubeide/plugins/com.st.stm32cube.ide.mcu.externaltools.gnu-tools-for-stm32.9-2020-q2-update.win32_2.0.0.202105311346/tools/bin/../lib/gcc/arm-none-eabi/9.3.1/../../../../arm-none-eabi/lib/thumb/v7e-m+fp/hard\libc_nano.a(lib_a-fflush.o)
                0x000000000800c850                _fflush_r
 .text.std      0x000000000800c8c8       0x48 e:/downloaded/stm32cubeide_1.7.0/stm32cubeide/plugins/com.st.stm32cube.ide.mcu.externaltools.gnu-tools-for-stm32.9-2020-q2-update.win32_2.0.0.202105311346/tools/bin/../lib/gcc/arm-none-eabi/9.3.1/../../../../arm-none-eabi/lib/thumb/v7e-m+fp/hard\libc_nano.a(lib_a-findfp.o)
 .text._cleanup_r
                0x000000000800c910        0xc e:/downloaded/stm32cubeide_1.7.0/stm32cubeide/plugins/com.st.stm32cube.ide.mcu.externaltools.gnu-tools-for-stm32.9-2020-q2-update.win32_2.0.0.202105311346/tools/bin/../lib/gcc/arm-none-eabi/9.3.1/../../../../arm-none-eabi/lib/thumb/v7e-m+fp/hard\libc_nano.a(lib_a-findfp.o)
                0x000000000800c910                _cleanup_r
 .text.__sfmoreglue
                0x000000000800c91c       0x2c e:/downloaded/stm32cubeide_1.7.0/stm32cubeide/plugins/com.st.stm32cube.ide.mcu.externaltools.gnu-tools-for-stm32.9-2020-q2-update.win32_2.0.0.202105311346/tools/bin/../lib/gcc/arm-none-eabi/9.3.1/../../../../arm-none-eabi/lib/thumb/v7e-m+fp/hard\libc_nano.a(lib_a-findfp.o)
                0x000000000800c91c                __sfmoreglue
 .text.__sfp_lock_acquire
                0x000000000800c948        0xc e:/downloaded/stm32cubeide_1.7.0/stm32cubeide/plugins/com.st.stm32cube.ide.mcu.externaltools.gnu-tools-for-stm32.9-2020-q2-update.win32_2.0.0.202105311346/tools/bin/../lib/gcc/arm-none-eabi/9.3.1/../../../../arm-none-eabi/lib/thumb/v7e-m+fp/hard\libc_nano.a(lib_a-findfp.o)
                0x000000000800c948                __sfp_lock_acquire
 .text.__sfp_lock_release
                0x000000000800c954        0xc e:/downloaded/stm32cubeide_1.7.0/stm32cubeide/plugins/com.st.stm32cube.ide.mcu.externaltools.gnu-tools-for-stm32.9-2020-q2-update.win32_2.0.0.202105311346/tools/bin/../lib/gcc/arm-none-eabi/9.3.1/../../../../arm-none-eabi/lib/thumb/v7e-m+fp/hard\libc_nano.a(lib_a-findfp.o)
                0x000000000800c954                __sfp_lock_release
 .text.__sinit_lock_acquire
                0x000000000800c960        0xc e:/downloaded/stm32cubeide_1.7.0/stm32cubeide/plugins/com.st.stm32cube.ide.mcu.externaltools.gnu-tools-for-stm32.9-2020-q2-update.win32_2.0.0.202105311346/tools/bin/../lib/gcc/arm-none-eabi/9.3.1/../../../../arm-none-eabi/lib/thumb/v7e-m+fp/hard\libc_nano.a(lib_a-findfp.o)
                0x000000000800c960                __sinit_lock_acquire
 .text.__sinit_lock_release
                0x000000000800c96c        0xc e:/downloaded/stm32cubeide_1.7.0/stm32cubeide/plugins/com.st.stm32cube.ide.mcu.externaltools.gnu-tools-for-stm32.9-2020-q2-update.win32_2.0.0.202105311346/tools/bin/../lib/gcc/arm-none-eabi/9.3.1/../../../../arm-none-eabi/lib/thumb/v7e-m+fp/hard\libc_nano.a(lib_a-findfp.o)
                0x000000000800c96c                __sinit_lock_release
 .text.__sinit  0x000000000800c978       0x70 e:/downloaded/stm32cubeide_1.7.0/stm32cubeide/plugins/com.st.stm32cube.ide.mcu.externaltools.gnu-tools-for-stm32.9-2020-q2-update.win32_2.0.0.202105311346/tools/bin/../lib/gcc/arm-none-eabi/9.3.1/../../../../arm-none-eabi/lib/thumb/v7e-m+fp/hard\libc_nano.a(lib_a-findfp.o)
                0x000000000800c978                __sinit
 .text.__sfp    0x000000000800c9e8       0x8c e:/downloaded/stm32cubeide_1.7.0/stm32cubeide/plugins/com.st.stm32cube.ide.mcu.externaltools.gnu-tools-for-stm32.9-2020-q2-update.win32_2.0.0.202105311346/tools/bin/../lib/gcc/arm-none-eabi/9.3.1/../../../../arm-none-eabi/lib/thumb/v7e-m+fp/hard\libc_nano.a(lib_a-findfp.o)
                0x000000000800c9e8                __sfp
 .text._fwalk_reent
                0x000000000800ca74       0x3e e:/downloaded/stm32cubeide_1.7.0/stm32cubeide/plugins/com.st.stm32cube.ide.mcu.externaltools.gnu-tools-for-stm32.9-2020-q2-update.win32_2.0.0.202105311346/tools/bin/../lib/gcc/arm-none-eabi/9.3.1/../../../../arm-none-eabi/lib/thumb/v7e-m+fp/hard\libc_nano.a(lib_a-fwalk.o)
                0x000000000800ca74                _fwalk_reent
 .text.__retarget_lock_init_recursive
                0x000000000800cab2        0x2 e:/downloaded/stm32cubeide_1.7.0/stm32cubeide/plugins/com.st.stm32cube.ide.mcu.externaltools.gnu-tools-for-stm32.9-2020-q2-update.win32_2.0.0.202105311346/tools/bin/../lib/gcc/arm-none-eabi/9.3.1/../../../../arm-none-eabi/lib/thumb/v7e-m+fp/hard\libc_nano.a(lib_a-lock.o)
                0x000000000800cab2                __retarget_lock_init_recursive
 .text.__retarget_lock_acquire_recursive
                0x000000000800cab4        0x2 e:/downloaded/stm32cubeide_1.7.0/stm32cubeide/plugins/com.st.stm32cube.ide.mcu.externaltools.gnu-tools-for-stm32.9-2020-q2-update.win32_2.0.0.202105311346/tools/bin/../lib/gcc/arm-none-eabi/9.3.1/../../../../arm-none-eabi/lib/thumb/v7e-m+fp/hard\libc_nano.a(lib_a-lock.o)
                0x000000000800cab4                __retarget_lock_acquire_recursive
 .text.__retarget_lock_release_recursive
                0x000000000800cab6        0x2 e:/downloaded/stm32cubeide_1.7.0/stm32cubeide/plugins/com.st.stm32cube.ide.mcu.externaltools.gnu-tools-for-stm32.9-2020-q2-update.win32_2.0.0.202105311346/tools/bin/../lib/gcc/arm-none-eabi/9.3.1/../../../../arm-none-eabi/lib/thumb/v7e-m+fp/hard\libc_nano.a(lib_a-lock.o)
                0x000000000800cab6                __retarget_lock_release_recursive
 .text.__swhatbuf_r
                0x000000000800cab8       0x48 e:/downloaded/stm32cubeide_1.7.0/stm32cubeide/plugins/com.st.stm32cube.ide.mcu.externaltools.gnu-tools-for-stm32.9-2020-q2-update.win32_2.0.0.202105311346/tools/bin/../lib/gcc/arm-none-eabi/9.3.1/../../../../arm-none-eabi/lib/thumb/v7e-m+fp/hard\libc_nano.a(lib_a-makebuf.o)
                0x000000000800cab8                __swhatbuf_r
 .text.__smakebuf_r
                0x000000000800cb00       0x80 e:/downloaded/stm32cubeide_1.7.0/stm32cubeide/plugins/com.st.stm32cube.ide.mcu.externaltools.gnu-tools-for-stm32.9-2020-q2-update.win32_2.0.0.202105311346/tools/bin/../lib/gcc/arm-none-eabi/9.3.1/../../../../arm-none-eabi/lib/thumb/v7e-m+fp/hard\libc_nano.a(lib_a-makebuf.o)
                0x000000000800cb00                __smakebuf_r
 .text.memcpy   0x000000000800cb80       0x1c e:/downloaded/stm32cubeide_1.7.0/stm32cubeide/plugins/com.st.stm32cube.ide.mcu.externaltools.gnu-tools-for-stm32.9-2020-q2-update.win32_2.0.0.202105311346/tools/bin/../lib/gcc/arm-none-eabi/9.3.1/../../../../arm-none-eabi/lib/thumb/v7e-m+fp/hard\libc_nano.a(lib_a-memcpy-stub.o)
                0x000000000800cb80                memcpy
 .text.memmove  0x000000000800cb9c       0x34 e:/downloaded/stm32cubeide_1.7.0/stm32cubeide/plugins/com.st.stm32cube.ide.mcu.externaltools.gnu-tools-for-stm32.9-2020-q2-update.win32_2.0.0.202105311346/tools/bin/../lib/gcc/arm-none-eabi/9.3.1/../../../../arm-none-eabi/lib/thumb/v7e-m+fp/hard\libc_nano.a(lib_a-memmove.o)
                0x000000000800cb9c                memmove
 .text._realloc_r
                0x000000000800cbd0       0x4c e:/downloaded/stm32cubeide_1.7.0/stm32cubeide/plugins/com.st.stm32cube.ide.mcu.externaltools.gnu-tools-for-stm32.9-2020-q2-update.win32_2.0.0.202105311346/tools/bin/../lib/gcc/arm-none-eabi/9.3.1/../../../../arm-none-eabi/lib/thumb/v7e-m+fp/hard\libc_nano.a(lib_a-nano-reallocr.o)
                0x000000000800cbd0                _realloc_r
 .text._raise_r
                0x000000000800cc1c       0x50 e:/downloaded/stm32cubeide_1.7.0/stm32cubeide/plugins/com.st.stm32cube.ide.mcu.externaltools.gnu-tools-for-stm32.9-2020-q2-update.win32_2.0.0.202105311346/tools/bin/../lib/gcc/arm-none-eabi/9.3.1/../../../../arm-none-eabi/lib/thumb/v7e-m+fp/hard\libc_nano.a(lib_a-signal.o)
                0x000000000800cc1c                _raise_r
 .text.raise    0x000000000800cc6c       0x10 e:/downloaded/stm32cubeide_1.7.0/stm32cubeide/plugins/com.st.stm32cube.ide.mcu.externaltools.gnu-tools-for-stm32.9-2020-q2-update.win32_2.0.0.202105311346/tools/bin/../lib/gcc/arm-none-eabi/9.3.1/../../../../arm-none-eabi/lib/thumb/v7e-m+fp/hard\libc_nano.a(lib_a-signal.o)
                0x000000000800cc6c                raise
 .text._kill_r  0x000000000800cc7c       0x24 e:/downloaded/stm32cubeide_1.7.0/stm32cubeide/plugins/com.st.stm32cube.ide.mcu.externaltools.gnu-tools-for-stm32.9-2020-q2-update.win32_2.0.0.202105311346/tools/bin/../lib/gcc/arm-none-eabi/9.3.1/../../../../arm-none-eabi/lib/thumb/v7e-m+fp/hard\libc_nano.a(lib_a-signalr.o)
                0x000000000800cc7c                _kill_r
 .text._getpid_r
                0x000000000800cca0        0x4 e:/downloaded/stm32cubeide_1.7.0/stm32cubeide/plugins/com.st.stm32cube.ide.mcu.externaltools.gnu-tools-for-stm32.9-2020-q2-update.win32_2.0.0.202105311346/tools/bin/../lib/gcc/arm-none-eabi/9.3.1/../../../../arm-none-eabi/lib/thumb/v7e-m+fp/hard\libc_nano.a(lib_a-signalr.o)
                0x000000000800cca0                _getpid_r
 .text.__sread  0x000000000800cca4       0x22 e:/downloaded/stm32cubeide_1.7.0/stm32cubeide/plugins/com.st.stm32cube.ide.mcu.externaltools.gnu-tools-for-stm32.9-2020-q2-update.win32_2.0.0.202105311346/tools/bin/../lib/gcc/arm-none-eabi/9.3.1/../../../../arm-none-eabi/lib/thumb/v7e-m+fp/hard\libc_nano.a(lib_a-stdio.o)
                0x000000000800cca4                __sread
 .text.__swrite
                0x000000000800ccc6       0x38 e:/downloaded/stm32cubeide_1.7.0/stm32cubeide/plugins/com.st.stm32cube.ide.mcu.externaltools.gnu-tools-for-stm32.9-2020-q2-update.win32_2.0.0.202105311346/tools/bin/../lib/gcc/arm-none-eabi/9.3.1/../../../../arm-none-eabi/lib/thumb/v7e-m+fp/hard\libc_nano.a(lib_a-stdio.o)
                0x000000000800ccc6                __swrite
 .text.__sseek  0x000000000800ccfe       0x24 e:/downloaded/stm32cubeide_1.7.0/stm32cubeide/plugins/com.st.stm32cube.ide.mcu.externaltools.gnu-tools-for-stm32.9-2020-q2-update.win32_2.0.0.202105311346/tools/bin/../lib/gcc/arm-none-eabi/9.3.1/../../../../arm-none-eabi/lib/thumb/v7e-m+fp/hard\libc_nano.a(lib_a-stdio.o)
                0x000000000800ccfe                __sseek
 .text.__sclose
                0x000000000800cd22        0x8 e:/downloaded/stm32cubeide_1.7.0/stm32cubeide/plugins/com.st.stm32cube.ide.mcu.externaltools.gnu-tools-for-stm32.9-2020-q2-update.win32_2.0.0.202105311346/tools/bin/../lib/gcc/arm-none-eabi/9.3.1/../../../../arm-none-eabi/lib/thumb/v7e-m+fp/hard\libc_nano.a(lib_a-stdio.o)
                0x000000000800cd22                __sclose
 *fill*         0x000000000800cd2a        0x2 
 .text._write_r
                0x000000000800cd2c       0x24 e:/downloaded/stm32cubeide_1.7.0/stm32cubeide/plugins/com.st.stm32cube.ide.mcu.externaltools.gnu-tools-for-stm32.9-2020-q2-update.win32_2.0.0.202105311346/tools/bin/../lib/gcc/arm-none-eabi/9.3.1/../../../../arm-none-eabi/lib/thumb/v7e-m+fp/hard\libc_nano.a(lib_a-writer.o)
                0x000000000800cd2c                _write_r
 .text._close_r
                0x000000000800cd50       0x20 e:/downloaded/stm32cubeide_1.7.0/stm32cubeide/plugins/com.st.stm32cube.ide.mcu.externaltools.gnu-tools-for-stm32.9-2020-q2-update.win32_2.0.0.202105311346/tools/bin/../lib/gcc/arm-none-eabi/9.3.1/../../../../arm-none-eabi/lib/thumb/v7e-m+fp/hard\libc_nano.a(lib_a-closer.o)
                0x000000000800cd50                _close_r
 .text._fstat_r
                0x000000000800cd70       0x24 e:/downloaded/stm32cubeide_1.7.0/stm32cubeide/plugins/com.st.stm32cube.ide.mcu.externaltools.gnu-tools-for-stm32.9-2020-q2-update.win32_2.0.0.202105311346/tools/bin/../lib/gcc/arm-none-eabi/9.3.1/../../../../arm-none-eabi/lib/thumb/v7e-m+fp/hard\libc_nano.a(lib_a-fstatr.o)
                0x000000000800cd70                _fstat_r
 .text._isatty_r
                0x000000000800cd94       0x20 e:/downloaded/stm32cubeide_1.7.0/stm32cubeide/plugins/com.st.stm32cube.ide.mcu.externaltools.gnu-tools-for-stm32.9-2020-q2-update.win32_2.0.0.202105311346/tools/bin/../lib/gcc/arm-none-eabi/9.3.1/../../../../arm-none-eabi/lib/thumb/v7e-m+fp/hard\libc_nano.a(lib_a-isattyr.o)
                0x000000000800cd94                _isatty_r
 .text._lseek_r
                0x000000000800cdb4       0x24 e:/downloaded/stm32cubeide_1.7.0/stm32cubeide/plugins/com.st.stm32cube.ide.mcu.externaltools.gnu-tools-for-stm32.9-2020-q2-update.win32_2.0.0.202105311346/tools/bin/../lib/gcc/arm-none-eabi/9.3.1/../../../../arm-none-eabi/lib/thumb/v7e-m+fp/hard\libc_nano.a(lib_a-lseekr.o)
                0x000000000800cdb4                _lseek_r
 .text._malloc_usable_size_r
                0x000000000800cdd8       0x10 e:/downloaded/stm32cubeide_1.7.0/stm32cubeide/plugins/com.st.stm32cube.ide.mcu.externaltools.gnu-tools-for-stm32.9-2020-q2-update.win32_2.0.0.202105311346/tools/bin/../lib/gcc/arm-none-eabi/9.3.1/../../../../arm-none-eabi/lib/thumb/v7e-m+fp/hard\libc_nano.a(lib_a-nano-msizer.o)
                0x000000000800cdd8                _malloc_usable_size_r
 .text._read_r  0x000000000800cde8       0x24 e:/downloaded/stm32cubeide_1.7.0/stm32cubeide/plugins/com.st.stm32cube.ide.mcu.externaltools.gnu-tools-for-stm32.9-2020-q2-update.win32_2.0.0.202105311346/tools/bin/../lib/gcc/arm-none-eabi/9.3.1/../../../../arm-none-eabi/lib/thumb/v7e-m+fp/hard\libc_nano.a(lib_a-readr.o)
                0x000000000800cde8                _read_r
 .text.sqrt     0x000000000800ce0c       0x68 e:/downloaded/stm32cubeide_1.7.0/stm32cubeide/plugins/com.st.stm32cube.ide.mcu.externaltools.gnu-tools-for-stm32.9-2020-q2-update.win32_2.0.0.202105311346/tools/bin/../lib/gcc/arm-none-eabi/9.3.1/../../../../arm-none-eabi/lib/thumb/v7e-m+fp/hard\libm.a(lib_a-w_sqrt.o)
                0x000000000800ce0c                sqrt
 .text.__ieee754_sqrt
                0x000000000800ce74      0x168 e:/downloaded/stm32cubeide_1.7.0/stm32cubeide/plugins/com.st.stm32cube.ide.mcu.externaltools.gnu-tools-for-stm32.9-2020-q2-update.win32_2.0.0.202105311346/tools/bin/../lib/gcc/arm-none-eabi/9.3.1/../../../../arm-none-eabi/lib/thumb/v7e-m+fp/hard\libm.a(lib_a-e_sqrt.o)
                0x000000000800ce74                __ieee754_sqrt
 *(.glue_7)
 .glue_7        0x000000000800cfdc        0x0 linker stubs
 *(.glue_7t)
 .glue_7t       0x000000000800cfdc        0x0 linker stubs
 *(.eh_frame)
 .eh_frame      0x000000000800cfdc        0x0 e:/downloaded/stm32cubeide_1.7.0/stm32cubeide/plugins/com.st.stm32cube.ide.mcu.externaltools.gnu-tools-for-stm32.9-2020-q2-update.win32_2.0.0.202105311346/tools/bin/../lib/gcc/arm-none-eabi/9.3.1/thumb/v7e-m+fp/hard/crtbegin.o
 *(.init)
 .init          0x000000000800cfdc        0x4 e:/downloaded/stm32cubeide_1.7.0/stm32cubeide/plugins/com.st.stm32cube.ide.mcu.externaltools.gnu-tools-for-stm32.9-2020-q2-update.win32_2.0.0.202105311346/tools/bin/../lib/gcc/arm-none-eabi/9.3.1/thumb/v7e-m+fp/hard/crti.o
                0x000000000800cfdc                _init
 .init          0x000000000800cfe0        0x8 e:/downloaded/stm32cubeide_1.7.0/stm32cubeide/plugins/com.st.stm32cube.ide.mcu.externaltools.gnu-tools-for-stm32.9-2020-q2-update.win32_2.0.0.202105311346/tools/bin/../lib/gcc/arm-none-eabi/9.3.1/thumb/v7e-m+fp/hard/crtn.o
 *(.fini)
 .fini          0x000000000800cfe8        0x4 e:/downloaded/stm32cubeide_1.7.0/stm32cubeide/plugins/com.st.stm32cube.ide.mcu.externaltools.gnu-tools-for-stm32.9-2020-q2-update.win32_2.0.0.202105311346/tools/bin/../lib/gcc/arm-none-eabi/9.3.1/thumb/v7e-m+fp/hard/crti.o
                0x000000000800cfe8                _fini
 .fini          0x000000000800cfec        0x8 e:/downloaded/stm32cubeide_1.7.0/stm32cubeide/plugins/com.st.stm32cube.ide.mcu.externaltools.gnu-tools-for-stm32.9-2020-q2-update.win32_2.0.0.202105311346/tools/bin/../lib/gcc/arm-none-eabi/9.3.1/thumb/v7e-m+fp/hard/crtn.o
                0x000000000800cff4                . = ALIGN (0x4)
                0x000000000800cff4                _etext = .

.vfp11_veneer   0x000000000800cff4        0x0
 .vfp11_veneer  0x000000000800cff4        0x0 linker stubs

.v4_bx          0x000000000800cff4        0x0
 .v4_bx         0x000000000800cff4        0x0 linker stubs

.iplt           0x000000000800cff4        0x0
 .iplt          0x000000000800cff4        0x0 e:/downloaded/stm32cubeide_1.7.0/stm32cubeide/plugins/com.st.stm32cube.ide.mcu.externaltools.gnu-tools-for-stm32.9-2020-q2-update.win32_2.0.0.202105311346/tools/bin/../lib/gcc/arm-none-eabi/9.3.1/thumb/v7e-m+fp/hard/crtbegin.o

.rodata         0x000000000800cff4     0x34ac
                0x000000000800cff4                . = ALIGN (0x4)
 *(.rodata)
 .rodata        0x000000000800cff4       0xd4 ./Core/Src/fsm.o
 .rodata        0x000000000800d0c8       0xfe ./Core/Src/main.o
 *fill*         0x000000000800d1c6        0x2 
 .rodata        0x000000000800d1c8      0x10b ./Core/Src/screen.o
 *fill*         0x000000000800d2d3        0x1 
 .rodata        0x000000000800d2d4       0xe0 ./Core/Src/touch.o
 *(.rodata*)
 .rodata.ascii_1608
                0x000000000800d3b4      0x5f0 ./Core/Src/lcd.o
                0x000000000800d3b4                ascii_1608
 .rodata.ascii_2412
                0x000000000800d9a4     0x11d0 ./Core/Src/lcd.o
                0x000000000800d9a4                ascii_2412
 .rodata.ascii_3216
                0x000000000800eb74     0x17c0 ./Core/Src/lcd.o
                0x000000000800eb74                ascii_3216
 .rodata.AHBPrescTable
                0x0000000008010334       0x10 ./Core/Src/system_stm32f4xx.o
                0x0000000008010334                AHBPrescTable
 .rodata.APBPrescTable
                0x0000000008010344        0x8 ./Core/Src/system_stm32f4xx.o
                0x0000000008010344                APBPrescTable
 .rodata.flagBitshiftOffset.9376
                0x000000000801034c        0x8 ./Drivers/STM32F4xx_HAL_Driver/Src/stm32f4xx_hal_dma.o
 .rodata._global_impure_ptr
                0x0000000008010354        0x4 e:/downloaded/stm32cubeide_1.7.0/stm32cubeide/plugins/com.st.stm32cube.ide.mcu.externaltools.gnu-tools-for-stm32.9-2020-q2-update.win32_2.0.0.202105311346/tools/bin/../lib/gcc/arm-none-eabi/9.3.1/../../../../arm-none-eabi/lib/thumb/v7e-m+fp/hard\libc_nano.a(lib_a-impure.o)
                0x0000000008010354                _global_impure_ptr
 .rodata.srand.str1.1
                0x0000000008010358       0x76 e:/downloaded/stm32cubeide_1.7.0/stm32cubeide/plugins/com.st.stm32cube.ide.mcu.externaltools.gnu-tools-for-stm32.9-2020-q2-update.win32_2.0.0.202105311346/tools/bin/../lib/gcc/arm-none-eabi/9.3.1/../../../../arm-none-eabi/lib/thumb/v7e-m+fp/hard\libc_nano.a(lib_a-rand.o)
 .rodata.__assert_func.str1.1
                0x00000000080103ce       0x3c e:/downloaded/stm32cubeide_1.7.0/stm32cubeide/plugins/com.st.stm32cube.ide.mcu.externaltools.gnu-tools-for-stm32.9-2020-q2-update.win32_2.0.0.202105311346/tools/bin/../lib/gcc/arm-none-eabi/9.3.1/../../../../arm-none-eabi/lib/thumb/v7e-m+fp/hard\libc_nano.a(lib_a-assert.o)
                                         0x3d (size before relaxing)
 .rodata._svfprintf_r.str1.1
                0x000000000801040a       0x11 e:/downloaded/stm32cubeide_1.7.0/stm32cubeide/plugins/com.st.stm32cube.ide.mcu.externaltools.gnu-tools-for-stm32.9-2020-q2-update.win32_2.0.0.202105311346/tools/bin/../lib/gcc/arm-none-eabi/9.3.1/../../../../arm-none-eabi/lib/thumb/v7e-m+fp/hard\libc_nano.a(lib_a-nano-svfprintf.o)
 .rodata._vfprintf_r.str1.1
                0x000000000801041b       0x11 e:/downloaded/stm32cubeide_1.7.0/stm32cubeide/plugins/com.st.stm32cube.ide.mcu.externaltools.gnu-tools-for-stm32.9-2020-q2-update.win32_2.0.0.202105311346/tools/bin/../lib/gcc/arm-none-eabi/9.3.1/../../../../arm-none-eabi/lib/thumb/v7e-m+fp/hard\libc_nano.a(lib_a-nano-vfprintf.o)
 .rodata._printf_i.str1.1
                0x000000000801041b       0x22 e:/downloaded/stm32cubeide_1.7.0/stm32cubeide/plugins/com.st.stm32cube.ide.mcu.externaltools.gnu-tools-for-stm32.9-2020-q2-update.win32_2.0.0.202105311346/tools/bin/../lib/gcc/arm-none-eabi/9.3.1/../../../../arm-none-eabi/lib/thumb/v7e-m+fp/hard\libc_nano.a(lib_a-nano-vfprintf_i.o)
 *fill*         0x000000000801043d        0x3 
 .rodata.__sf_fake_stderr
                0x0000000008010440       0x20 e:/downloaded/stm32cubeide_1.7.0/stm32cubeide/plugins/com.st.stm32cube.ide.mcu.externaltools.gnu-tools-for-stm32.9-2020-q2-update.win32_2.0.0.202105311346/tools/bin/../lib/gcc/arm-none-eabi/9.3.1/../../../../arm-none-eabi/lib/thumb/v7e-m+fp/hard\libc_nano.a(lib_a-findfp.o)
                0x0000000008010440                __sf_fake_stderr
 .rodata.__sf_fake_stdin
                0x0000000008010460       0x20 e:/downloaded/stm32cubeide_1.7.0/stm32cubeide/plugins/com.st.stm32cube.ide.mcu.externaltools.gnu-tools-for-stm32.9-2020-q2-update.win32_2.0.0.202105311346/tools/bin/../lib/gcc/arm-none-eabi/9.3.1/../../../../arm-none-eabi/lib/thumb/v7e-m+fp/hard\libc_nano.a(lib_a-findfp.o)
                0x0000000008010460                __sf_fake_stdin
 .rodata.__sf_fake_stdout
                0x0000000008010480       0x20 e:/downloaded/stm32cubeide_1.7.0/stm32cubeide/plugins/com.st.stm32cube.ide.mcu.externaltools.gnu-tools-for-stm32.9-2020-q2-update.win32_2.0.0.202105311346/tools/bin/../lib/gcc/arm-none-eabi/9.3.1/../../../../arm-none-eabi/lib/thumb/v7e-m+fp/hard\libc_nano.a(lib_a-findfp.o)
                0x0000000008010480                __sf_fake_stdout
                0x00000000080104a0                . = ALIGN (0x4)

.ARM.extab      0x00000000080104a0        0x0
                0x00000000080104a0                . = ALIGN (0x4)
 *(.ARM.extab* .gnu.linkonce.armextab.*)
                0x00000000080104a0                . = ALIGN (0x4)

.ARM            0x00000000080104a0        0x8
                0x00000000080104a0                . = ALIGN (0x4)
                0x00000000080104a0                __exidx_start = .
 *(.ARM.exidx*)
 .ARM.exidx     0x00000000080104a0        0x8 e:/downloaded/stm32cubeide_1.7.0/stm32cubeide/plugins/com.st.stm32cube.ide.mcu.externaltools.gnu-tools-for-stm32.9-2020-q2-update.win32_2.0.0.202105311346/tools/bin/../lib/gcc/arm-none-eabi/9.3.1/thumb/v7e-m+fp/hard\libgcc.a(_udivmoddi4.o)
                0x00000000080104a8                __exidx_end = .
                0x00000000080104a8                . = ALIGN (0x4)

.rel.dyn        0x00000000080104a8        0x0
 .rel.iplt      0x00000000080104a8        0x0 e:/downloaded/stm32cubeide_1.7.0/stm32cubeide/plugins/com.st.stm32cube.ide.mcu.externaltools.gnu-tools-for-stm32.9-2020-q2-update.win32_2.0.0.202105311346/tools/bin/../lib/gcc/arm-none-eabi/9.3.1/thumb/v7e-m+fp/hard/crtbegin.o

.preinit_array  0x00000000080104a8        0x0
                0x00000000080104a8                . = ALIGN (0x4)
                0x00000000080104a8                PROVIDE (__preinit_array_start = .)
 *(.preinit_array*)
                0x00000000080104a8                PROVIDE (__preinit_array_end = .)
                0x00000000080104a8                . = ALIGN (0x4)

.init_array     0x00000000080104a8        0x4
                0x00000000080104a8                . = ALIGN (0x4)
                0x00000000080104a8                PROVIDE (__init_array_start = .)
 *(SORT_BY_NAME(.init_array.*))
 *(.init_array*)
 .init_array    0x00000000080104a8        0x4 e:/downloaded/stm32cubeide_1.7.0/stm32cubeide/plugins/com.st.stm32cube.ide.mcu.externaltools.gnu-tools-for-stm32.9-2020-q2-update.win32_2.0.0.202105311346/tools/bin/../lib/gcc/arm-none-eabi/9.3.1/thumb/v7e-m+fp/hard/crtbegin.o
                0x00000000080104ac                PROVIDE (__init_array_end = .)
                0x00000000080104ac                . = ALIGN (0x4)

.fini_array     0x00000000080104ac        0x4
                0x00000000080104ac                . = ALIGN (0x4)
                [!provide]                        PROVIDE (__fini_array_start = .)
 *(SORT_BY_NAME(.fini_array.*))
 *(.fini_array*)
 .fini_array    0x00000000080104ac        0x4 e:/downloaded/stm32cubeide_1.7.0/stm32cubeide/plugins/com.st.stm32cube.ide.mcu.externaltools.gnu-tools-for-stm32.9-2020-q2-update.win32_2.0.0.202105311346/tools/bin/../lib/gcc/arm-none-eabi/9.3.1/thumb/v7e-m+fp/hard/crtbegin.o
                [!provide]                        PROVIDE (__fini_array_end = .)
                0x00000000080104b0                . = ALIGN (0x4)
                0x00000000080104b0                _sidata = LOADADDR (.data)

.data           0x0000000020000000       0xe4 load address 0x00000000080104b0
                0x0000000020000000                . = ALIGN (0x4)
                0x0000000020000000                _sdata = .
 *(.data)
 *(.data*)
 .data.speed    0x0000000020000000        0x4 ./Core/Src/fsm.o
                0x0000000020000000                speed
 .data.sec      0x0000000020000004        0x1 ./Core/Src/fsm.o
                0x0000000020000004                sec
 *fill*         0x0000000020000005        0x3 
 .data.countdown
                0x0000000020000008        0x4 ./Core/Src/fsm.o
                0x0000000020000008                countdown
 .data.led7seg  0x000000002000000c        0x4 ./Core/Src/led_7seg.o
                0x000000002000000c                led7seg
 .data.arrayOfNum
                0x0000000020000010        0xa ./Core/Src/led_7seg.o
                0x0000000020000010                arrayOfNum
 .data.spi_buffer
                0x000000002000001a        0x2 ./Core/Src/led_7seg.o
                0x000000002000001a                spi_buffer
 .data.size_of_snake
                0x000000002000001c        0x4 ./Core/Src/snake.o
                0x000000002000001c                size_of_snake
 .data.snake_speed
                0x0000000020000020        0x8 ./Core/Src/snake.o
                0x0000000020000020                snake_speed
 .data.sw_up    0x0000000020000028        0x4 ./Core/Src/snake.o
                0x0000000020000028                sw_up
 .data.sw_down  0x000000002000002c        0x4 ./Core/Src/snake.o
                0x000000002000002c                sw_down
 .data.sw_right
                0x0000000020000030        0x4 ./Core/Src/snake.o
                0x0000000020000030                sw_right
 .data.sw_left  0x0000000020000034        0x4 ./Core/Src/snake.o
                0x0000000020000034                sw_left
 .data.SystemCoreClock
                0x0000000020000038        0x4 ./Core/Src/system_stm32f4xx.o
                0x0000000020000038                SystemCoreClock
 .data.tp_dev   0x000000002000003c       0x34 ./Core/Src/touch.o
                0x000000002000003c                tp_dev
 .data.CMD_RDX  0x0000000020000070        0x1 ./Core/Src/touch.o
                0x0000000020000070                CMD_RDX
 .data.CMD_RDY  0x0000000020000071        0x1 ./Core/Src/touch.o
                0x0000000020000071                CMD_RDY
 *fill*         0x0000000020000072        0x2 
 .data.uwTickPrio
                0x0000000020000074        0x4 ./Drivers/STM32F4xx_HAL_Driver/Src/stm32f4xx_hal.o
                0x0000000020000074                uwTickPrio
 .data.uwTickFreq
                0x0000000020000078        0x1 ./Drivers/STM32F4xx_HAL_Driver/Src/stm32f4xx_hal.o
                0x0000000020000078                uwTickFreq
 *fill*         0x0000000020000079        0x3 
 .data._impure_ptr
                0x000000002000007c        0x4 e:/downloaded/stm32cubeide_1.7.0/stm32cubeide/plugins/com.st.stm32cube.ide.mcu.externaltools.gnu-tools-for-stm32.9-2020-q2-update.win32_2.0.0.202105311346/tools/bin/../lib/gcc/arm-none-eabi/9.3.1/../../../../arm-none-eabi/lib/thumb/v7e-m+fp/hard\libc_nano.a(lib_a-impure.o)
                0x000000002000007c                _impure_ptr
 .data.impure_data
                0x0000000020000080       0x60 e:/downloaded/stm32cubeide_1.7.0/stm32cubeide/plugins/com.st.stm32cube.ide.mcu.externaltools.gnu-tools-for-stm32.9-2020-q2-update.win32_2.0.0.202105311346/tools/bin/../lib/gcc/arm-none-eabi/9.3.1/../../../../arm-none-eabi/lib/thumb/v7e-m+fp/hard\libc_nano.a(lib_a-impure.o)
 .data.__fdlib_version
                0x00000000200000e0        0x1 e:/downloaded/stm32cubeide_1.7.0/stm32cubeide/plugins/com.st.stm32cube.ide.mcu.externaltools.gnu-tools-for-stm32.9-2020-q2-update.win32_2.0.0.202105311346/tools/bin/../lib/gcc/arm-none-eabi/9.3.1/../../../../arm-none-eabi/lib/thumb/v7e-m+fp/hard\libm.a(lib_a-s_lib_ver.o)
                0x00000000200000e0                __fdlib_version
 *(.RamFunc)
 *(.RamFunc*)
                0x00000000200000e4                . = ALIGN (0x4)
 *fill*         0x00000000200000e1        0x3 
                0x00000000200000e4                _edata = .
                0x0000000008010594                _siccmram = LOADADDR (.ccmram)

.igot.plt       0x00000000200000e4        0x0 load address 0x0000000008010594
 .igot.plt      0x00000000200000e4        0x0 e:/downloaded/stm32cubeide_1.7.0/stm32cubeide/plugins/com.st.stm32cube.ide.mcu.externaltools.gnu-tools-for-stm32.9-2020-q2-update.win32_2.0.0.202105311346/tools/bin/../lib/gcc/arm-none-eabi/9.3.1/thumb/v7e-m+fp/hard/crtbegin.o

.ccmram         0x0000000010000000        0x0 load address 0x0000000008010594
                0x0000000010000000                . = ALIGN (0x4)
                0x0000000010000000                _sccmram = .
 *(.ccmram)
 *(.ccmram*)
                0x0000000010000000                . = ALIGN (0x4)
                0x0000000010000000                _eccmram = .
                0x0000000010000000                . = ALIGN (0x4)
