main.c:97:5:main	8	static
main.c:162:6:SystemClock_Config	88	static
main.c:203:6:system_init	8	static
main.c:218:6:test_LedDebug	8	static
main.c:225:6:test_button	32	static
main.c:235:6:test_lcd	24	static
main.c:244:6:test_Uart	8	static
main.c:255:9:isButtonUp	4	static
main.c:260:9:isButtonUp2s	4	static
main.c:269:9:isButtonDown	4	static
main.c:282:6:display_lcd	24	static
main.c:312:6:updateTime	8	static
main.c:330:6:displaySec	32	static
main.c:345:6:displayMin	32	static
main.c:360:6:displayHour	32	static
main.c:376:6:displayDay	32	static
main.c:391:6:displayDate	32	static
main.c:406:6:displayMonth	32	static
main.c:421:6:displayYear	32	static
main.c:436:6:editTime	40	static
main.c:447:6:displayTime	24	static
main.c:457:6:adjustTime	8	static
main.c:520:6:setTimer	8	static
main.c:566:6:clock_mode	16	static
main.c:603:6:checkAlarm	24	static
main.c:619:6:update_time	144	static
main.c:694:6:Error_Handler	4	static,ignoring_inline_asm
