main.c:91:5:main	8	static
main.c:152:6:SystemClock_Config	88	static
main.c:193:6:system_init	8	static
main.c:205:6:test_LedDebug	8	static
main.c:212:6:test_7seg	8	static
main.c:227:6:test_button	32	static
main.c:235:6:test_lcd	24	static
main.c:244:9:isButtonUp	4	static
main.c:249:9:isButtonUp2s	4	static
main.c:258:9:isButtonDown	4	static
main.c:265:6:display_lcd	24	static
main.c:290:6:updateTime	8	static
main.c:308:6:blinkTime	40	static
main.c:319:6:editTime	40	static
main.c:330:6:displayTime	24	static
main.c:340:6:adjustTime	40	static
main.c:426:6:setTimer	40	static
main.c:459:6:clock_mode	16	static
main.c:494:6:checkAlarm	24	static
main.c:509:6:Error_Handler	4	static,ignoring_inline_asm
